Archive member included to satisfy reference by file (symbol)

C:/DevKitPro/libctru/lib\libctru.a(console.o)
                              main.o (consoleInit)
C:/DevKitPro/libctru/lib\libctru.a(gfx.o)
                              C:/DevKitPro/libctru/lib\libctru.a(console.o) (gfxIsWide)
C:/DevKitPro/libctru/lib\libctru.a(apt.o)
                              main.o (aptMainLoop)
C:/DevKitPro/libctru/lib\libctru.a(gspgpu.o)
                              C:/DevKitPro/libctru/lib\libctru.a(gfx.o) (gspInit)
C:/DevKitPro/libctru/lib\libctru.a(hid.o)
                              main.o (hidScanInput)
C:/DevKitPro/libctru/lib\libctru.a(irrst.o)
                              C:/DevKitPro/libctru/lib\libctru.a(hid.o) (irrstInit)
C:/DevKitPro/libctru/lib\libctru.a(soc_accept.o)
                              main.o (accept)
C:/DevKitPro/libctru/lib\libctru.a(soc_bind.o)
                              main.o (bind)
C:/DevKitPro/libctru/lib\libctru.a(soc_common.o)
                              C:/DevKitPro/libctru/lib\libctru.a(soc_accept.o) (_net_convert_error)
C:/DevKitPro/libctru/lib\libctru.a(soc_connect.o)
                              main.o (connect)
C:/DevKitPro/libctru/lib\libctru.a(soc_fcntl.o)
                              main.o (fcntl)
C:/DevKitPro/libctru/lib\libctru.a(soc_gethostid.o)
                              main.o (gethostid)
C:/DevKitPro/libctru/lib\libctru.a(soc_inet_ntoa.o)
                              main.o (inet_ntoa)
C:/DevKitPro/libctru/lib\libctru.a(soc_init.o)
                              main.o (socInit)
C:/DevKitPro/libctru/lib\libctru.a(soc_listen.o)
                              main.o (listen)
C:/DevKitPro/libctru/lib\libctru.a(soc_recvfrom.o)
                              C:/DevKitPro/libctru/lib\libctru.a(soc_init.o) (soc_recvfrom)
C:/DevKitPro/libctru/lib\libctru.a(soc_send.o)
                              main.o (send)
C:/DevKitPro/libctru/lib\libctru.a(soc_sendto.o)
                              C:/DevKitPro/libctru/lib\libctru.a(soc_init.o) (soc_sendto)
C:/DevKitPro/libctru/lib\libctru.a(soc_shutdown.o)
                              main.o (shutdown)
C:/DevKitPro/libctru/lib\libctru.a(soc_socket.o)
                              main.o (socket)
C:/DevKitPro/libctru/lib\libctru.a(ctru_init.o)
                              C:/DevKitPro/libctru/lib\libctru.a(apt.o) (__system_retAddr)
C:/DevKitPro/libctru/lib\libctru.a(initArgv.o)
                              C:/DevKitPro/libctru/lib\libctru.a(ctru_init.o) (__system_initArgv)
C:/DevKitPro/libctru/lib\libctru.a(syscalls.o)
                              C:/DevKitPro/libctru/lib\libctru.a(ctru_init.o) (__system_initSyscalls)
C:/DevKitPro/libctru/lib\libctru.a(svc.o)
                              C:/DevKitPro/libctru/lib\libctru.a(apt.o) (svcSleepThread)
C:/DevKitPro/libctru/lib\libctru.a(stack_adjust.o)
                              C:/DevKitPro/devkitARM/bin/../lib/gcc/arm-none-eabi/15.1.0/../../../../arm-none-eabi/lib/armv6k/fpu/3dsx_crt0.o (initSystem)
C:/DevKitPro/libctru/lib\libctru.a(default_font.bin.o)
                              C:/DevKitPro/libctru/lib\libctru.a(console.o) (default_font_bin)
C:/DevKitPro/libctru/lib\libctru.a(linear.o)
                              C:/DevKitPro/libctru/lib\libctru.a(gfx.o) (linearAlloc)
C:/DevKitPro/libctru/lib\libctru.a(mem_pool.o)
                              C:/DevKitPro/libctru/lib\libctru.a(linear.o) (MemPool::Allocate(MemChunk&, unsigned long, int))
C:/DevKitPro/libctru/lib\libctru.a(vram.o)
                              C:/DevKitPro/libctru/lib\libctru.a(gfx.o) (vramAlloc)
C:/DevKitPro/libctru/lib\libctru.a(3dslink.o)
                              C:/DevKitPro/libctru/lib\libctru.a(initArgv.o) (__3dslink_host)
C:/DevKitPro/libctru/lib\libctru.a(env.o)
                              C:/DevKitPro/libctru/lib\libctru.a(irrst.o) (envGetHandle)
C:/DevKitPro/libctru/lib\libctru.a(os.o)
                              C:/DevKitPro/libctru/lib\libctru.a(syscalls.o) (osGetTime)
C:/DevKitPro/libctru/lib\libctru.a(srv.o)
                              C:/DevKitPro/libctru/lib\libctru.a(apt.o) (srvInit)
C:/DevKitPro/libctru/lib\libctru.a(synchronization.o)
                              C:/DevKitPro/libctru/lib\libctru.a(ctru_init.o) (__sync_init)
C:/DevKitPro/libctru/lib\libctru.a(thread.o)
                              C:/DevKitPro/libctru/lib\libctru.a(apt.o) (threadCreate)
C:/DevKitPro/libctru/lib\libctru.a(mappable.o)
                              C:/DevKitPro/libctru/lib\libctru.a(apt.o) (mappableAlloc)
C:/DevKitPro/libctru/lib\libctru.a(ptmsysm.o)
                              C:/DevKitPro/libctru/lib\libctru.a(os.o) (ptmSysmInit)
C:/DevKitPro/libctru/lib\libctru.a(srvpm.o)
                              C:/DevKitPro/libctru/lib\libctru.a(srv.o) (srvPmGetSessionHandle)
C:/DevKitPro/libctru/lib\libctru.a(rbtree_find.o)
                              C:/DevKitPro/libctru/lib\libctru.a(linear.o) (rbtree_find)
C:/DevKitPro/libctru/lib\libctru.a(rbtree_init.o)
[...]
Memory Configuration

Name             Origin             Length             Attributes
*default*        0x00000000         0xffffffff

Linker script and memory map

                0x00000000                        __sync_synchronize = __sync_synchronize_dmb
                0x00100000                        PROVIDE (__start__ = 0x100000)
                0x00100000                        . = __start__

.text           0x00100000    0x1da38
 *(.crt0)
 .crt0          0x00100000       0x94 C:/DevKitPro/devkitARM/bin/../lib/gcc/arm-none-eabi/15.1.0/../../../../arm-none-eabi/lib/armv6k/fpu/3dsx_crt0.o
                0x00100000                _start
                0x00100008                __service_ptr
                0x0010000c                __apt_appid
                0x00100010                __heap_size
                0x00100014                __linear_heap_size
                0x00100018                __system_arglist
                0x0010001c                __system_runflags
 *(.init)
 .init          0x00100094        0xc C:/DevKitPro/devkitARM/bin/../lib/gcc/arm-none-eabi/15.1.0/armv6k/fpu/crti.o
                0x00100094                _init
 .init          0x001000a0        0xc C:/DevKitPro/devkitARM/bin/../lib/gcc/arm-none-eabi/15.1.0/armv6k/fpu/crtn.o
                0x001000ac                        . = ALIGN (0x4)
 *(.text)
 .text          0x001000ac      0x240 C:/DevKitPro/devkitARM/bin/../lib/gcc/arm-none-eabi/15.1.0/armv6k/fpu\libgcc.a(_divsi3.o)
                0x001000ac                __divsi3
                0x001000ac                __aeabi_idiv
                0x001002cc                __aeabi_idivmod
 .text          0x001002ec        0x4 C:/DevKitPro/devkitARM/bin/../lib/gcc/arm-none-eabi/15.1.0/armv6k/fpu\libgcc.a(_dvmd_tls.o)
                0x001002ec                __aeabi_idiv0
                0x001002ec                __aeabi_ldiv0
 .text          0x001002f0       0x3c C:/DevKitPro/devkitARM/bin/../lib/gcc/arm-none-eabi/15.1.0/armv6k/fpu\libgcc.a(_aeabi_uldivmod.o)
                0x001002f0                __aeabi_uldivmod
 *fill*         0x0010032c       0x14 
 .text          0x00100340      0x390 C:/DevKitPro/devkitARM/bin/../lib/gcc/arm-none-eabi/15.1.0/../../../../arm-none-eabi/lib/armv6k/fpu\libg.a(libc_a-strcmp.o)
                0x00100348                strcmp
 .text          0x001006d0      0x20c C:/DevKitPro/devkitARM/bin/../lib/gcc/arm-none-eabi/15.1.0/armv6k/fpu\libgcc.a(_udivsi3.o)
                0x001006d0                __aeabi_uidiv
                0x001006d0                __udivsi3
                0x001008bc                __aeabi_uidivmod
 *(.text.*)
 .text.__do_global_dtors_aux
                0x001008dc       0x50 C:/DevKitPro/devkitARM/bin/../lib/gcc/arm-none-eabi/15.1.0/armv6k/fpu/crtbegin.o
 .text.frame_dummy
                0x0010092c       0x2c C:/DevKitPro/devkitARM/bin/../lib/gcc/arm-none-eabi/15.1.0/armv6k/fpu/crtbegin.o
 .text.hot.ConvertToAppFlag
                0x00100958       0x54 FlagStructData.o
                0x00100958                ConvertToAppFlag
 .text.socShutdown
                0x001009ac       0x18 main.o
                0x001009ac                socShutdown
 .text.failExit
                0x001009c4       0xa4 main.o
                0x001009c4                failExit
 .text.PrintWarning
                0x00100a68       0x70 main.o
                0x00100a68                PrintWarning
 .text.startup.main
                0x00100ad8      0x5cc main.o
                0x00100ad8                main
 .text.consoleDrawChar
                0x001010a4      0x1c8 C:/DevKitPro/libctru/lib\libctru.a(console.o)
                0x001010a4                consoleDrawChar
 .text.consolePrintChar
                0x0010126c      0x170 C:/DevKitPro/libctru/lib\libctru.a(console.o)
                0x0010126c                consolePrintChar
 .text.con_write
                0x001013dc      0xc40 C:/DevKitPro/libctru/lib\libctru.a(console.o)
                0x001013dc                con_write
 .text.newRow   0x0010201c      0x110 C:/DevKitPro/libctru/lib\libctru.a(console.o)
 .text.consoleInit
                0x0010212c      0x180 C:/DevKitPro/libctru/lib\libctru.a(console.o)
                0x0010212c                consoleInit
 .text.gfxPresentFramebuffer
                0x001022ac       0xcc C:/DevKitPro/libctru/lib\libctru.a(gfx.o)
 .text.gfxIsWide
                0x00102378       0x1c C:/DevKitPro/libctru/lib\libctru.a(gfx.o)
                0x00102378                gfxIsWide
 .text.gfxSetScreenFormat
                0x00102394       0xf8 C:/DevKitPro/libctru/lib\libctru.a(gfx.o)
                0x00102394                gfxSetScreenFormat
 .text.gfxSetDoubleBuffering
                0x0010248c       0x10 C:/DevKitPro/libctru/lib\libctru.a(gfx.o)
                0x0010248c                gfxSetDoubleBuffering
 .text.gfxInit  0x0010249c       0xd8 C:/DevKitPro/libctru/lib\libctru.a(gfx.o)
                0x0010249c                gfxInit
 .text.gfxInitDefault
                0x00102574       0x10 C:/DevKitPro/libctru/lib\libctru.a(gfx.o)
                0x00102574                gfxInitDefault
 .text.gfxExit  0x00102584       0xb8 C:/DevKitPro/libctru/lib\libctru.a(gfx.o)
                0x00102584                gfxExit
 .text.gfxGetFramebuffer
                0x0010263c       0xa0 C:/DevKitPro/libctru/lib\libctru.a(gfx.o)
                0x0010263c                gfxGetFramebuffer
 .text.gfxFlushBuffers
                0x001026dc      0x100 C:/DevKitPro/libctru/lib\libctru.a(gfx.o)
                0x001026dc                gfxFlushBuffers
 .text.gfxSwapBuffers
                0x001027dc       0x50 C:/DevKitPro/libctru/lib\libctru.a(gfx.o)
                0x001027dc                gfxSwapBuffers
 .text.gfxSwapBuffersGpu
                0x0010282c       0x50 C:/DevKitPro/libctru/lib\libctru.a(gfx.o)
                0x0010282c                gfxSwapBuffersGpu
 .text.aptConvertScreenForCapture
                0x0010287c      0x180 C:/DevKitPro/libctru/lib\libctru.a(apt.o)
 .text.aptDspSleep
                0x001029fc        0x8 C:/DevKitPro/libctru/lib\libctru.a(apt.o)
                0x001029fc                aptDspSleep
 .text.aptDspWakeup
                0x00102a04        0x4 C:/DevKitPro/libctru/lib\libctru.a(apt.o)
                0x00102a04                aptDspWakeup
 .text.aptDspCancel
                0x00102a08        0x4 C:/DevKitPro/libctru/lib\libctru.a(apt.o)
                0x00102a08                aptDspCancel
 .text.aptSendCommand
                0x00102a0c      0x138 C:/DevKitPro/libctru/lib\libctru.a(apt.o)
                0x00102a0c                aptSendCommand
 *fill*         0x00102b44        0x4 
 .text.aptExitProcess
                0x00102b48       0x44 C:/DevKitPro/libctru/lib\libctru.a(apt.o)
 .text.aptExit  0x00102b8c      0x394 C:/DevKitPro/libctru/lib\libctru.a(apt.o)
                0x00102b8c                aptExit
 .text.aptHandleSleep
                0x00102f20       0xd8 C:/DevKitPro/libctru/lib\libctru.a(apt.o)
                0x00102f20                aptHandleSleep
 .text.APT_SleepIfShellClosed
                0x00102ff8       0x84 C:/DevKitPro/libctru/lib\libctru.a(apt.o)
                0x00102ff8                APT_SleepIfShellClosed
 .text.aptSetSleepAllowed
                0x0010307c       0x78 C:/DevKitPro/libctru/lib\libctru.a(apt.o)
                0x0010307c                aptSetSleepAllowed
 .text.APT_UnlockTransition
                0x001030f4       0x84 C:/DevKitPro/libctru/lib\libctru.a(apt.o)
                0x001030f4                APT_UnlockTransition
 .text.aptEventHandler
                0x00103178      0x470 C:/DevKitPro/libctru/lib\libctru.a(apt.o)
 .text.APT_ReceiveParameter
                0x001035e8       0xbc C:/DevKitPro/libctru/lib\libctru.a(apt.o)
                0x001035e8                APT_ReceiveParameter
 .text.aptReceiveParameter.constprop.0
                0x001036a4       0xb0 C:/DevKitPro/libctru/lib\libctru.a(apt.o)
 *fill*         0x00103754        0x4 
 .text.aptScreenTransfer
                0x00103758      0x294 C:/DevKitPro/libctru/lib\libctru.a(apt.o)
 .text.aptWaitForWakeUp.isra.0
                0x001039ec      0x2d0 C:/DevKitPro/libctru/lib\libctru.a(apt.o)
 .text.aptJumpToHomeMenu
                0x00103cbc       0xf4 C:/DevKitPro/libctru/lib\libctru.a(apt.o)
                0x00103cbc                aptJumpToHomeMenu
 .text.aptMainLoop
                0x00103db0       0x58 C:/DevKitPro/libctru/lib\libctru.a(apt.o)
                0x00103db0                aptMainLoop
 .text.aptInit  0x00103e08      0x240 C:/DevKitPro/libctru/lib\libctru.a(apt.o)
                0x00103e08                aptInit
 .text.APT_CheckNew3DS
                0x00104048       0x90 C:/DevKitPro/libctru/lib\libctru.a(apt.o)
                0x00104048                APT_CheckNew3DS
 .text.gspHardwareInit
                0x001040d8      0xc70 C:/DevKitPro/libctru/lib\libctru.a(gspgpu.o)
 .text.gspInit  0x00104d48      0x280 C:/DevKitPro/libctru/lib\libctru.a(gspgpu.o)
                0x00104d48                gspInit
 .text.gspExit  0x00104fc8      0x110 C:/DevKitPro/libctru/lib\libctru.a(gspgpu.o)
                0x00104fc8                gspExit
 .text.gspHasGpuRight
                0x001050d8       0x10 C:/DevKitPro/libctru/lib\libctru.a(gspgpu.o)
                0x001050d8                gspHasGpuRight
 .text.gspPresentBuffer
                0x001050e8       0xa4 C:/DevKitPro/libctru/lib\libctru.a(gspgpu.o)
                0x001050e8                gspPresentBuffer
 .text.gspWaitForEvent
                0x0010518c       0x50 C:/DevKitPro/libctru/lib\libctru.a(gspgpu.o)
                0x0010518c                gspWaitForEvent
 .text.gxCmdQueueInterrupt
                0x001051dc        0x4 C:/DevKitPro/libctru/lib\libctru.a(gspgpu.o)
                0x001051dc                gxCmdQueueInterrupt
 .text.gspEventThreadMain
                0x001051e0      0x154 C:/DevKitPro/libctru/lib\libctru.a(gspgpu.o)
 .text.GSPGPU_FlushDataCache
                0x00105334       0x50 C:/DevKitPro/libctru/lib\libctru.a(gspgpu.o)
                0x00105334                GSPGPU_FlushDataCache
 .text.GSPGPU_SetLcdForceBlack
                0x00105384       0x34 C:/DevKitPro/libctru/lib\libctru.a(gspgpu.o)
                0x00105384                GSPGPU_SetLcdForceBlack
 .text.GSPGPU_AcquireRight
                0x001053b8       0x80 C:/DevKitPro/libctru/lib\libctru.a(gspgpu.o)
                0x001053b8                GSPGPU_AcquireRight
 .text.GSPGPU_ReleaseRight
                0x00105438       0x5c C:/DevKitPro/libctru/lib\libctru.a(gspgpu.o)
                0x00105438                GSPGPU_ReleaseRight
 .text.GSPGPU_ImportDisplayCaptureInfo
                0x00105494       0x7c C:/DevKitPro/libctru/lib\libctru.a(gspgpu.o)
                0x00105494                GSPGPU_ImportDisplayCaptureInfo
 .text.GSPGPU_SaveVramSysArea
                0x00105510       0x2c C:/DevKitPro/libctru/lib\libctru.a(gspgpu.o)
                0x00105510                GSPGPU_SaveVramSysArea
 .text.GSPGPU_RestoreVramSysArea
                0x0010553c       0x2c C:/DevKitPro/libctru/lib\libctru.a(gspgpu.o)
                0x0010553c                GSPGPU_RestoreVramSysArea
 .text.hidShouldUseIrrst
                0x00105568       0x24 C:/DevKitPro/libctru/lib\libctru.a(hid.o)
                0x00105568                hidShouldUseIrrst
 .text.hidInit  0x0010558c      0x1cc C:/DevKitPro/libctru/lib\libctru.a(hid.o)
                0x0010558c                hidInit
 .text.hidExit  0x00105758       0xe8 C:/DevKitPro/libctru/lib\libctru.a(hid.o)
                0x00105758                hidExit
 .text.hidScanInput
                0x00105840      0x2a0 C:/DevKitPro/libctru/lib\libctru.a(hid.o)
                0x00105840                hidScanInput
 .text.hidKeysHeld
                0x00105ae0       0x10 C:/DevKitPro/libctru/lib\libctru.a(hid.o)
                0x00105ae0                hidKeysHeld
 .text.hidKeysDown
                0x00105af0       0x10 C:/DevKitPro/libctru/lib\libctru.a(hid.o)
                0x00105af0                hidKeysDown
 .text.hidKeysUp
                0x00105b00       0x10 C:/DevKitPro/libctru/lib\libctru.a(hid.o)
                0x00105b00                hidKeysUp
 .text.hidTouchRead
                0x00105b10       0x18 C:/DevKitPro/libctru/lib\libctru.a(hid.o)
                0x00105b10                hidTouchRead
 .text.irrstInit
                0x00105b28      0x1a4 C:/DevKitPro/libctru/lib\libctru.a(irrst.o)
                0x00105b28                irrstInit
 .text.irrstExit
                0x00105ccc       0xdc C:/DevKitPro/libctru/lib\libctru.a(irrst.o)
                0x00105ccc                irrstExit
 .text.irrstScanInput
                0x00105da8       0xb4 C:/DevKitPro/libctru/lib\libctru.a(irrst.o)
                0x00105da8                irrstScanInput
 .text.irrstKeysHeld
                0x00105e5c       0x24 C:/DevKitPro/libctru/lib\libctru.a(irrst.o)
                0x00105e5c                irrstKeysHeld
 .text.accept   0x00105e80      0x1e8 C:/DevKitPro/libctru/lib\libctru.a(soc_accept.o)
                0x00105e80                accept
 .text.bind     0x00106068      0x174 C:/DevKitPro/libctru/lib\libctru.a(soc_bind.o)
                0x00106068                bind
 .text._net_convert_error
                0x001061dc       0x3c C:/DevKitPro/libctru/lib\libctru.a(soc_common.o)
                0x001061dc                _net_convert_error
 .text.connect  0x00106218      0x174 C:/DevKitPro/libctru/lib\libctru.a(soc_connect.o)
                0x00106218                connect
 .text.fcntl    0x0010638c      0x15c C:/DevKitPro/libctru/lib\libctru.a(soc_fcntl.o)
                0x0010638c                fcntl
 .text.gethostid
                0x001064e8       0x50 C:/DevKitPro/libctru/lib\libctru.a(soc_gethostid.o)
                0x001064e8                gethostid
 .text.inet_ntoa
                0x00106538       0xe8 C:/DevKitPro/libctru/lib\libctru.a(soc_inet_ntoa.o)
                0x00106538                inet_ntoa
 .text.soc_open
                0x00106620       0x14 C:/DevKitPro/libctru/lib\libctru.a(soc_init.o)
 .text.soc_read
                0x00106634       0x34 C:/DevKitPro/libctru/lib\libctru.a(soc_init.o)
 .text.soc_write
                0x00106668       0x34 C:/DevKitPro/libctru/lib\libctru.a(soc_init.o)
 .text.soc_close
                0x0010669c       0xb0 C:/DevKitPro/libctru/lib\libctru.a(soc_init.o)
 .text.socInit  0x0010674c      0x190 C:/DevKitPro/libctru/lib\libctru.a(soc_init.o)
                0x0010674c                socInit
 .text.socExit  0x001068dc       0x88 C:/DevKitPro/libctru/lib\libctru.a(soc_init.o)
                0x001068dc                socExit
 .text.listen   0x00106964      0x108 C:/DevKitPro/libctru/lib\libctru.a(soc_listen.o)
                0x00106964                listen
 .text.socuipc_cmd7
                0x00106a6c      0x148 C:/DevKitPro/libctru/lib\libctru.a(soc_recvfrom.o)
                0x00106a6c                socuipc_cmd7
 .text.socuipc_cmd8
                0x00106bb4      0x168 C:/DevKitPro/libctru/lib\libctru.a(soc_recvfrom.o)
                0x00106bb4                socuipc_cmd8
 .text.soc_recvfrom
                0x00106d1c       0x10 C:/DevKitPro/libctru/lib\libctru.a(soc_recvfrom.o)
                0x00106d1c                soc_recvfrom
 .text.send     0x00106d2c       0x20 C:/DevKitPro/libctru/lib\libctru.a(soc_send.o)
                0x00106d2c                send
 .text.socuipc_cmd9
                0x00106d4c      0x15c C:/DevKitPro/libctru/lib\libctru.a(soc_sendto.o)
                0x00106d4c                socuipc_cmd9
 .text.socuipc_cmda
                0x00106ea8      0x160 C:/DevKitPro/libctru/lib\libctru.a(soc_sendto.o)
                0x00106ea8                socuipc_cmda
 .text.soc_sendto
                0x00107008       0x10 C:/DevKitPro/libctru/lib\libctru.a(soc_sendto.o)
                0x00107008                soc_sendto
 .text.sendto   0x00107018       0xa4 C:/DevKitPro/libctru/lib\libctru.a(soc_sendto.o)
                0x00107018                sendto
 .text.shutdown
                0x001070bc      0x108 C:/DevKitPro/libctru/lib\libctru.a(soc_shutdown.o)
                0x001070bc                shutdown
 .text.socket   0x001071c4      0x16c C:/DevKitPro/libctru/lib\libctru.a(soc_socket.o)
                0x001071c4                socket
 .text.__libctru_init
                0x00107330       0x38 C:/DevKitPro/libctru/lib\libctru.a(ctru_init.o)
                0x00107330                __libctru_init
 .text.__system_initArgv
                0x00107368      0x16c C:/DevKitPro/libctru/lib\libctru.a(initArgv.o)
                0x00107368                __system_initArgv
 .text.__syscall_getreent
                0x001074d4       0x30 C:/DevKitPro/libctru/lib\libctru.a(syscalls.o)
                0x001074d4                __syscall_getreent
 .text.__syscall_lock_acquire
                0x00107504        0x4 C:/DevKitPro/libctru/lib\libctru.a(syscalls.o)
                0x00107504                __syscall_lock_acquire
 .text.__syscall_lock_release
                0x00107508        0x4 C:/DevKitPro/libctru/lib\libctru.a(syscalls.o)
                0x00107508                __syscall_lock_release
 .text.__syscall_lock_acquire_recursive
                0x0010750c        0x4 C:/DevKitPro/libctru/lib\libctru.a(syscalls.o)
                0x0010750c                __syscall_lock_acquire_recursive
 .text.__syscall_lock_release_recursive
                0x00107510        0x4 C:/DevKitPro/libctru/lib\libctru.a(syscalls.o)
                0x00107510                __syscall_lock_release_recursive
 .text.__syscall_exit
                0x00107514        0x4 C:/DevKitPro/libctru/lib\libctru.a(syscalls.o)
                0x00107514                __syscall_exit
 .text.initThreadVars
                0x00107518       0x54 C:/DevKitPro/libctru/lib\libctru.a(syscalls.o)
                0x00107518                initThreadVars
 .text.__system_initSyscalls
                0x0010756c       0x80 C:/DevKitPro/libctru/lib\libctru.a(syscalls.o)
                0x0010756c                __system_initSyscalls
 .text.svcControlMemory
                0x001075ec       0x20 C:/DevKitPro/libctru/lib\libctru.a(svc.o)
                0x001075ec                svcControlMemory
 .text.svcQueryMemory
                0x0010760c       0x30 C:/DevKitPro/libctru/lib\libctru.a(svc.o)
                0x0010760c                svcQueryMemory
 .text.svcExitProcess
                0x0010763c        0x8 C:/DevKitPro/libctru/lib\libctru.a(svc.o)
                0x0010763c                svcExitProcess
 .text.svcCreateThread
                0x00107644       0x20 C:/DevKitPro/libctru/lib\libctru.a(svc.o)
                0x00107644                svcCreateThread
 .text.svcExitThread
                0x00107664        0x8 C:/DevKitPro/libctru/lib\libctru.a(svc.o)
                0x00107664                svcExitThread
 .text.svcSleepThread
                0x0010766c        0x8 C:/DevKitPro/libctru/lib\libctru.a(svc.o)
                0x0010766c                svcSleepThread
 .text.svcReleaseMutex
                0x00107674        0x8 C:/DevKitPro/libctru/lib\libctru.a(svc.o)
                0x00107674                svcReleaseMutex
 .text.svcCreateEvent
                0x0010767c       0x14 C:/DevKitPro/libctru/lib\libctru.a(svc.o)
                0x0010767c                svcCreateEvent
 .text.svcSignalEvent
                0x00107690        0x8 C:/DevKitPro/libctru/lib\libctru.a(svc.o)
                0x00107690                svcSignalEvent
 .text.svcClearEvent
                0x00107698        0x8 C:/DevKitPro/libctru/lib\libctru.a(svc.o)
                0x00107698                svcClearEvent
 .text.svcCreateMemoryBlock
                0x001076a0       0x18 C:/DevKitPro/libctru/lib\libctru.a(svc.o)
                0x001076a0                svcCreateMemoryBlock
 .text.svcMapMemoryBlock
                0x001076b8        0x8 C:/DevKitPro/libctru/lib\libctru.a(svc.o)
                0x001076b8                svcMapMemoryBlock
 .text.svcUnmapMemoryBlock
                0x001076c0        0x8 C:/DevKitPro/libctru/lib\libctru.a(svc.o)
                0x001076c0                svcUnmapMemoryBlock
 .text.svcCreateAddressArbiter
                0x001076c8       0x14 C:/DevKitPro/libctru/lib\libctru.a(svc.o)
                0x001076c8                svcCreateAddressArbiter
 .text.svcArbitrateAddressNoTimeout
                0x001076dc        0x8 C:/DevKitPro/libctru/lib\libctru.a(svc.o)
                0x001076dc                svcArbitrateAddressNoTimeout
 .text.svcCloseHandle
                0x001076e4        0x8 C:/DevKitPro/libctru/lib\libctru.a(svc.o)
                0x001076e4                svcCloseHandle
 .text.svcWaitSynchronization
                0x001076ec        0x8 C:/DevKitPro/libctru/lib\libctru.a(svc.o)
                0x001076ec                svcWaitSynchronization
 .text.svcWaitSynchronizationN
                0x001076f4       0x28 C:/DevKitPro/libctru/lib\libctru.a(svc.o)
                0x001076f4                svcWaitSynchronizationN
 .text.svcDuplicateHandle
                0x0010771c       0x14 C:/DevKitPro/libctru/lib\libctru.a(svc.o)
                0x0010771c                svcDuplicateHandle
 .text.svcConnectToPort
                0x00107730       0x14 C:/DevKitPro/libctru/lib\libctru.a(svc.o)
                0x00107730                svcConnectToPort
 .text.svcSendSyncRequest
                0x00107744        0x8 C:/DevKitPro/libctru/lib\libctru.a(svc.o)
                0x00107744                svcSendSyncRequest
 .text.svcGetResourceLimit
                0x0010774c       0x14 C:/DevKitPro/libctru/lib\libctru.a(svc.o)
                0x0010774c                svcGetResourceLimit
 .text.svcGetResourceLimitLimitValues
                0x00107760        0x8 C:/DevKitPro/libctru/lib\libctru.a(svc.o)
                0x00107760                svcGetResourceLimitLimitValues
 .text.svcGetResourceLimitCurrentValues
                0x00107768        0x8 C:/DevKitPro/libctru/lib\libctru.a(svc.o)
                0x00107768                svcGetResourceLimitCurrentValues
 .text.svcBreak
                0x00107770        0x8 C:/DevKitPro/libctru/lib\libctru.a(svc.o)
                0x00107770                svcBreak
 .text.initSystem
                0x00107778       0x50 C:/DevKitPro/libctru/lib\libctru.a(stack_adjust.o)
                0x00107778                initSystem
 .text.__ctru_exit
                0x001077c8       0x14 C:/DevKitPro/libctru/lib\libctru.a(stack_adjust.o)
                0x001077c8                __ctru_exit
 .text._ZL21addrMapNodeComparatorPK11rbtree_nodeS1_
                0x001077dc       0x24 C:/DevKitPro/libctru/lib\libctru.a(linear.o)
 .text._ZL21addrMapNodeDestructorP11rbtree_node
                0x00107800        0x4 C:/DevKitPro/libctru/lib\libctru.a(linear.o)
 .text.linearMemAlign
                0x00107804      0x12c C:/DevKitPro/libctru/lib\libctru.a(linear.o)
                0x00107804                linearMemAlign
 .text.linearAlloc
                0x00107930        0x8 C:/DevKitPro/libctru/lib\libctru.a(linear.o)
                0x00107930                linearAlloc
 .text.linearFree
                0x00107938       0x5c C:/DevKitPro/libctru/lib\libctru.a(linear.o)
                0x00107938                linearFree
 .text._ZN7MemPool13CoalesceRightEP8MemBlock
                0x00107994       0x88 C:/DevKitPro/libctru/lib\libctru.a(mem_pool.o)
                0x00107994                MemPool::CoalesceRight(MemBlock*)
 .text._ZN7MemPool8AllocateER8MemChunkmi
                0x00107a1c      0x178 C:/DevKitPro/libctru/lib\libctru.a(mem_pool.o)
                0x00107a1c                MemPool::Allocate(MemChunk&, unsigned long, int)
 .text._ZN7MemPool10DeallocateERK8MemChunk
                0x00107b94      0x118 C:/DevKitPro/libctru/lib\libctru.a(mem_pool.o)
                0x00107b94                MemPool::Deallocate(MemChunk const&)
 .text._ZN7MemPool12GetFreeSpaceEv
                0x00107cac       0x30 C:/DevKitPro/libctru/lib\libctru.a(mem_pool.o)
                0x00107cac                MemPool::GetFreeSpace()
 .text._ZL21addrMapNodeComparatorPK11rbtree_nodeS1_
                0x00107cdc       0x24 C:/DevKitPro/libctru/lib\libctru.a(vram.o)
 .text._ZL21addrMapNodeDestructorP11rbtree_node
                0x00107d00        0x4 C:/DevKitPro/libctru/lib\libctru.a(vram.o)
 .text.vramMemAlignAt
                0x00107d04      0x248 C:/DevKitPro/libctru/lib\libctru.a(vram.o)
                0x00107d04                vramMemAlignAt
 .text.vramAlloc
                0x00107f4c        0xc C:/DevKitPro/libctru/lib\libctru.a(vram.o)
                0x00107f4c                vramAlloc
 .text.vramFree
                0x00107f58       0x94 C:/DevKitPro/libctru/lib\libctru.a(vram.o)
                0x00107f58                vramFree
 .text.envGetHandle
                0x00107fec       0x8c C:/DevKitPro/libctru/lib\libctru.a(env.o)
                0x00107fec                envGetHandle
 .text.envDestroyHandles
                0x00108078       0x50 C:/DevKitPro/libctru/lib\libctru.a(env.o)
                0x00108078                envDestroyHandles
 .text.__ctru_speedup_config
                0x001080c8       0x34 C:/DevKitPro/libctru/lib\libctru.a(os.o)
                0x001080c8                __ctru_speedup_config
 .text.srvInit  0x001080fc      0x164 C:/DevKitPro/libctru/lib\libctru.a(srv.o)
                0x001080fc                srvInit
 .text.srvExit  0x00108260       0x64 C:/DevKitPro/libctru/lib\libctru.a(srv.o)
                0x00108260                srvExit
 .text.srvEnableNotification
                0x001082c4       0x60 C:/DevKitPro/libctru/lib\libctru.a(srv.o)
                0x001082c4                srvEnableNotification
 .text.srvGetServiceHandleDirect
                0x00108324       0xa0 C:/DevKitPro/libctru/lib\libctru.a(srv.o)
                0x00108324                srvGetServiceHandleDirect
 .text.srvGetServiceHandle
                0x001083c4       0x48 C:/DevKitPro/libctru/lib\libctru.a(srv.o)
                0x001083c4                srvGetServiceHandle
 .text.srvSubscribe
                0x0010840c       0x34 C:/DevKitPro/libctru/lib\libctru.a(srv.o)
                0x0010840c                srvSubscribe
 .text.srvReceiveNotification
                0x00108440       0x60 C:/DevKitPro/libctru/lib\libctru.a(srv.o)
                0x00108440                srvReceiveNotification
 .text.srvPublishToSubscriber
                0x001084a0       0x38 C:/DevKitPro/libctru/lib\libctru.a(srv.o)
                0x001084a0                srvPublishToSubscriber
 .text.__sync_init
                0x001084d8        0xc C:/DevKitPro/libctru/lib\libctru.a(synchronization.o)
                0x001084d8                __sync_init
 .text.__sync_fini
                0x001084e4       0x18 C:/DevKitPro/libctru/lib\libctru.a(synchronization.o)
                0x001084e4                __sync_fini
 .text.syncArbitrateAddress
                0x001084fc       0x28 C:/DevKitPro/libctru/lib\libctru.a(synchronization.o)
                0x001084fc                syncArbitrateAddress
 .text.LightLock_Lock
                0x00108524       0xac C:/DevKitPro/libctru/lib\libctru.a(synchronization.o)
                0x00108524                LightLock_Lock
 .text.LightLock_Unlock
                0x001085d0       0x40 C:/DevKitPro/libctru/lib\libctru.a(synchronization.o)
                0x001085d0                LightLock_Unlock
 .text.RecursiveLock_Lock
                0x00108610       0x54 C:/DevKitPro/libctru/lib\libctru.a(synchronization.o)
                0x00108610                RecursiveLock_Lock
 .text.RecursiveLock_Unlock
                0x00108664       0x54 C:/DevKitPro/libctru/lib\libctru.a(synchronization.o)
                0x00108664                RecursiveLock_Unlock
 .text.LightEvent_Init
                0x001086b8       0x44 C:/DevKitPro/libctru/lib\libctru.a(synchronization.o)
                0x001086b8                LightEvent_Init
 .text.LightEvent_Clear
                0x001086fc       0xb8 C:/DevKitPro/libctru/lib\libctru.a(synchronization.o)
                0x001086fc                LightEvent_Clear
 .text.LightEvent_Signal
                0x001087b4       0xdc C:/DevKitPro/libctru/lib\libctru.a(synchronization.o)
                0x001087b4                LightEvent_Signal
 .text.LightEvent_TryWait
                0x00108890       0x50 C:/DevKitPro/libctru/lib\libctru.a(synchronization.o)
                0x00108890                LightEvent_TryWait
 .text.LightEvent_Wait
                0x001088e0       0xac C:/DevKitPro/libctru/lib\libctru.a(synchronization.o)
                0x001088e0                LightEvent_Wait
 .text.threadCreate
                0x0010898c      0x1fc C:/DevKitPro/libctru/lib\libctru.a(thread.o)
                0x0010898c                threadCreate
 .text.threadFree
                0x00108b88       0x38 C:/DevKitPro/libctru/lib\libctru.a(thread.o)
                0x00108b88                threadFree
 .text.threadJoin
                0x00108bc0       0x24 C:/DevKitPro/libctru/lib\libctru.a(thread.o)
                0x00108bc0                threadJoin
 .text.threadGetCurrent
                0x00108be4       0x30 C:/DevKitPro/libctru/lib\libctru.a(thread.o)
                0x00108be4                threadGetCurrent
 .text.threadExit
                0x00108c14       0x40 C:/DevKitPro/libctru/lib\libctru.a(thread.o)
                0x00108c14                threadExit
 .text._thread_begin
                0x00108c54       0x20 C:/DevKitPro/libctru/lib\libctru.a(thread.o)
 .text.mappableFindAddressWithin
                0x00108c74       0x90 C:/DevKitPro/libctru/lib\libctru.a(mappable.o)
 .text.mappableInit
                0x00108d04       0x28 C:/DevKitPro/libctru/lib\libctru.a(mappable.o)
                0x00108d04                mappableInit
 .text.mappableAlloc
                0x00108d2c       0x7c C:/DevKitPro/libctru/lib\libctru.a(mappable.o)
                0x00108d2c                mappableAlloc
 .text.mappableFree
                0x00108da8        0x4 C:/DevKitPro/libctru/lib\libctru.a(mappable.o)
                0x00108da8                mappableFree
 .text.ptmSysmInit
                0x00108dac       0x78 C:/DevKitPro/libctru/lib\libctru.a(ptmsysm.o)
                0x00108dac                ptmSysmInit
 .text.ptmSysmExit
                0x00108e24       0x3c C:/DevKitPro/libctru/lib\libctru.a(ptmsysm.o)
                0x00108e24                ptmSysmExit
 .text.PTMSYSM_ConfigureNew3DSCPU
                0x00108e60       0x34 C:/DevKitPro/libctru/lib\libctru.a(ptmsysm.o)
                0x00108e60                PTMSYSM_ConfigureNew3DSCPU
 .text.srvPmGetSessionHandle
                0x00108e94        0xc C:/DevKitPro/libctru/lib\libctru.a(srvpm.o)
                0x00108e94                srvPmGetSessionHandle
 .text.rbtree_find
                0x00108ea0       0x74 C:/DevKitPro/libctru/lib\libctru.a(rbtree_find.o)
                0x00108ea0                rbtree_find
 .text.rbtree_init
                0x00108f14       0x10 C:/DevKitPro/libctru/lib\libctru.a(rbtree_init.o)
                0x00108f14                rbtree_init
 .text.do_insert
                0x00108f24      0x198 C:/DevKitPro/libctru/lib\libctru.a(rbtree_insert.o)
 .text.rbtree_insert
                0x001090bc        0x8 C:/DevKitPro/libctru/lib\libctru.a(rbtree_insert.o)
                0x001090bc                rbtree_insert
 .text.rbtree_remove
                0x001090c4      0x310 C:/DevKitPro/libctru/lib\libctru.a(rbtree_remove.o)
                0x001090c4                rbtree_remove
 .text.rbtree_rotate
                0x001093d4       0x90 C:/DevKitPro/libctru/lib\libctru.a(rbtree_rotate.o)
                0x001093d4                rbtree_rotate
 *fill*         0x00109464        0x4 
 .text.__system_allocateHeaps
                0x00109468      0x1e8 C:/DevKitPro/libctru/lib\libctru.a(allocateHeaps.o)
                0x00109468                __system_allocateHeaps
 .text.__appExit
                0x00109650       0x30 C:/DevKitPro/libctru/lib\libctru.a(appExit.o)
                0x00109650                __appExit
 .text.__appInit
                0x00109680       0x30 C:/DevKitPro/libctru/lib\libctru.a(appInit.o)
                0x00109680                __appInit
 .text.__libctru_exit
                0x001096b0       0x90 C:/DevKitPro/libctru/lib\libctru.a(ctru_exit.o)
                0x001096b0                __libctru_exit
 .text.archive_link
                0x00109740       0x14 C:/DevKitPro/libctru/lib\libctru.a(archive_dev.o)
 .text.archive_dirreset
                0x00109754       0x14 C:/DevKitPro/libctru/lib\libctru.a(archive_dev.o)
 .text.archive_chmod
                0x00109768       0x14 C:/DevKitPro/libctru/lib\libctru.a(archive_dev.o)
 .text.error_cmp
                0x0010977c       0x24 C:/DevKitPro/libctru/lib\libctru.a(archive_dev.o)
 .text.archive_translate_error
                0x001097a0       0x50 C:/DevKitPro/libctru/lib\libctru.a(archive_dev.o)
 .text.archive_seek
                0x001097f0       0xc0 C:/DevKitPro/libctru/lib\libctru.a(archive_dev.o)
 .text._archiveInit.part.0
                0x001098b0       0x78 C:/DevKitPro/libctru/lib\libctru.a(archive_dev.o)
 .text.archiveFindDevice.part.0
                0x00109928       0xd4 C:/DevKitPro/libctru/lib\libctru.a(archive_dev.o)
 .text.archive_utf16path
                0x001099fc      0x298 C:/DevKitPro/libctru/lib\libctru.a(archive_dev.o)
 .text._archiveUnmountDeviceStruct.part.0
                0x00109c94       0x98 C:/DevKitPro/libctru/lib\libctru.a(archive_dev.o)
 .text.archive_statvfs
                0x00109d2c       0x14 C:/DevKitPro/libctru/lib\libctru.a(archive_dev.o)
 .text.archive_fchmod
                0x00109d40       0x14 C:/DevKitPro/libctru/lib\libctru.a(archive_dev.o)
 .text._archiveMountDevice
                0x00109d54      0x178 C:/DevKitPro/libctru/lib\libctru.a(archive_dev.o)
 .text.archive_diropen
                0x00109ecc       0xf8 C:/DevKitPro/libctru/lib\libctru.a(archive_dev.o)
 .text.archive_fstat
                0x00109fc4       0xac C:/DevKitPro/libctru/lib\libctru.a(archive_dev.o)
 .text.archive_fsync
                0x0010a070       0x74 C:/DevKitPro/libctru/lib\libctru.a(archive_dev.o)
 .text.archive_close
                0x0010a0e4       0x74 C:/DevKitPro/libctru/lib\libctru.a(archive_dev.o)
 .text.archive_dirclose
                0x0010a158       0x78 C:/DevKitPro/libctru/lib\libctru.a(archive_dev.o)
 .text.sdmc_statvfs
                0x0010a1d0       0xec C:/DevKitPro/libctru/lib\libctru.a(archive_dev.o)
 .text.archive_chdir
                0x0010a2bc       0xf8 C:/DevKitPro/libctru/lib\libctru.a(archive_dev.o)
 .text.archive_ftruncate
                0x0010a3b4       0x8c C:/DevKitPro/libctru/lib\libctru.a(archive_dev.o)
 .text.archive_read
                0x0010a440       0xbc C:/DevKitPro/libctru/lib\libctru.a(archive_dev.o)
 .text.archive_unlink
                0x0010a4fc       0xa8 C:/DevKitPro/libctru/lib\libctru.a(archive_dev.o)
 .text.archive_rmdir
                0x0010a5a4       0xc0 C:/DevKitPro/libctru/lib\libctru.a(archive_dev.o)
 .text.archive_mkdir
                0x0010a664       0xd8 C:/DevKitPro/libctru/lib\libctru.a(archive_dev.o)
 .text.archive_stat
                0x0010a73c      0x1a0 C:/DevKitPro/libctru/lib\libctru.a(archive_dev.o)
 .text.archive_dirnext
                0x0010a8dc      0x164 C:/DevKitPro/libctru/lib\libctru.a(archive_dev.o)
 .text.archive_write
                0x0010aa40      0x13c C:/DevKitPro/libctru/lib\libctru.a(archive_dev.o)
 *fill*         0x0010ab7c        0x4 
 .text.archive_open
                0x0010ab80      0x254 C:/DevKitPro/libctru/lib\libctru.a(archive_dev.o)
 .text.archive_rename
                0x0010add4      0x270 C:/DevKitPro/libctru/lib\libctru.a(archive_dev.o)
 .text.archiveMountSdmc
                0x0010b044      0x1c8 C:/DevKitPro/libctru/lib\libctru.a(archive_dev.o)
                0x0010b044                archiveMountSdmc
 .text.archiveUnmountAll
                0x0010b20c       0x54 C:/DevKitPro/libctru/lib\libctru.a(archive_dev.o)
                0x0010b20c                archiveUnmountAll
 .text.fsInit   0x0010b260      0x104 C:/DevKitPro/libctru/lib\libctru.a(fs.o)
                0x0010b260                fsInit
 .text.fsExit   0x0010b364       0x3c C:/DevKitPro/libctru/lib\libctru.a(fs.o)
                0x0010b364                fsExit
 .text.fsExemptFromSession
                0x0010b3a0       0x68 C:/DevKitPro/libctru/lib\libctru.a(fs.o)
                0x0010b3a0                fsExemptFromSession
 .text.fsUnexemptFromSession
                0x0010b408       0x50 C:/DevKitPro/libctru/lib\libctru.a(fs.o)
                0x0010b408                fsUnexemptFromSession
 .text.FSUSER_OpenFile
                0x0010b458       0xcc C:/DevKitPro/libctru/lib\libctru.a(fs.o)
                0x0010b458                FSUSER_OpenFile
 .text.FSUSER_DeleteFile
                0x0010b524       0xb8 C:/DevKitPro/libctru/lib\libctru.a(fs.o)
                0x0010b524                FSUSER_DeleteFile
 .text.FSUSER_RenameFile
                0x0010b5dc       0xf4 C:/DevKitPro/libctru/lib\libctru.a(fs.o)
                0x0010b5dc                FSUSER_RenameFile
 .text.FSUSER_DeleteDirectory
                0x0010b6d0       0xb8 C:/DevKitPro/libctru/lib\libctru.a(fs.o)
                0x0010b6d0                FSUSER_DeleteDirectory
 .text.FSUSER_CreateFile
                0x0010b788       0xd0 C:/DevKitPro/libctru/lib\libctru.a(fs.o)
                0x0010b788                FSUSER_CreateFile
 .text.FSUSER_CreateDirectory
                0x0010b858       0xc0 C:/DevKitPro/libctru/lib\libctru.a(fs.o)
                0x0010b858                FSUSER_CreateDirectory
 .text.FSUSER_RenameDirectory
                0x0010b918       0xf4 C:/DevKitPro/libctru/lib\libctru.a(fs.o)
                0x0010b918                FSUSER_RenameDirectory
 .text.FSUSER_OpenDirectory
                0x0010ba0c       0xb4 C:/DevKitPro/libctru/lib\libctru.a(fs.o)
                0x0010ba0c                FSUSER_OpenDirectory
 .text.FSUSER_OpenArchive
                0x0010bac0       0x90 C:/DevKitPro/libctru/lib\libctru.a(fs.o)
                0x0010bac0                FSUSER_OpenArchive
 .text.FSUSER_CloseArchive
                0x0010bb50       0x8c C:/DevKitPro/libctru/lib\libctru.a(fs.o)
                0x0010bb50                FSUSER_CloseArchive
 .text.FSUSER_GetSdmcArchiveResource
                0x0010bbdc       0x74 C:/DevKitPro/libctru/lib\libctru.a(fs.o)
                0x0010bbdc                FSUSER_GetSdmcArchiveResource
 .text.FSUSER_IsSdmcWritable
                0x0010bc50       0x64 C:/DevKitPro/libctru/lib\libctru.a(fs.o)
                0x0010bc50                FSUSER_IsSdmcWritable
 .text.FSFILE_Read
                0x0010bcb4       0x64 C:/DevKitPro/libctru/lib\libctru.a(fs.o)
                0x0010bcb4                FSFILE_Read
 .text.FSFILE_Write
                0x0010bd18       0x6c C:/DevKitPro/libctru/lib\libctru.a(fs.o)
                0x0010bd18                FSFILE_Write
 .text.FSFILE_GetSize
                0x0010bd84       0x44 C:/DevKitPro/libctru/lib\libctru.a(fs.o)
                0x0010bd84                FSFILE_GetSize
 .text.FSFILE_SetSize
                0x0010bdc8       0x28 C:/DevKitPro/libctru/lib\libctru.a(fs.o)
                0x0010bdc8                FSFILE_SetSize
 .text.FSFILE_Close
                0x0010bdf0       0x3c C:/DevKitPro/libctru/lib\libctru.a(fs.o)
                0x0010bdf0                FSFILE_Close
 .text.FSFILE_Flush
                0x0010be2c       0x24 C:/DevKitPro/libctru/lib\libctru.a(fs.o)
                0x0010be2c                FSFILE_Flush
 .text.FSDIR_Read
                0x0010be50       0x60 C:/DevKitPro/libctru/lib\libctru.a(fs.o)
                0x0010be50                FSDIR_Read
 .text.FSDIR_Close
                0x0010beb0       0x3c C:/DevKitPro/libctru/lib\libctru.a(fs.o)
                0x0010beb0                FSDIR_Close
 .text.rbtree_node_next
                0x0010beec       0x60 C:/DevKitPro/libctru/lib\libctru.a(rbtree_iterator.o)
                0x0010beec                rbtree_node_next
 .text.decode_utf8
                0x0010bf4c      0x140 C:/DevKitPro/libctru/lib\libctru.a(decode_utf8.o)
                0x0010bf4c                decode_utf8
 .text.utf16_to_utf8
                0x0010c08c       0xe8 C:/DevKitPro/libctru/lib\libctru.a(utf16_to_utf8.o)
                0x0010c08c                utf16_to_utf8
 .text.utf8_to_utf16
                0x0010c174       0xc0 C:/DevKitPro/libctru/lib\libctru.a(utf8_to_utf16.o)
                0x0010c174                utf8_to_utf16
 .text.__aeabi_read_tp
                0x0010c234        0xc C:/DevKitPro/libctru/lib\libctru.a(readtp.o)
                0x0010c234                __aeabi_read_tp
 .text.decode_utf16
                0x0010c240       0x54 C:/DevKitPro/libctru/lib\libctru.a(decode_utf16.o)
                0x0010c240                decode_utf16
 .text.encode_utf16
                0x0010c294       0x54 C:/DevKitPro/libctru/lib\libctru.a(encode_utf16.o)
                0x0010c294                encode_utf16
 .text.encode_utf8
                0x0010c2e8       0xe0 C:/DevKitPro/libctru/lib\libctru.a(encode_utf8.o)
                0x0010c2e8                encode_utf8
 .text.__udivmoddi4
                0x0010c3c8      0x130 C:/DevKitPro/devkitARM/bin/../lib/gcc/arm-none-eabi/15.1.0/armv6k/fpu\libgcc.a(_udivmoddi4.o)
                0x0010c3c8                __udivmoddi4
 .text.strncmp  0x0010c4f8       0xd8 C:/DevKitPro/devkitARM/bin/../lib/gcc/arm-none-eabi/15.1.0/../../../../arm-none-eabi/lib/armv6k/fpu\libg.a(libc_a-strncmp.o)
                0x0010c4f8                strncmp
 .text._strerror_r
                0x0010c5d0      0x410 C:/DevKitPro/devkitARM/bin/../lib/gcc/arm-none-eabi/15.1.0/../../../../arm-none-eabi/lib/armv6k/fpu\libg.a(libc_a-strerror.o)
                0x0010c5d0                _strerror_r
 .text.strerror
                0x0010c9e0       0x28 C:/DevKitPro/devkitARM/bin/../lib/gcc/arm-none-eabi/15.1.0/../../../../arm-none-eabi/lib/armv6k/fpu\libg.a(libc_a-strerror.o)
                0x0010c9e0                strerror
 .text._user_strerror
                0x0010ca08        0x8 C:/DevKitPro/devkitARM/bin/../lib/gcc/arm-none-eabi/15.1.0/../../../../arm-none-eabi/lib/armv6k/fpu\libg.a(libc_a-u_strerr.o)
                0x0010ca08                _user_strerror
 .text.strlen   0x0010ca10       0x8c C:/DevKitPro/devkitARM/bin/../lib/gcc/arm-none-eabi/15.1.0/../../../../arm-none-eabi/lib/armv6k/fpu\libg.a(libc_a-strlen.o)
                0x0010ca10                strlen
 .text.stdio_exit_handler
                0x0010ca9c       0x1c C:/DevKitPro/devkitARM/bin/../lib/gcc/arm-none-eabi/15.1.0/../../../../arm-none-eabi/lib/armv6k/fpu\libg.a(libc_a-findfp.o)
 .text.cleanup_stdio
                0x0010cab8       0x5c C:/DevKitPro/devkitARM/bin/../lib/gcc/arm-none-eabi/15.1.0/../../../../arm-none-eabi/lib/armv6k/fpu\libg.a(libc_a-findfp.o)
 .text.global_stdio_init.part.0
                0x0010cb14      0x154 C:/DevKitPro/devkitARM/bin/../lib/gcc/arm-none-eabi/15.1.0/../../../../arm-none-eabi/lib/armv6k/fpu\libg.a(libc_a-findfp.o)
 .text.__sinit  0x0010cc68       0x5c C:/DevKitPro/devkitARM/bin/../lib/gcc/arm-none-eabi/15.1.0/../../../../arm-none-eabi/lib/armv6k/fpu\libg.a(libc_a-findfp.o)
                0x0010cc68                __sinit
 .text.__sfp_lock_acquire
                0x0010ccc4        0xc C:/DevKitPro/devkitARM/bin/../lib/gcc/arm-none-eabi/15.1.0/../../../../arm-none-eabi/lib/armv6k/fpu\libg.a(libc_a-findfp.o)
                0x0010ccc4                __sfp_lock_acquire
 .text.__sfp_lock_release
                0x0010ccd0        0xc C:/DevKitPro/devkitARM/bin/../lib/gcc/arm-none-eabi/15.1.0/../../../../arm-none-eabi/lib/armv6k/fpu\libg.a(libc_a-findfp.o)
                0x0010ccd0                __sfp_lock_release
 .text._strtoul_l.isra.0
                0x0010ccdc      0x1ec C:/DevKitPro/devkitARM/bin/../lib/gcc/arm-none-eabi/15.1.0/../../../../arm-none-eabi/lib/armv6k/fpu\libg.a(libc_a-strtoul.o)
 .text.strtoul  0x0010cec8       0x3c C:/DevKitPro/devkitARM/bin/../lib/gcc/arm-none-eabi/15.1.0/../../../../arm-none-eabi/lib/armv6k/fpu\libg.a(libc_a-strtoul.o)
                0x0010cec8                strtoul
 .text.__libc_init_array
                0x0010cf04       0x84 C:/DevKitPro/devkitARM/bin/../lib/gcc/arm-none-eabi/15.1.0/../../../../arm-none-eabi/lib/armv6k/fpu\libg.a(libc_a-init.o)
                0x0010cf04                __libc_init_array
 .text.strncat  0x0010cf88       0x9c C:/DevKitPro/devkitARM/bin/../lib/gcc/arm-none-eabi/15.1.0/../../../../arm-none-eabi/lib/armv6k/fpu\libg.a(libc_a-strncat.o)
                0x0010cf88                strncat
 .text._fwalk_sglue
                0x0010d024       0x70 C:/DevKitPro/devkitARM/bin/../lib/gcc/arm-none-eabi/15.1.0/../../../../arm-none-eabi/lib/armv6k/fpu\libg.a(libc_a-fwalk.o)
                0x0010d024                _fwalk_sglue
 .text.bsearch  0x0010d094       0x78 C:/DevKitPro/devkitARM/bin/../lib/gcc/arm-none-eabi/15.1.0/../../../../arm-none-eabi/lib/armv6k/fpu\libg.a(libc_a-bsearch.o)
                0x0010d094                bsearch
 .text.__errno  0x0010d10c        0xc C:/DevKitPro/devkitARM/bin/../lib/gcc/arm-none-eabi/15.1.0/../../../../arm-none-eabi/lib/armv6k/fpu\libg.a(libc_a-errno.o)
                0x0010d10c                __errno
 .text._puts_r  0x0010d118       0xe0 C:/DevKitPro/devkitARM/bin/../lib/gcc/arm-none-eabi/15.1.0/../../../../arm-none-eabi/lib/armv6k/fpu\libg.a(libc_a-puts.o)
                0x0010d118                _puts_r
 .text.puts     0x0010d1f8       0x20 C:/DevKitPro/devkitARM/bin/../lib/gcc/arm-none-eabi/15.1.0/../../../../arm-none-eabi/lib/armv6k/fpu\libg.a(libc_a-puts.o)
                0x0010d1f8                puts
 .text.memalign
                0x0010d218       0x28 C:/DevKitPro/devkitARM/bin/../lib/gcc/arm-none-eabi/15.1.0/../../../../arm-none-eabi/lib/armv6k/fpu\libg.a(libc_a-malign.o)
                0x0010d218                memalign
 .text.putchar  0x0010d240       0x24 C:/DevKitPro/devkitARM/bin/../lib/gcc/arm-none-eabi/15.1.0/../../../../arm-none-eabi/lib/armv6k/fpu\libg.a(libc_a-putchar.o)
                0x0010d240                putchar
 .text._malloc_r
                0x0010d264      0x82c C:/DevKitPro/devkitARM/bin/../lib/gcc/arm-none-eabi/15.1.0/../../../../arm-none-eabi/lib/armv6k/fpu\libg.a(libc_a-mallocr.o)
                0x0010d264                _malloc_r
 .text._malloc_trim_r
                0x0010da90      0x114 C:/DevKitPro/devkitARM/bin/../lib/gcc/arm-none-eabi/15.1.0/../../../../arm-none-eabi/lib/armv6k/fpu\libg.a(libc_a-freer.o)
                0x0010da90                _malloc_trim_r
 .text._free_r  0x0010dba4      0x314 C:/DevKitPro/devkitARM/bin/../lib/gcc/arm-none-eabi/15.1.0/../../../../arm-none-eabi/lib/armv6k/fpu\libg.a(libc_a-freer.o)
                0x0010dba4                _free_r
 .text.snprintf
                0x0010deb8       0xa0 C:/DevKitPro/devkitARM/bin/../lib/gcc/arm-none-eabi/15.1.0/../../../../arm-none-eabi/lib/armv6k/fpu\libg.a(libc_a-snprintf.o)
                0x0010deb8                snprintf
 .text.get_arg  0x0010df58      0x5e0 C:/DevKitPro/devkitARM/bin/../lib/gcc/arm-none-eabi/15.1.0/../../../../arm-none-eabi/lib/armv6k/fpu\libg.a(libc_a-svfprintf.o)
 .text._svfprintf_r
                0x0010e538     0x345c C:/DevKitPro/devkitARM/bin/../lib/gcc/arm-none-eabi/15.1.0/../../../../arm-none-eabi/lib/armv6k/fpu\libg.a(libc_a-svfprintf.o)
                0x0010e538                _svfprintf_r
 .text.printf   0x00111994       0x34 C:/DevKitPro/devkitARM/bin/../lib/gcc/arm-none-eabi/15.1.0/../../../../arm-none-eabi/lib/armv6k/fpu\libg.a(libc_a-printf.o)
                0x00111994                printf
 .text.vprintf  0x001119c8       0x2c C:/DevKitPro/devkitARM/bin/../lib/gcc/arm-none-eabi/15.1.0/../../../../arm-none-eabi/lib/armv6k/fpu\libg.a(libc_a-vprintf.o)
                0x001119c8                vprintf
 .text.strnlen  0x001119f4       0x3c C:/DevKitPro/devkitARM/bin/../lib/gcc/arm-none-eabi/15.1.0/../../../../arm-none-eabi/lib/armv6k/fpu\libg.a(libc_a-strnlen.o)
                0x001119f4                strnlen
 .text.malloc   0x00111a30       0x40 C:/DevKitPro/devkitARM/bin/../lib/gcc/arm-none-eabi/15.1.0/../../../../arm-none-eabi/lib/armv6k/fpu\libg.a(libc_a-malloc.o)
                0x00111a30                malloc
 .text.free     0x00111a70       0x20 C:/DevKitPro/devkitARM/bin/../lib/gcc/arm-none-eabi/15.1.0/../../../../arm-none-eabi/lib/armv6k/fpu\libg.a(libc_a-malloc.o)
                0x00111a70                free
 .text.__sflush_r
                0x00111a90      0x22c C:/DevKitPro/devkitARM/bin/../lib/gcc/arm-none-eabi/15.1.0/../../../../arm-none-eabi/lib/armv6k/fpu\libg.a(libc_a-fflush.o)
                0x00111a90                __sflush_r
 .text._fflush_r
                0x00111cbc       0xc4 C:/DevKitPro/devkitARM/bin/../lib/gcc/arm-none-eabi/15.1.0/../../../../arm-none-eabi/lib/armv6k/fpu\libg.a(libc_a-fflush.o)
                0x00111cbc                _fflush_r
 .text.memset   0x00111d80       0xe4 C:/DevKitPro/devkitARM/bin/../lib/gcc/arm-none-eabi/15.1.0/../../../../arm-none-eabi/lib/armv6k/fpu\libg.a(libc_a-memset.o)
                0x00111d80                memset
 .text.__malloc_lock
                0x00111e64        0xc C:/DevKitPro/devkitARM/bin/../lib/gcc/arm-none-eabi/15.1.0/../../../../arm-none-eabi/lib/armv6k/fpu\libg.a(libc_a-mlock.o)
                0x00111e64                __malloc_lock
 .text.__malloc_unlock
                0x00111e70        0xc C:/DevKitPro/devkitARM/bin/../lib/gcc/arm-none-eabi/15.1.0/../../../../arm-none-eabi/lib/armv6k/fpu\libg.a(libc_a-mlock.o)
                0x00111e70                __malloc_unlock
 .text.exit     0x00111e7c       0x30 C:/DevKitPro/devkitARM/bin/../lib/gcc/arm-none-eabi/15.1.0/../../../../arm-none-eabi/lib/armv6k/fpu\libg.a(libc_a-exit.o)
                0x00111e7c                exit
 .text.setvbuf  0x00111eac      0x294 C:/DevKitPro/devkitARM/bin/../lib/gcc/arm-none-eabi/15.1.0/../../../../arm-none-eabi/lib/armv6k/fpu\libg.a(libc_a-setvbuf.o)
                0x00111eac                setvbuf
 .text.atexit   0x00112140       0x14 C:/DevKitPro/devkitARM/bin/../lib/gcc/arm-none-eabi/15.1.0/../../../../arm-none-eabi/lib/armv6k/fpu\libg.a(libc_a-atexit.o)
                0x00112140                atexit
 .text.clock    0x00112154       0x34 C:/DevKitPro/devkitARM/bin/../lib/gcc/arm-none-eabi/15.1.0/../../../../arm-none-eabi/lib/armv6k/fpu\libg.a(libc_a-clock.o)
                0x00112154                clock
 .text.close    0x00112188       0x20 C:/DevKitPro/devkitARM/bin/../lib/gcc/arm-none-eabi/15.1.0/../../../../arm-none-eabi/lib/armv6k/fpu\libg.a(libc_a-sysclose.o)
                0x00112188                close
 .text.strncpy  0x001121a8       0xd4 C:/DevKitPro/devkitARM/bin/../lib/gcc/arm-none-eabi/15.1.0/../../../../arm-none-eabi/lib/armv6k/fpu\libg.a(libc_a-strncpy.o)
                0x001121a8                strncpy
 .text.memcpy   0x0011227c      0x12c C:/DevKitPro/devkitARM/bin/../lib/gcc/arm-none-eabi/15.1.0/../../../../arm-none-eabi/lib/armv6k/fpu\libg.a(libc_a-memcpy-stub.o)
                0x0011227c                memcpy
 .text._wcsrtombs_r
                0x001123a8       0x28 C:/DevKitPro/devkitARM/bin/../lib/gcc/arm-none-eabi/15.1.0/../../../../arm-none-eabi/lib/armv6k/fpu\libg.a(libc_a-wcsrtombs.o)
                0x001123a8                _wcsrtombs_r
 .text.frexp    0x001123d0       0x88 C:/DevKitPro/devkitARM/bin/../lib/gcc/arm-none-eabi/15.1.0/../../../../arm-none-eabi/lib/armv6k/fpu\libg.a(libm_a-s_frexp.o)
                0x001123d0                frexp
 .text.__sfvwrite_r
                0x00112458      0x4a4 C:/DevKitPro/devkitARM/bin/../lib/gcc/arm-none-eabi/15.1.0/../../../../arm-none-eabi/lib/armv6k/fpu\libg.a(libc_a-fvwrite.o)
                0x00112458                __sfvwrite_r
 .text.__sread  0x001128fc       0x44 C:/DevKitPro/devkitARM/bin/../lib/gcc/arm-none-eabi/15.1.0/../../../../arm-none-eabi/lib/armv6k/fpu\libg.a(libc_a-stdio.o)
                0x001128fc                __sread
 .text.__swrite
                0x00112940       0x68 C:/DevKitPro/devkitARM/bin/../lib/gcc/arm-none-eabi/15.1.0/../../../../arm-none-eabi/lib/armv6k/fpu\libg.a(libc_a-stdio.o)
                0x00112940                __swrite
 .text.__sseek  0x001129a8       0x40 C:/DevKitPro/devkitARM/bin/../lib/gcc/arm-none-eabi/15.1.0/../../../../arm-none-eabi/lib/armv6k/fpu\libg.a(libc_a-stdio.o)
                0x001129a8                __sseek
 .text.__sclose
                0x001129e8        0x8 C:/DevKitPro/devkitARM/bin/../lib/gcc/arm-none-eabi/15.1.0/../../../../arm-none-eabi/lib/armv6k/fpu\libg.a(libc_a-stdio.o)
                0x001129e8                __sclose
 .text.memmove  0x001129f0      0x16c C:/DevKitPro/devkitARM/bin/../lib/gcc/arm-none-eabi/15.1.0/../../../../arm-none-eabi/lib/armv6k/fpu\libg.a(libc_a-memmove.o)
                0x001129f0                memmove
 .text._fclose_r
                0x00112b5c      0x144 C:/DevKitPro/devkitARM/bin/../lib/gcc/arm-none-eabi/15.1.0/../../../../arm-none-eabi/lib/armv6k/fpu\libg.a(libc_a-fclose.o)
                0x00112b5c                _fclose_r
 .text.__locale_mb_cur_max
                0x00112ca0       0x24 C:/DevKitPro/devkitARM/bin/../lib/gcc/arm-none-eabi/15.1.0/../../../../arm-none-eabi/lib/armv6k/fpu\libg.a(libc_a-locale.o)
                0x00112ca0                __locale_mb_cur_max
 .text.__ssprint_r
                0x00112cc4       0xa4 C:/DevKitPro/devkitARM/bin/../lib/gcc/arm-none-eabi/15.1.0/../../../../arm-none-eabi/lib/armv6k/fpu\libg.a(libc_a-ssprint_r.o)
                0x00112cc4                __ssprint_r
 .text._memalign_r
                0x00112d68      0x16c C:/DevKitPro/devkitARM/bin/../lib/gcc/arm-none-eabi/15.1.0/../../../../arm-none-eabi/lib/armv6k/fpu\libg.a(libc_a-malignr.o)
                0x00112d68                _memalign_r
 .text._wcsnrtombs_l
                0x00112ed4      0x15c C:/DevKitPro/devkitARM/bin/../lib/gcc/arm-none-eabi/15.1.0/../../../../arm-none-eabi/lib/armv6k/fpu\libg.a(libc_a-wcsnrtombs.o)
                0x00112ed4                _wcsnrtombs_l
 .text._wcsnrtombs_r
                0x00113030       0x64 C:/DevKitPro/devkitARM/bin/../lib/gcc/arm-none-eabi/15.1.0/../../../../arm-none-eabi/lib/armv6k/fpu\libg.a(libc_a-wcsnrtombs.o)
                0x00113030                _wcsnrtombs_r
 .text._putc_r  0x00113094       0xfc C:/DevKitPro/devkitARM/bin/../lib/gcc/arm-none-eabi/15.1.0/../../../../arm-none-eabi/lib/armv6k/fpu\libg.a(libc_a-putc.o)
                0x00113094                _putc_r
 .text.__utf8_mbtowc
                0x00113190      0x340 C:/DevKitPro/devkitARM/bin/../lib/gcc/arm-none-eabi/15.1.0/../../../../arm-none-eabi/lib/armv6k/fpu\libg.a(libc_a-mbtowc_r.o)
                0x00113190                __utf8_mbtowc
 .text._localeconv_r
                0x001134d0       0x24 C:/DevKitPro/devkitARM/bin/../lib/gcc/arm-none-eabi/15.1.0/../../../../arm-none-eabi/lib/armv6k/fpu\libg.a(libc_a-localeconv.o)
                0x001134d0                _localeconv_r
 .text.get_arg  0x001134f4      0x5e0 C:/DevKitPro/devkitARM/bin/../lib/gcc/arm-none-eabi/15.1.0/../../../../arm-none-eabi/lib/armv6k/fpu\libg.a(libc_a-vfprintf.o)
 *fill*         0x00113ad4        0x4 
 .text._vfprintf_r
                0x00113ad8     0x3554 C:/DevKitPro/devkitARM/bin/../lib/gcc/arm-none-eabi/15.1.0/../../../../arm-none-eabi/lib/armv6k/fpu\libg.a(libc_a-vfprintf.o)
                0x00113ad8                _vfprintf_r
 .text.__sbprintf
                0x0011702c       0xb4 C:/DevKitPro/devkitARM/bin/../lib/gcc/arm-none-eabi/15.1.0/../../../../arm-none-eabi/lib/armv6k/fpu\libg.a(libc_a-vfprintf.o)
 .text.memchr   0x001170e0       0xe8 C:/DevKitPro/devkitARM/bin/../lib/gcc/arm-none-eabi/15.1.0/../../../../arm-none-eabi/lib/armv6k/fpu\libg.a(libc_a-memchr-stub.o)
                0x001170e0                memchr
 .text.quorem   0x001171c8      0x1c0 C:/DevKitPro/devkitARM/bin/../lib/gcc/arm-none-eabi/15.1.0/../../../../arm-none-eabi/lib/armv6k/fpu\libg.a(libc_a-dtoa.o)
 .text._dtoa_r  0x00117388     0x13f0 C:/DevKitPro/devkitARM/bin/../lib/gcc/arm-none-eabi/15.1.0/../../../../arm-none-eabi/lib/armv6k/fpu\libg.a(libc_a-dtoa.o)
                0x00117388                _dtoa_r
 .text._wcrtomb_r
                0x00118778       0xa0 C:/DevKitPro/devkitARM/bin/../lib/gcc/arm-none-eabi/15.1.0/../../../../arm-none-eabi/lib/armv6k/fpu\libg.a(libc_a-wcrtomb.o)
                0x00118778                _wcrtomb_r
 .text.__register_exitproc
                0x00118818       0xbc C:/DevKitPro/devkitARM/bin/../lib/gcc/arm-none-eabi/15.1.0/../../../../arm-none-eabi/lib/armv6k/fpu\libg.a(libc_a-__atexit.o)
                0x00118818                __register_exitproc
 .text.__smakebuf_r
                0x001188d4      0x164 C:/DevKitPro/devkitARM/bin/../lib/gcc/arm-none-eabi/15.1.0/../../../../arm-none-eabi/lib/armv6k/fpu\libg.a(libc_a-makebuf.o)
                0x001188d4                __smakebuf_r
 .text.__swhatbuf_r
                0x00118a38       0x90 C:/DevKitPro/devkitARM/bin/../lib/gcc/arm-none-eabi/15.1.0/../../../../arm-none-eabi/lib/armv6k/fpu\libg.a(libc_a-makebuf.o)
                0x00118a38                __swhatbuf_r
 .text._realloc_r
                0x00118ac8      0x4f0 C:/DevKitPro/devkitARM/bin/../lib/gcc/arm-none-eabi/15.1.0/../../../../arm-none-eabi/lib/armv6k/fpu\libg.a(libc_a-reallocr.o)
                0x00118ac8                _realloc_r
 .text.__ssputs_r
                0x00118fb8      0x12c C:/DevKitPro/devkitARM/bin/../lib/gcc/arm-none-eabi/15.1.0/../../../../arm-none-eabi/lib/armv6k/fpu\libg.a(libc_a-ssputs_r.o)
                0x00118fb8                __ssputs_r
 .text.__utf8_wctomb
                0x001190e4       0xf8 C:/DevKitPro/devkitARM/bin/../lib/gcc/arm-none-eabi/15.1.0/../../../../arm-none-eabi/lib/armv6k/fpu\libg.a(libc_a-wctomb_r.o)
                0x001190e4                __utf8_wctomb
 .text.__swsetup_r
                0x001191dc      0x140 C:/DevKitPro/devkitARM/bin/../lib/gcc/arm-none-eabi/15.1.0/../../../../arm-none-eabi/lib/armv6k/fpu\libg.a(libc_a-wsetup.o)
                0x001191dc                __swsetup_r
 .text.strchr   0x0011931c      0x140 C:/DevKitPro/devkitARM/bin/../lib/gcc/arm-none-eabi/15.1.0/../../../../arm-none-eabi/lib/armv6k/fpu\libg.a(libc_a-strchr.o)
                0x0011931c                strchr
 .text.__assert_func
                0x0011945c       0x5c C:/DevKitPro/devkitARM/bin/../lib/gcc/arm-none-eabi/15.1.0/../../../../arm-none-eabi/lib/armv6k/fpu\libg.a(libc_a-assert.o)
                0x0011945c                __assert_func
 .text._Balloc  0x001194b8       0x88 C:/DevKitPro/devkitARM/bin/../lib/gcc/arm-none-eabi/15.1.0/../../../../arm-none-eabi/lib/armv6k/fpu\libg.a(libc_a-mprec.o)
                0x001194b8                _Balloc
 .text._Bfree   0x00119540       0x1c C:/DevKitPro/devkitARM/bin/../lib/gcc/arm-none-eabi/15.1.0/../../../../arm-none-eabi/lib/armv6k/fpu\libg.a(libc_a-mprec.o)
                0x00119540                _Bfree
 .text.__multadd
                0x0011955c       0xf4 C:/DevKitPro/devkitARM/bin/../lib/gcc/arm-none-eabi/15.1.0/../../../../arm-none-eabi/lib/armv6k/fpu\libg.a(libc_a-mprec.o)
                0x0011955c                __multadd
 .text.__hi0bits
                0x00119650       0x80 C:/DevKitPro/devkitARM/bin/../lib/gcc/arm-none-eabi/15.1.0/../../../../arm-none-eabi/lib/armv6k/fpu\libg.a(libc_a-mprec.o)
                0x00119650                __hi0bits
 .text.__lo0bits
                0x001196d0       0xf0 C:/DevKitPro/devkitARM/bin/../lib/gcc/arm-none-eabi/15.1.0/../../../../arm-none-eabi/lib/armv6k/fpu\libg.a(libc_a-mprec.o)
                0x001196d0                __lo0bits
 .text.__i2b    0x001197c0       0xa4 C:/DevKitPro/devkitARM/bin/../lib/gcc/arm-none-eabi/15.1.0/../../../../arm-none-eabi/lib/armv6k/fpu\libg.a(libc_a-mprec.o)
                0x001197c0                __i2b
 .text.__multiply
                0x00119864      0x230 C:/DevKitPro/devkitARM/bin/../lib/gcc/arm-none-eabi/15.1.0/../../../../arm-none-eabi/lib/armv6k/fpu\libg.a(libc_a-mprec.o)
                0x00119864                __multiply
 .text.__pow5mult
                0x00119a94      0x130 C:/DevKitPro/devkitARM/bin/../lib/gcc/arm-none-eabi/15.1.0/../../../../arm-none-eabi/lib/armv6k/fpu\libg.a(libc_a-mprec.o)
                0x00119a94                __pow5mult
 .text.__lshift
                0x00119bc4      0x138 C:/DevKitPro/devkitARM/bin/../lib/gcc/arm-none-eabi/15.1.0/../../../../arm-none-eabi/lib/armv6k/fpu\libg.a(libc_a-mprec.o)
                0x00119bc4                __lshift
 .text.__mcmp   0x00119cfc       0x58 C:/DevKitPro/devkitARM/bin/../lib/gcc/arm-none-eabi/15.1.0/../../../../arm-none-eabi/lib/armv6k/fpu\libg.a(libc_a-mprec.o)
                0x00119cfc                __mcmp
 .text.__mdiff  0x00119d54      0x218 C:/DevKitPro/devkitARM/bin/../lib/gcc/arm-none-eabi/15.1.0/../../../../arm-none-eabi/lib/armv6k/fpu\libg.a(libc_a-mprec.o)
                0x00119d54                __mdiff
 .text.__d2b    0x00119f6c      0x120 C:/DevKitPro/devkitARM/bin/../lib/gcc/arm-none-eabi/15.1.0/../../../../arm-none-eabi/lib/armv6k/fpu\libg.a(libc_a-mprec.o)
                0x00119f6c                __d2b
 .text.fiprintf
                0x0011a08c       0x3c C:/DevKitPro/devkitARM/bin/../lib/gcc/arm-none-eabi/15.1.0/../../../../arm-none-eabi/lib/armv6k/fpu\libg.a(libc_a-fiprintf.o)
                0x0011a08c                fiprintf
 .text.__swbuf_r
                0x0011a0c8      0x124 C:/DevKitPro/devkitARM/bin/../lib/gcc/arm-none-eabi/15.1.0/../../../../arm-none-eabi/lib/armv6k/fpu\libg.a(libc_a-wbuf.o)
                0x0011a0c8                __swbuf_r
 .text.__sprint_r
                0x0011a1ec       0x30 C:/DevKitPro/devkitARM/bin/../lib/gcc/arm-none-eabi/15.1.0/../../../../arm-none-eabi/lib/armv6k/fpu\libg.a(libc_a-sprint_r.o)
                0x0011a1ec                __sprint_r
 .text.abort    0x0011a21c       0x14 C:/DevKitPro/devkitARM/bin/../lib/gcc/arm-none-eabi/15.1.0/../../../../arm-none-eabi/lib/armv6k/fpu\libg.a(libc_a-abort.o)
                0x0011a21c                abort
 .text._calloc_r
                0x0011a230       0xd8 C:/DevKitPro/devkitARM/bin/../lib/gcc/arm-none-eabi/15.1.0/../../../../arm-none-eabi/lib/armv6k/fpu\libg.a(libc_a-callocr.o)
                0x0011a230                _calloc_r
 .text.__call_exitprocs
                0x0011a308      0x134 C:/DevKitPro/devkitARM/bin/../lib/gcc/arm-none-eabi/15.1.0/../../../../arm-none-eabi/lib/armv6k/fpu\libg.a(libc_a-__call_atexit.o)
                0x0011a308                __call_exitprocs
 .text._raise_r
                0x0011a43c       0x9c C:/DevKitPro/devkitARM/bin/../lib/gcc/arm-none-eabi/15.1.0/../../../../arm-none-eabi/lib/armv6k/fpu\libg.a(libc_a-signal.o)
                0x0011a43c                _raise_r
 .text.raise    0x0011a4d8       0x20 C:/DevKitPro/devkitARM/bin/../lib/gcc/arm-none-eabi/15.1.0/../../../../arm-none-eabi/lib/armv6k/fpu\libg.a(libc_a-signal.o)
                0x0011a4d8                raise
 .text.get_arg  0x0011a4f8      0x5e0 C:/DevKitPro/devkitARM/bin/../lib/gcc/arm-none-eabi/15.1.0/../../../../arm-none-eabi/lib/armv6k/fpu\libg.a(libc_a-vfiprintf.o)
 .text._vfiprintf_r
                0x0011aad8     0x22f8 C:/DevKitPro/devkitARM/bin/../lib/gcc/arm-none-eabi/15.1.0/../../../../arm-none-eabi/lib/armv6k/fpu\libg.a(libc_a-vfiprintf.o)
                0x0011aad8                _vfiprintf_r
 .text.__sbprintf
                0x0011cdd0       0xb4 C:/DevKitPro/devkitARM/bin/../lib/gcc/arm-none-eabi/15.1.0/../../../../arm-none-eabi/lib/armv6k/fpu\libg.a(libc_a-vfiprintf.o)
 .text._exit    0x0011ce84       0x20 C:/DevKitPro/devkitARM/bin/../lib/gcc/arm-none-eabi/15.1.0/../../../../arm-none-eabi/lib/armv6k/fpu\libsysbase.a(libsysbase_libsysbase_a-_exit.o)
                0x0011ce84                _exit
 .text.chdir    0x0011cea4      0x140 C:/DevKitPro/devkitARM/bin/../lib/gcc/arm-none-eabi/15.1.0/../../../../arm-none-eabi/lib/armv6k/fpu\libsysbase.a(libsysbase_libsysbase_a-chdir.o)
                0x0011cea4                chdir
 .text._concatenate_path
                0x0011cfe4      0x1c8 C:/DevKitPro/devkitARM/bin/../lib/gcc/arm-none-eabi/15.1.0/../../../../arm-none-eabi/lib/armv6k/fpu\libsysbase.a(libsysbase_libsysbase_a-concatenate.o)
                0x0011cfe4                _concatenate_path
 .text._fstat_r
                0x0011d1ac       0x9c C:/DevKitPro/devkitARM/bin/../lib/gcc/arm-none-eabi/15.1.0/../../../../arm-none-eabi/lib/armv6k/fpu\libsysbase.a(libsysbase_libsysbase_a-fstat.o)
                0x0011d1ac                _fstat_r
 .text._getpid_r
                0x0011d248       0x14 C:/DevKitPro/devkitARM/bin/../lib/gcc/arm-none-eabi/15.1.0/../../../../arm-none-eabi/lib/armv6k/fpu\libsysbase.a(libsysbase_libsysbase_a-getpid.o)
                0x0011d248                _getpid_r
 .text.__getreent
                0x0011d25c       0x2c C:/DevKitPro/devkitARM/bin/../lib/gcc/arm-none-eabi/15.1.0/../../../../arm-none-eabi/lib/armv6k/fpu\libsysbase.a(libsysbase_libsysbase_a-getreent.o)
                0x0011d25c                __getreent
 .text.__release_handle
                0x0011d288       0xa0 C:/DevKitPro/devkitARM/bin/../lib/gcc/arm-none-eabi/15.1.0/../../../../arm-none-eabi/lib/armv6k/fpu\libsysbase.a(libsysbase_libsysbase_a-handle_manager.o)
                0x0011d288                __release_handle
 .text.__alloc_handle
                0x0011d328       0xb0 C:/DevKitPro/devkitARM/bin/../lib/gcc/arm-none-eabi/15.1.0/../../../../arm-none-eabi/lib/armv6k/fpu\libsysbase.a(libsysbase_libsysbase_a-handle_manager.o)
                0x0011d328                __alloc_handle
 .text.__get_handle
                0x0011d3d8       0x58 C:/DevKitPro/devkitARM/bin/../lib/gcc/arm-none-eabi/15.1.0/../../../../arm-none-eabi/lib/armv6k/fpu\libsysbase.a(libsysbase_libsysbase_a-handle_manager.o)
                0x0011d3d8                __get_handle
 .text._close_r
                0x0011d430      0x110 C:/DevKitPro/devkitARM/bin/../lib/gcc/arm-none-eabi/15.1.0/../../../../arm-none-eabi/lib/armv6k/fpu\libsysbase.a(libsysbase_libsysbase_a-handle_manager.o)
                0x0011d430                _close_r
 .text.null_write
                0x0011d540        0x8 C:/DevKitPro/devkitARM/bin/../lib/gcc/arm-none-eabi/15.1.0/../../../../arm-none-eabi/lib/armv6k/fpu\libsysbase.a(libsysbase_libsysbase_a-iosupport.o)
 .text.setDefaultDevice
                0x0011d548       0x18 C:/DevKitPro/devkitARM/bin/../lib/gcc/arm-none-eabi/15.1.0/../../../../arm-none-eabi/lib/armv6k/fpu\libsysbase.a(libsysbase_libsysbase_a-iosupport.o)
                0x0011d548                setDefaultDevice
 .text.FindDevice
                0x0011d560       0xc4 C:/DevKitPro/devkitARM/bin/../lib/gcc/arm-none-eabi/15.1.0/../../../../arm-none-eabi/lib/armv6k/fpu\libsysbase.a(libsysbase_libsysbase_a-iosupport.o)
                0x0011d560                FindDevice
 .text.RemoveDevice
                0x0011d624       0x28 C:/DevKitPro/devkitARM/bin/../lib/gcc/arm-none-eabi/15.1.0/../../../../arm-none-eabi/lib/armv6k/fpu\libsysbase.a(libsysbase_libsysbase_a-iosupport.o)
                0x0011d624                RemoveDevice
 .text.AddDevice
                0x0011d64c       0x98 C:/DevKitPro/devkitARM/bin/../lib/gcc/arm-none-eabi/15.1.0/../../../../arm-none-eabi/lib/armv6k/fpu\libsysbase.a(libsysbase_libsysbase_a-iosupport.o)
                0x0011d64c                AddDevice
 .text.GetDeviceOpTab
                0x0011d6e4       0x20 C:/DevKitPro/devkitARM/bin/../lib/gcc/arm-none-eabi/15.1.0/../../../../arm-none-eabi/lib/armv6k/fpu\libsysbase.a(libsysbase_libsysbase_a-iosupport.o)
                0x0011d6e4                GetDeviceOpTab
 .text._isatty_r
                0x0011d704        0x8 C:/DevKitPro/devkitARM/bin/../lib/gcc/arm-none-eabi/15.1.0/../../../../arm-none-eabi/lib/armv6k/fpu\libsysbase.a(libsysbase_libsysbase_a-isatty.o)
                0x0011d704                _isatty_r
 .text._kill_r  0x0011d70c       0x14 C:/DevKitPro/devkitARM/bin/../lib/gcc/arm-none-eabi/15.1.0/../../../../arm-none-eabi/lib/armv6k/fpu\libsysbase.a(libsysbase_libsysbase_a-kill.o)
                0x0011d70c                _kill_r
 .text._lseek_r
                0x0011d720       0x94 C:/DevKitPro/devkitARM/bin/../lib/gcc/arm-none-eabi/15.1.0/../../../../arm-none-eabi/lib/armv6k/fpu\libsysbase.a(libsysbase_libsysbase_a-lseek.o)
                0x0011d720                _lseek_r
 .text._read_r  0x0011d7b4       0x94 C:/DevKitPro/devkitARM/bin/../lib/gcc/arm-none-eabi/15.1.0/../../../../arm-none-eabi/lib/armv6k/fpu\libsysbase.a(libsysbase_libsysbase_a-read.o)
                0x0011d7b4                _read_r
 .text._sbrk_r  0x0011d848       0x78 C:/DevKitPro/devkitARM/bin/../lib/gcc/arm-none-eabi/15.1.0/../../../../arm-none-eabi/lib/armv6k/fpu\libsysbase.a(libsysbase_libsysbase_a-sbrk.o)
                0x0011d848                _sbrk_r
 .text.__libc_lock_acquire
                0x0011d8c0       0x1c C:/DevKitPro/devkitARM/bin/../lib/gcc/arm-none-eabi/15.1.0/../../../../arm-none-eabi/lib/armv6k/fpu\libsysbase.a(libsysbase_libsysbase_a-syscall_support.o)
                0x0011d8c0                __libc_lock_acquire
 .text.__libc_lock_release
                0x0011d8dc       0x1c C:/DevKitPro/devkitARM/bin/../lib/gcc/arm-none-eabi/15.1.0/../../../../arm-none-eabi/lib/armv6k/fpu\libsysbase.a(libsysbase_libsysbase_a-syscall_support.o)
                0x0011d8dc                __libc_lock_release
 .text.__libc_lock_acquire_recursive
                0x0011d8f8       0x1c C:/DevKitPro/devkitARM/bin/../lib/gcc/arm-none-eabi/15.1.0/../../../../arm-none-eabi/lib/armv6k/fpu\libsysbase.a(libsysbase_libsysbase_a-syscall_support.o)
                0x0011d8f8                __libc_lock_acquire_recursive
 .text.__libc_lock_release_recursive
                0x0011d914       0x1c C:/DevKitPro/devkitARM/bin/../lib/gcc/arm-none-eabi/15.1.0/../../../../arm-none-eabi/lib/armv6k/fpu\libsysbase.a(libsysbase_libsysbase_a-syscall_support.o)
                0x0011d914                __libc_lock_release_recursive
 .text._times_r
                0x0011d930       0x14 C:/DevKitPro/devkitARM/bin/../lib/gcc/arm-none-eabi/15.1.0/../../../../arm-none-eabi/lib/armv6k/fpu\libsysbase.a(libsysbase_libsysbase_a-times.o)
                0x0011d930                _times_r
 .text._write_r
                0x0011d944       0x94 C:/DevKitPro/devkitARM/bin/../lib/gcc/arm-none-eabi/15.1.0/../../../../arm-none-eabi/lib/armv6k/fpu\libsysbase.a(libsysbase_libsysbase_a-write.o)
                0x0011d944                _write_r
 .text.strrchr  0x0011d9d8       0x48 C:/DevKitPro/devkitARM/bin/../lib/gcc/arm-none-eabi/15.1.0/../../../../arm-none-eabi/lib/armv6k/fpu\libg.a(libc_a-strrchr.o)
                0x0011d9d8                strrchr
 *(.glue_7)
 .glue_7        0x0011da20        0x0 linker stubs
 *(.glue_7t)
 .glue_7t       0x0011da20        0x0 linker stubs
 *(.stub)
 *(.gnu.warning)
 *(.gnu.linkonce.t*)
                0x0011da20                        . = ALIGN (0x4)
 *(.fini)
 .fini          0x0011da20        0xc C:/DevKitPro/devkitARM/bin/../lib/gcc/arm-none-eabi/15.1.0/armv6k/fpu/crti.o
                0x0011da20                _fini
 .fini          0x0011da2c        0xc C:/DevKitPro/devkitARM/bin/../lib/gcc/arm-none-eabi/15.1.0/armv6k/fpu/crtn.o
                0x0011da38                        . = ALIGN (0x4)

.vfp11_veneer   0x0011da38        0x0
 .vfp11_veneer  0x0011da38        0x0 linker stubs

.v4_bx          0x0011da38        0x0
 .v4_bx         0x0011da38        0x0 linker stubs

.iplt           0x0011da38        0x0
 .iplt          0x0011da38        0x0 C:/DevKitPro/devkitARM/bin/../lib/gcc/arm-none-eabi/15.1.0/../../../../arm-none-eabi/lib/armv6k/fpu/3dsx_crt0.o
                0x0011e000                        . = ALIGN (0x1000)

.rodata         0x0011e000     0x1ed8
 *(.rodata)
 .rodata        0x0011e000        0xc C:/DevKitPro/libctru/lib\libctru.a(archive_dev.o)
 *(.roda)
 *(.rodata.*)
 .rodata.str1.4
                0x0011e00c      0xaf7 main.o
                                0x20d (size before relaxing)
 .rodata.consolePrintChar
                0x0011eb03        0x6 C:/DevKitPro/libctru/lib\libctru.a(console.o)
 *fill*         0x0011eb09        0x1 
 .rodata.con_write
                0x0011eb0a      0x164 C:/DevKitPro/libctru/lib\libctru.a(console.o)
 .rodata.str1.4
                0x0011ec6e       0x10 C:/DevKitPro/libctru/lib\libctru.a(console.o)
 *fill*         0x0011ec6e        0x2 
 .rodata.dotab_stdout
                0x0011ec70       0x80 C:/DevKitPro/libctru/lib\libctru.a(console.o)
 .rodata.grayScale
                0x0011ecf0       0x18 C:/DevKitPro/libctru/lib\libctru.a(console.o)
 .rodata.colorCube
                0x0011ed08        0x6 C:/DevKitPro/libctru/lib\libctru.a(console.o)
 *fill*         0x0011ed0e        0x2 
 .rodata.colorTable
                0x0011ed10       0x30 C:/DevKitPro/libctru/lib\libctru.a(console.o)
 .rodata.aptEventHandler
                0x0011ed40        0xb C:/DevKitPro/libctru/lib\libctru.a(apt.o)
 .rodata.aptWaitForWakeUp.isra.0
                0x0011ed4b       0x11 C:/DevKitPro/libctru/lib\libctru.a(apt.o)
 .rodata.morton_y.2
                0x0011ed5c        0x8 C:/DevKitPro/libctru/lib\libctru.a(apt.o)
 .rodata.morton_x.3
                0x0011ed64        0x8 C:/DevKitPro/libctru/lib\libctru.a(apt.o)
 .rodata.s_sleepWakeEvents.4
                0x0011ed6c        0x8 C:/DevKitPro/libctru/lib\libctru.a(apt.o)
 .rodata.str1.4
                0x0011ed74       0x16 C:/DevKitPro/libctru/lib\libctru.a(apt.o)
 .rodata.serviceNameTable.5
                0x0011ed74        0xc C:/DevKitPro/libctru/lib\libctru.a(apt.o)
 .rodata.gspInit.str1.4
                0x0011ed80        0x9 C:/DevKitPro/libctru/lib\libctru.a(gspgpu.o)
 .rodata.hidInit.str1.4
                0x0011ed80       0x15 C:/DevKitPro/libctru/lib\libctru.a(hid.o)
 .rodata.irrstInit.str1.4
                0x0011ed80        0x7 C:/DevKitPro/libctru/lib\libctru.a(irrst.o)
 .rodata.accept.str1.4
                0x0011ed80        0x9 C:/DevKitPro/libctru/lib\libctru.a(soc_accept.o)
 .rodata.bind.str1.4
                0x0011ed80        0x4 C:/DevKitPro/libctru/lib\libctru.a(soc_bind.o)
 .rodata._net_error_code_map
                0x0011ed80       0x4d C:/DevKitPro/libctru/lib\libctru.a(soc_common.o)
 .rodata.connect.str1.4
                0x0011edcd        0x4 C:/DevKitPro/libctru/lib\libctru.a(soc_connect.o)
 .rodata.fcntl.str1.4
                0x0011edcd        0x4 C:/DevKitPro/libctru/lib\libctru.a(soc_fcntl.o)
 .rodata.socInit.str1.4
                0x0011edcd        0xe C:/DevKitPro/libctru/lib\libctru.a(soc_init.o)
 .rodata.str1.4
                0x0011edcd        0x4 C:/DevKitPro/libctru/lib\libctru.a(soc_init.o)
 .rodata.listen.str1.4
                0x0011edcd        0x4 C:/DevKitPro/libctru/lib\libctru.a(soc_listen.o)
 .rodata.sendto.str1.4
                0x0011edcd        0x4 C:/DevKitPro/libctru/lib\libctru.a(soc_sendto.o)
 .rodata.shutdown.str1.4
                0x0011edcd        0x4 C:/DevKitPro/libctru/lib\libctru.a(soc_shutdown.o)
 .rodata.socket.str1.4
                0x0011edcd        0x5 C:/DevKitPro/libctru/lib\libctru.a(soc_socket.o)
 .rodata.__system_initArgv.str1.4
                0x0011edcd        0xa C:/DevKitPro/libctru/lib\libctru.a(initArgv.o)
 *fill*         0x0011edcd        0x3 
 .rodata.default_font_bin
                0x0011edd0      0x800 C:/DevKitPro/libctru/lib\libctru.a(default_font.bin.o)
                0x0011edd0                default_font_bin
                0x0011f5d0                default_font_bin_end
 .rodata.srvInit.str1.4
                0x0011f5d0        0x5 C:/DevKitPro/libctru/lib\libctru.a(srv.o)
 .rodata.ptmSysmInit.str1.4
                0x0011f5d0        0x9 C:/DevKitPro/libctru/lib\libctru.a(ptmsysm.o)
 .rodata.archive_utf16path.str1.4
                0x0011f5d0        0x2 C:/DevKitPro/libctru/lib\libctru.a(archive_dev.o)
 .rodata._archiveUnmountDeviceStruct.part.0.str1.4
                0x0011f5d0        0x2 C:/DevKitPro/libctru/lib\libctru.a(archive_dev.o)
 .rodata._archiveMountDevice.str1.4
                0x0011f5d0        0xc C:/DevKitPro/libctru/lib\libctru.a(archive_dev.o)
 .rodata.archiveMountSdmc.str1.4
                0x0011f5d0        0x5 C:/DevKitPro/libctru/lib\libctru.a(archive_dev.o)
 .rodata.error_table
                0x0011f5d0       0x30 C:/DevKitPro/libctru/lib\libctru.a(archive_dev.o)
 .rodata.str1.4
                0x0011f600        0x8 C:/DevKitPro/libctru/lib\libctru.a(archive_dev.o)
 .rodata.archive_devoptab
                0x0011f600       0x80 C:/DevKitPro/libctru/lib\libctru.a(archive_dev.o)
 .rodata.fsInit.str1.4
                0x0011f680        0x8 C:/DevKitPro/libctru/lib\libctru.a(fs.o)
 .rodata._strerror_r.str1.4
                0x0011f680      0x701 C:/DevKitPro/devkitARM/bin/../lib/gcc/arm-none-eabi/15.1.0/../../../../arm-none-eabi/lib/armv6k/fpu\libg.a(libc_a-strerror.o)
 .rodata._strerror_r
                0x0011f680       0x8f C:/DevKitPro/devkitARM/bin/../lib/gcc/arm-none-eabi/15.1.0/../../../../arm-none-eabi/lib/armv6k/fpu\libg.a(libc_a-strerror.o)
 .rodata._puts_r.str1.4
                0x0011f70f        0x2 C:/DevKitPro/devkitARM/bin/../lib/gcc/arm-none-eabi/15.1.0/../../../../arm-none-eabi/lib/armv6k/fpu\libg.a(libc_a-puts.o)
 *fill*         0x0011f70f        0x1 
 .rodata.get_arg
                0x0011f710       0x34 C:/DevKitPro/devkitARM/bin/../lib/gcc/arm-none-eabi/15.1.0/../../../../arm-none-eabi/lib/armv6k/fpu\libg.a(libc_a-svfprintf.o)
 .rodata._svfprintf_r.str1.1
                0x0011f744       0x3b C:/DevKitPro/devkitARM/bin/../lib/gcc/arm-none-eabi/15.1.0/../../../../arm-none-eabi/lib/armv6k/fpu\libg.a(libc_a-svfprintf.o)
 *fill*         0x0011f77f        0x1 
 .rodata._svfprintf_r
                0x0011f780       0xb6 C:/DevKitPro/devkitARM/bin/../lib/gcc/arm-none-eabi/15.1.0/../../../../arm-none-eabi/lib/armv6k/fpu\libg.a(libc_a-svfprintf.o)
 *fill*         0x0011f836        0x2 
 .rodata.zeroes.0
                0x0011f838       0x10 C:/DevKitPro/devkitARM/bin/../lib/gcc/arm-none-eabi/15.1.0/../../../../arm-none-eabi/lib/armv6k/fpu\libg.a(libc_a-svfprintf.o)
 .rodata.blanks.1
                0x0011f848       0x10 C:/DevKitPro/devkitARM/bin/../lib/gcc/arm-none-eabi/15.1.0/../../../../arm-none-eabi/lib/armv6k/fpu\libg.a(libc_a-svfprintf.o)
 .rodata._ctype_
                0x0011f858      0x101 C:/DevKitPro/devkitARM/bin/../lib/gcc/arm-none-eabi/15.1.0/../../../../arm-none-eabi/lib/armv6k/fpu\libg.a(libc_a-ctype_.o)
                0x0011f858                _ctype_
 *fill*         0x0011f959        0x3 
 .rodata.__action_table
                0x0011f95c       0x6c C:/DevKitPro/devkitARM/bin/../lib/gcc/arm-none-eabi/15.1.0/../../../../arm-none-eabi/lib/armv6k/fpu\libg.a(libc_a-svfiprintf.o)
                0x0011f95c                __action_table
 .rodata.__state_table
                0x0011f9c8       0x6c C:/DevKitPro/devkitARM/bin/../lib/gcc/arm-none-eabi/15.1.0/../../../../arm-none-eabi/lib/armv6k/fpu\libg.a(libc_a-svfiprintf.o)
                0x0011f9c8                __state_table
 .rodata.__chclass
                0x0011fa34      0x100 C:/DevKitPro/devkitARM/bin/../lib/gcc/arm-none-eabi/15.1.0/../../../../arm-none-eabi/lib/armv6k/fpu\libg.a(libc_a-svfiprintf.o)
                0x0011fa34                __chclass
 .rodata.str1.4
                0x0011fb34       0x4c C:/DevKitPro/devkitARM/bin/../lib/gcc/arm-none-eabi/15.1.0/../../../../arm-none-eabi/lib/armv6k/fpu\libg.a(libc_a-locale.o)
 .rodata.get_arg
                0x0011fb34       0x34 C:/DevKitPro/devkitARM/bin/../lib/gcc/arm-none-eabi/15.1.0/../../../../arm-none-eabi/lib/armv6k/fpu\libg.a(libc_a-vfprintf.o)
 .rodata._vfprintf_r.str1.1
                0x0011fb68       0x3b C:/DevKitPro/devkitARM/bin/../lib/gcc/arm-none-eabi/15.1.0/../../../../arm-none-eabi/lib/armv6k/fpu\libg.a(libc_a-vfprintf.o)
 .rodata._vfprintf_r
                0x0011fb68       0xb6 C:/DevKitPro/devkitARM/bin/../lib/gcc/arm-none-eabi/15.1.0/../../../../arm-none-eabi/lib/armv6k/fpu\libg.a(libc_a-vfprintf.o)
 *fill*         0x0011fc1e        0x2 
 .rodata.zeroes.0
                0x0011fc20       0x10 C:/DevKitPro/devkitARM/bin/../lib/gcc/arm-none-eabi/15.1.0/../../../../arm-none-eabi/lib/armv6k/fpu\libg.a(libc_a-vfprintf.o)
 .rodata.blanks.1
                0x0011fc30       0x10 C:/DevKitPro/devkitARM/bin/../lib/gcc/arm-none-eabi/15.1.0/../../../../arm-none-eabi/lib/armv6k/fpu\libg.a(libc_a-vfprintf.o)
 .rodata._dtoa_r.str1.4
                0x0011fc40       0x6a C:/DevKitPro/devkitARM/bin/../lib/gcc/arm-none-eabi/15.1.0/../../../../arm-none-eabi/lib/armv6k/fpu\libg.a(libc_a-dtoa.o)
 .rodata._dtoa_r
                0x0011fc40        0x8 C:/DevKitPro/devkitARM/bin/../lib/gcc/arm-none-eabi/15.1.0/../../../../arm-none-eabi/lib/armv6k/fpu\libg.a(libc_a-dtoa.o)
 .rodata.__assert_func.str1.4
                0x0011fc48       0x43 C:/DevKitPro/devkitARM/bin/../lib/gcc/arm-none-eabi/15.1.0/../../../../arm-none-eabi/lib/armv6k/fpu\libg.a(libc_a-assert.o)
 .rodata.__multadd.str1.4
                0x0011fc48       0x57 C:/DevKitPro/devkitARM/bin/../lib/gcc/arm-none-eabi/15.1.0/../../../../arm-none-eabi/lib/armv6k/fpu\libg.a(libc_a-mprec.o)
 .rodata.p05.0  0x0011fc48        0xc C:/DevKitPro/devkitARM/bin/../lib/gcc/arm-none-eabi/15.1.0/../../../../arm-none-eabi/lib/armv6k/fpu\libg.a(libc_a-mprec.o)
 *fill*         0x0011fc54        0x4 
 .rodata.__mprec_bigtens
                0x0011fc58       0x28 C:/DevKitPro/devkitARM/bin/../lib/gcc/arm-none-eabi/15.1.0/../../../../arm-none-eabi/lib/armv6k/fpu\libg.a(libc_a-mprec.o)
                0x0011fc58                __mprec_bigtens
 .rodata.__mprec_tens
                0x0011fc80       0xc8 C:/DevKitPro/devkitARM/bin/../lib/gcc/arm-none-eabi/15.1.0/../../../../arm-none-eabi/lib/armv6k/fpu\libg.a(libc_a-mprec.o)
                0x0011fc80                __mprec_tens
 .rodata.get_arg
                0x0011fd48       0x34 C:/DevKitPro/devkitARM/bin/../lib/gcc/arm-none-eabi/15.1.0/../../../../arm-none-eabi/lib/armv6k/fpu\libg.a(libc_a-vfiprintf.o)
 .rodata._vfiprintf_r.str1.1
                0x0011fd7c       0x29 C:/DevKitPro/devkitARM/bin/../lib/gcc/arm-none-eabi/15.1.0/../../../../arm-none-eabi/lib/armv6k/fpu\libg.a(libc_a-vfiprintf.o)
 .rodata._vfiprintf_r
                0x0011fd7c       0xb6 C:/DevKitPro/devkitARM/bin/../lib/gcc/arm-none-eabi/15.1.0/../../../../arm-none-eabi/lib/armv6k/fpu\libg.a(libc_a-vfiprintf.o)
 *fill*         0x0011fe32        0x2 
 .rodata.zeroes.0
                0x0011fe34       0x10 C:/DevKitPro/devkitARM/bin/../lib/gcc/arm-none-eabi/15.1.0/../../../../arm-none-eabi/lib/armv6k/fpu\libg.a(libc_a-vfiprintf.o)
 .rodata.blanks.1
                0x0011fe44       0x10 C:/DevKitPro/devkitARM/bin/../lib/gcc/arm-none-eabi/15.1.0/../../../../arm-none-eabi/lib/armv6k/fpu\libg.a(libc_a-vfiprintf.o)
 .rodata.AddDevice.str1.4
                0x0011fe54        0x8 C:/DevKitPro/devkitARM/bin/../lib/gcc/arm-none-eabi/15.1.0/../../../../arm-none-eabi/lib/armv6k/fpu\libsysbase.a(libsysbase_libsysbase_a-iosupport.o)
 .rodata.dotab_stdnull
                0x0011fe54       0x80 C:/DevKitPro/devkitARM/bin/../lib/gcc/arm-none-eabi/15.1.0/../../../../arm-none-eabi/lib/armv6k/fpu\libsysbase.a(libsysbase_libsysbase_a-iosupport.o)
                0x0011fe54                dotab_stdnull
 *all.rodata*(*)
 *(.gnu.linkonce.r*)
                0x0011fed4                        . = ALIGN (0x4)
                0x0011fed4                        __tdata_align = .
                0x0011fed4        0x4 LONG 0x4 ALIGNOF (.tdata)
                0x0011fed8                        . = ALIGN (0x4)

.eh_frame       0x0011fed8        0x0
 .eh_frame      0x0011fed8        0x0 C:/DevKitPro/devkitARM/bin/../lib/gcc/arm-none-eabi/15.1.0/armv6k/fpu/crtbegin.o

.rel.dyn        0x0011fed8        0x0
 .rel.iplt      0x0011fed8        0x0 C:/DevKitPro/devkitARM/bin/../lib/gcc/arm-none-eabi/15.1.0/../../../../arm-none-eabi/lib/armv6k/fpu/3dsx_crt0.o
 .rel.got       0x0011fed8        0x0 C:/DevKitPro/devkitARM/bin/../lib/gcc/arm-none-eabi/15.1.0/../../../../arm-none-eabi/lib/armv6k/fpu/3dsx_crt0.o

.ARM.extab
 *(.ARM.extab* .gnu.linkonce.armextab.*)
                0x0011fed8                        __exidx_start = .

.ARM.exidx
 *(.ARM.exidx* .gnu.linkonce.armexidx.*)
                0x0011fed8                        __exidx_end = .
                0x00120000                        . = ALIGN (0x1000)

.data           0x00120000     0x1c7c
 *(.data)
 .data          0x00120000        0xc main.o
                0x00120000                DSServerSocket
                0x00120004                PCClientSocket
                0x00120008                PCServerSocket
 *(.data.*)
 .data.firstConsoleInit.0
                0x0012000c        0x1 C:/DevKitPro/libctru/lib\libctru.a(console.o)
 *fill*         0x0012000d        0x3 
 .data.currentConsole
                0x00120010        0x4 C:/DevKitPro/libctru/lib\libctru.a(console.o)
                0x00120010                currentConsole
 .data.defaultConsole
                0x00120014       0x48 C:/DevKitPro/libctru/lib\libctru.a(console.o)
                0x00120014                defaultConsole
 .data.aptChainloadDeliverArgSize
                0x0012005c        0x4 C:/DevKitPro/libctru/lib\libctru.a(apt.o)
 .data.kCount   0x00120060        0x4 C:/DevKitPro/libctru/lib\libctru.a(hid.o)
 .data.kInterval
                0x00120064        0x4 C:/DevKitPro/libctru/lib\libctru.a(hid.o)
 .data.kDelay   0x00120068        0x4 C:/DevKitPro/libctru/lib\libctru.a(hid.o)
 .data.soc_devoptab
                0x0012006c       0x80 C:/DevKitPro/libctru/lib\libctru.a(soc_init.o)
 .data.__stacksize__
                0x001200ec        0x4 C:/DevKitPro/libctru/lib\libctru.a(stack_adjust.o)
                0x001200ec                __stacksize__
 .data.__sglue  0x001200f0        0xc C:/DevKitPro/devkitARM/bin/../lib/gcc/arm-none-eabi/15.1.0/../../../../arm-none-eabi/lib/armv6k/fpu\libg.a(libc_a-findfp.o)
                0x001200f0                __sglue
 .data.__malloc_sbrk_base
                0x001200fc        0x4 C:/DevKitPro/devkitARM/bin/../lib/gcc/arm-none-eabi/15.1.0/../../../../arm-none-eabi/lib/armv6k/fpu\libg.a(libc_a-mallocr.o)
                0x001200fc                __malloc_sbrk_base
 .data.__malloc_trim_threshold
                0x00120100        0x4 C:/DevKitPro/devkitARM/bin/../lib/gcc/arm-none-eabi/15.1.0/../../../../arm-none-eabi/lib/armv6k/fpu\libg.a(libc_a-mallocr.o)
                0x00120100                __malloc_trim_threshold
 *fill*         0x00120104        0x4 
 .data.__malloc_av_
                0x00120108      0x408 C:/DevKitPro/devkitARM/bin/../lib/gcc/arm-none-eabi/15.1.0/../../../../arm-none-eabi/lib/armv6k/fpu\libg.a(libc_a-mallocr.o)
                0x00120108                __malloc_av_
 .data._impure_ptr
                0x00120510        0x4 C:/DevKitPro/devkitARM/bin/../lib/gcc/arm-none-eabi/15.1.0/../../../../arm-none-eabi/lib/armv6k/fpu\libg.a(libc_a-impure.o)
                0x00120510                _impure_ptr
 *fill*         0x00120514        0x4 
 .data._impure_data
                0x00120518      0x140 C:/DevKitPro/devkitARM/bin/../lib/gcc/arm-none-eabi/15.1.0/../../../../arm-none-eabi/lib/armv6k/fpu\libg.a(libc_a-impure.o)
                0x00120518                _impure_data
 .data.__global_locale
                0x00120658      0x16c C:/DevKitPro/devkitARM/bin/../lib/gcc/arm-none-eabi/15.1.0/../../../../arm-none-eabi/lib/armv6k/fpu\libg.a(libc_a-locale.o)
                0x00120658                __global_locale
 .data._current_working_directory
                0x001207c4      0x400 C:/DevKitPro/devkitARM/bin/../lib/gcc/arm-none-eabi/15.1.0/../../../../arm-none-eabi/lib/armv6k/fpu\libsysbase.a(libsysbase_libsysbase_a-chdir.o)
 *fill*         0x00120bc4        0x4 
 .data.handles  0x00120bc8     0x1000 C:/DevKitPro/devkitARM/bin/../lib/gcc/arm-none-eabi/15.1.0/../../../../arm-none-eabi/lib/armv6k/fpu\libsysbase.a(libsysbase_libsysbase_a-handle_manager.o)
 .data.__stderr_handle
                0x00121bc8        0xc C:/DevKitPro/devkitARM/bin/../lib/gcc/arm-none-eabi/15.1.0/../../../../arm-none-eabi/lib/armv6k/fpu\libsysbase.a(libsysbase_libsysbase_a-handle_manager.o)
 .data.__stdout_handle
                0x00121bd4        0xc C:/DevKitPro/devkitARM/bin/../lib/gcc/arm-none-eabi/15.1.0/../../../../arm-none-eabi/lib/armv6k/fpu\libsysbase.a(libsysbase_libsysbase_a-handle_manager.o)
 .data.__stdin_handle
                0x00121be0        0xc C:/DevKitPro/devkitARM/bin/../lib/gcc/arm-none-eabi/15.1.0/../../../../arm-none-eabi/lib/armv6k/fpu\libsysbase.a(libsysbase_libsysbase_a-handle_manager.o)
 .data.devoptab_list
                0x00121bec       0x8c C:/DevKitPro/devkitARM/bin/../lib/gcc/arm-none-eabi/15.1.0/../../../../arm-none-eabi/lib/armv6k/fpu\libsysbase.a(libsysbase_libsysbase_a-iosupport.o)
                0x00121bec                devoptab_list
 .data.defaultDevice
                0x00121c78        0x4 C:/DevKitPro/devkitARM/bin/../lib/gcc/arm-none-eabi/15.1.0/../../../../arm-none-eabi/lib/armv6k/fpu\libsysbase.a(libsysbase_libsysbase_a-iosupport.o)
 *(.gnu.linkonce.d*)
                0x00121c7c                        . = ALIGN (0x4)

.igot.plt       0x00121c7c        0x0
 .igot.plt      0x00121c7c        0x0 C:/DevKitPro/devkitARM/bin/../lib/gcc/arm-none-eabi/15.1.0/../../../../arm-none-eabi/lib/armv6k/fpu/3dsx_crt0.o

.got            0x00121c7c        0x8
 .got           0x00121c7c        0x8 C:/DevKitPro/devkitARM/bin/../lib/gcc/arm-none-eabi/15.1.0/../../../../arm-none-eabi/lib/armv6k/fpu/3dsx_crt0.o

.got.plt        0x00121c84        0xc
 .got.plt       0x00121c84        0xc C:/DevKitPro/devkitARM/bin/../lib/gcc/arm-none-eabi/15.1.0/../../../../arm-none-eabi/lib/armv6k/fpu/3dsx_crt0.o
                0x00121c84                _GLOBAL_OFFSET_TABLE_

.tdata          0x00121c90        0x0
                0x00121c90                        __tdata_lma = .
 *(.tdata)
 *(.tdata.*)
 *(.gnu.linkonce.td.*)
                0x00121c90                        . = ALIGN (0x4)
                0x00121c90                        __tdata_lma_end = .

.tbss           0x00121c90      0xc08
 *(.tbss)
 *(.tbss.*)
 .tbss.__ctru_dev_utf16_buf
                0x00121c90      0x802 C:/DevKitPro/libctru/lib\libctru.a(path_buf.o)
                0x00121c90                __ctru_dev_utf16_buf
 *fill*         0x00122492        0x2 
 .tbss.__ctru_dev_path_buf
                0x00122494      0x401 C:/DevKitPro/libctru/lib\libctru.a(path_buf.o)
                0x00122494                __ctru_dev_path_buf
 *(.gnu.linkonce.tb.*)
 *(.tcommon)
                0x00122898                        . = ALIGN (0x4)
 *fill*         0x00122895        0x3 

.preinit_array  0x00121c90        0x0
                0x00121c90                        PROVIDE (__preinit_array_start = .)
 *(.preinit_array)
                0x00121c90                        PROVIDE (__preinit_array_end = .)

.init_array     0x00121c90        0x4
                0x00121c90                        PROVIDE (__init_array_start = .)
 *(SORT_BY_NAME(.init_array.*))
 *(.init_array)
 .init_array    0x00121c90        0x4 C:/DevKitPro/devkitARM/bin/../lib/gcc/arm-none-eabi/15.1.0/armv6k/fpu/crtbegin.o
                0x00121c94                        PROVIDE (__init_array_end = .)

.fini_array     0x00121c94        0x4
                0x00121c94                        PROVIDE (__fini_array_start = .)
 *(.fini_array)
 .fini_array    0x00121c94        0x4 C:/DevKitPro/devkitARM/bin/../lib/gcc/arm-none-eabi/15.1.0/armv6k/fpu/crtbegin.o
 *(SORT_BY_NAME(.fini_array.*))
                0x00121c98                        PROVIDE (__fini_array_end = .)

.ctors
 *crtbegin.o(.ctors)
 *(EXCLUDE_FILE(*crtend.o) .ctors)
 *(SORT_BY_NAME(.ctors.*))
 *(.ctors)

.dtors
 *crtbegin.o(.dtors)
 *(EXCLUDE_FILE(*crtend.o) .dtors)
 *(SORT_BY_NAME(.dtors.*))
 *(.dtors)
                0x00121c98                        __bss_start__ = .

.bss            0x00121c98     0x2fe4
 *(.dynbss)
 *(.bss)
 .bss           0x00121c98        0x4 main.o
 *(.bss.*)
 .bss.completed.1
                0x00121c9c        0x1 C:/DevKitPro/devkitARM/bin/../lib/gcc/arm-none-eabi/15.1.0/armv6k/fpu/crtbegin.o
 *fill*         0x00121c9d        0x3 
 .bss.object.0  0x00121ca0       0x18 C:/DevKitPro/devkitARM/bin/../lib/gcc/arm-none-eabi/15.1.0/armv6k/fpu/crtbegin.o
 .bss.escapeSeq
                0x00121cb8       0x64 C:/DevKitPro/libctru/lib\libctru.a(console.o)
 .bss.currentCopy
                0x00121d1c       0x48 C:/DevKitPro/libctru/lib\libctru.a(console.o)
                0x00121d1c                currentCopy
 .bss.screenAlloc
                0x00121d64        0x4 C:/DevKitPro/libctru/lib\libctru.a(gfx.o)
 .bss.screenFree
                0x00121d68        0x4 C:/DevKitPro/libctru/lib\libctru.a(gfx.o)
 .bss.gfxIsDoubleBuf
                0x00121d6c        0x2 C:/DevKitPro/libctru/lib\libctru.a(gfx.o)
 *fill*         0x00121d6e        0x2 
 .bss.gfxCurBuf
                0x00121d70        0x2 C:/DevKitPro/libctru/lib\libctru.a(gfx.o)
 .bss.gfxIsVram
                0x00121d72        0x1 C:/DevKitPro/libctru/lib\libctru.a(gfx.o)
 .bss.gfxTopMode
                0x00121d73        0x1 C:/DevKitPro/libctru/lib\libctru.a(gfx.o)
 .bss.gfxFramebufferFormats
                0x00121d74        0x2 C:/DevKitPro/libctru/lib\libctru.a(gfx.o)
 *fill*         0x00121d76        0x2 
 .bss.gfxBottomFramebufferMaxSize
                0x00121d78        0x4 C:/DevKitPro/libctru/lib\libctru.a(gfx.o)
 .bss.gfxTopFramebufferMaxSize
                0x00121d7c        0x4 C:/DevKitPro/libctru/lib\libctru.a(gfx.o)
 .bss.gfxBottomFramebuffers
                0x00121d80        0x8 C:/DevKitPro/libctru/lib\libctru.a(gfx.o)
 .bss.gfxTopFramebuffers
                0x00121d88        0x8 C:/DevKitPro/libctru/lib\libctru.a(gfx.o)
 .bss.flagValue.0
                0x00121d90        0x1 C:/DevKitPro/libctru/lib\libctru.a(apt.o)
 .bss.flagInit.1
                0x00121d91        0x1 C:/DevKitPro/libctru/lib\libctru.a(apt.o)
 *fill*         0x00121d92        0x2 
 .bss.serviceName.6
                0x00121d94        0x4 C:/DevKitPro/libctru/lib\libctru.a(apt.o)
 .bss.aptChainloadFlags
                0x00121d98        0x1 C:/DevKitPro/libctru/lib\libctru.a(apt.o)
 .bss.aptChainloadMediatype
                0x00121d99        0x1 C:/DevKitPro/libctru/lib\libctru.a(apt.o)