Archive member included to satisfy reference by file (symbol)

C:/DevKitPro/libctru/lib\libctru.a(console.o)
                              main.o (consoleInit)
C:/DevKitPro/libctru/lib\libctru.a(gfx.o)
                              C:/DevKitPro/libctru/lib\libctru.a(console.o) (gfxIsWide)
C:/DevKitPro/libctru/lib\libctru.a(apt.o)
                              main.o (aptMainLoop)
C:/DevKitPro/libctru/lib\libctru.a(gspgpu.o)
                              C:/DevKitPro/libctru/lib\libctru.a(gfx.o) (gspInit)
C:/DevKitPro/libctru/lib\libctru.a(hid.o)
                              main.o (hidScanInput)
C:/DevKitPro/libctru/lib\libctru.a(irrst.o)
                              C:/DevKitPro/libctru/lib\libctru.a(hid.o) (irrstInit)
C:/DevKitPro/libctru/lib\libctru.a(soc_accept.o)
                              main.o (accept)
C:/DevKitPro/libctru/lib\libctru.a(soc_bind.o)
                              main.o (bind)
C:/DevKitPro/libctru/lib\libctru.a(soc_common.o)
                              C:/DevKitPro/libctru/lib\libctru.a(soc_accept.o) (_net_convert_error)
C:/DevKitPro/libctru/lib\libctru.a(soc_connect.o)
                              main.o (connect)
C:/DevKitPro/libctru/lib\libctru.a(soc_fcntl.o)
                              main.o (fcntl)
C:/DevKitPro/libctru/lib\libctru.a(soc_gethostid.o)
                              main.o (gethostid)
C:/DevKitPro/libctru/lib\libctru.a(soc_inet_ntoa.o)
                              main.o (inet_ntoa)
C:/DevKitPro/libctru/lib\libctru.a(soc_init.o)
                              main.o (socInit)
C:/DevKitPro/libctru/lib\libctru.a(soc_listen.o)
                              main.o (listen)
C:/DevKitPro/libctru/lib\libctru.a(soc_recvfrom.o)
                              C:/DevKitPro/libctru/lib\libctru.a(soc_init.o) (soc_recvfrom)
C:/DevKitPro/libctru/lib\libctru.a(soc_send.o)
                              main.o (send)
C:/DevKitPro/libctru/lib\libctru.a(soc_sendto.o)
                              C:/DevKitPro/libctru/lib\libctru.a(soc_init.o) (soc_sendto)
C:/DevKitPro/libctru/lib\libctru.a(soc_shutdown.o)
                              main.o (shutdown)
C:/DevKitPro/libctru/lib\libctru.a(soc_socket.o)
                              main.o (socket)
C:/DevKitPro/libctru/lib\libctru.a(ctru_init.o)
                              C:/DevKitPro/libctru/lib\libctru.a(apt.o) (__system_retAddr)
C:/DevKitPro/libctru/lib\libctru.a(initArgv.o)
                              C:/DevKitPro/libctru/lib\libctru.a(ctru_init.o) (__system_initArgv)
C:/DevKitPro/libctru/lib\libctru.a(syscalls.o)
                              C:/DevKitPro/libctru/lib\libctru.a(ctru_init.o) (__system_initSyscalls)
C:/DevKitPro/libctru/lib\libctru.a(svc.o)
                              C:/DevKitPro/libctru/lib\libctru.a(apt.o) (svcSleepThread)
C:/DevKitPro/libctru/lib\libctru.a(stack_adjust.o)
                              C:/DevKitPro/devkitARM/bin/../lib/gcc/arm-none-eabi/15.1.0/../../../../arm-none-eabi/lib/armv6k/fpu/3dsx_crt0.o (initSystem)
C:/DevKitPro/libctru/lib\libctru.a(default_font.bin.o)
                              C:/DevKitPro/libctru/lib\libctru.a(console.o) (default_font_bin)
C:/DevKitPro/libctru/lib\libctru.a(linear.o)
                              C:/DevKitPro/libctru/lib\libctru.a(gfx.o) (linearAlloc)
C:/DevKitPro/libctru/lib\libctru.a(mem_pool.o)
                              C:/DevKitPro/libctru/lib\libctru.a(linear.o) (MemPool::Allocate(MemChunk&, unsigned long, int))
C:/DevKitPro/libctru/lib\libctru.a(vram.o)
                              C:/DevKitPro/libctru/lib\libctru.a(gfx.o) (vramAlloc)
C:/DevKitPro/libctru/lib\libctru.a(3dslink.o)
                              C:/DevKitPro/libctru/lib\libctru.a(initArgv.o) (__3dslink_host)
C:/DevKitPro/libctru/lib\libctru.a(env.o)
                              C:/DevKitPro/libctru/lib\libctru.a(irrst.o) (envGetHandle)
C:/DevKitPro/libctru/lib\libctru.a(os.o)
                              C:/DevKitPro/libctru/lib\libctru.a(syscalls.o) (osGetTime)
C:/DevKitPro/libctru/lib\libctru.a(srv.o)
                              C:/DevKitPro/libctru/lib\libctru.a(apt.o) (srvInit)
C:/DevKitPro/libctru/lib\libctru.a(synchronization.o)
                              C:/DevKitPro/libctru/lib\libctru.a(ctru_init.o) (__sync_init)
C:/DevKitPro/libctru/lib\libctru.a(thread.o)
                              C:/DevKitPro/libctru/lib\libctru.a(apt.o) (threadCreate)
C:/DevKitPro/libctru/lib\libctru.a(mappable.o)
                              C:/DevKitPro/libctru/lib\libctru.a(apt.o) (mappableAlloc)
C:/DevKitPro/libctru/lib\libctru.a(ptmsysm.o)
                              C:/DevKitPro/libctru/lib\libctru.a(os.o) (ptmSysmInit)
C:/DevKitPro/libctru/lib\libctru.a(srvpm.o)
                              C:/DevKitPro/libctru/lib\libctru.a(srv.o) (srvPmGetSessionHandle)
C:/DevKitPro/libctru/lib\libctru.a(rbtree_find.o)
                              C:/DevKitPro/libctru/lib\libctru.a(linear.o) (rbtree_find)
C:/DevKitPro/libctru/lib\libctru.a(rbtree_init.o)
[...]
Memory Configuration

Name             Origin             Length             Attributes
*default*        0x00000000         0xffffffff

Linker script and memory map

                0x00000000                        __sync_synchronize = __sync_synchronize_dmb
                0x00100000                        PROVIDE (__start__ = 0x100000)
                0x00100000                        . = __start__

.text           0x00100000    0x1da14
 *(.crt0)
 .crt0          0x00100000       0x94 C:/DevKitPro/devkitARM/bin/../lib/gcc/arm-none-eabi/15.1.0/../../../../arm-none-eabi/lib/armv6k/fpu/3dsx_crt0.o
                0x00100000                _start
                0x00100008                __service_ptr
                0x0010000c                __apt_appid
                0x00100010                __heap_size
                0x00100014                __linear_heap_size
                0x00100018                __system_arglist
                0x0010001c                __system_runflags
 *(.init)
 .init          0x00100094        0xc C:/DevKitPro/devkitARM/bin/../lib/gcc/arm-none-eabi/15.1.0/armv6k/fpu/crti.o
                0x00100094                _init
 .init          0x001000a0        0xc C:/DevKitPro/devkitARM/bin/../lib/gcc/arm-none-eabi/15.1.0/armv6k/fpu/crtn.o
                0x001000ac                        . = ALIGN (0x4)
 *(.text)
 .text          0x001000ac      0x240 C:/DevKitPro/devkitARM/bin/../lib/gcc/arm-none-eabi/15.1.0/armv6k/fpu\libgcc.a(_divsi3.o)
                0x001000ac                __divsi3
                0x001000ac                __aeabi_idiv
                0x001002cc                __aeabi_idivmod
 .text          0x001002ec        0x4 C:/DevKitPro/devkitARM/bin/../lib/gcc/arm-none-eabi/15.1.0/armv6k/fpu\libgcc.a(_dvmd_tls.o)
                0x001002ec                __aeabi_idiv0
                0x001002ec                __aeabi_ldiv0
 .text          0x001002f0       0x3c C:/DevKitPro/devkitARM/bin/../lib/gcc/arm-none-eabi/15.1.0/armv6k/fpu\libgcc.a(_aeabi_uldivmod.o)
                0x001002f0                __aeabi_uldivmod
 *fill*         0x0010032c       0x14 
 .text          0x00100340      0x390 C:/DevKitPro/devkitARM/bin/../lib/gcc/arm-none-eabi/15.1.0/../../../../arm-none-eabi/lib/armv6k/fpu\libg.a(libc_a-strcmp.o)
                0x00100348                strcmp
 .text          0x001006d0      0x20c C:/DevKitPro/devkitARM/bin/../lib/gcc/arm-none-eabi/15.1.0/armv6k/fpu\libgcc.a(_udivsi3.o)
                0x001006d0                __aeabi_uidiv
                0x001006d0                __udivsi3
                0x001008bc                __aeabi_uidivmod
 *(.text.*)
 .text.__do_global_dtors_aux
                0x001008dc       0x50 C:/DevKitPro/devkitARM/bin/../lib/gcc/arm-none-eabi/15.1.0/armv6k/fpu/crtbegin.o
 .text.frame_dummy
                0x0010092c       0x2c C:/DevKitPro/devkitARM/bin/../lib/gcc/arm-none-eabi/15.1.0/armv6k/fpu/crtbegin.o
 .text.hot.ConvertToAppFlag
                0x00100958       0x54 FlagStructData.o
                0x00100958                ConvertToAppFlag
 .text.socShutdown
                0x001009ac       0x18 main.o
                0x001009ac                socShutdown
 .text.failExit
                0x001009c4       0xa4 main.o
                0x001009c4                failExit
 .text.PrintWarning
                0x00100a68       0x70 main.o
                0x00100a68                PrintWarning
 .text.startup.main
                0x00100ad8      0x5ec main.o
                0x00100ad8                main
 .text.consoleDrawChar
                0x001010c4      0x1c8 C:/DevKitPro/libctru/lib\libctru.a(console.o)
                0x001010c4                consoleDrawChar
 .text.consolePrintChar
                0x0010128c      0x170 C:/DevKitPro/libctru/lib\libctru.a(console.o)
                0x0010128c                consolePrintChar
 .text.con_write
                0x001013fc      0xc40 C:/DevKitPro/libctru/lib\libctru.a(console.o)
                0x001013fc                con_write
 .text.newRow   0x0010203c      0x110 C:/DevKitPro/libctru/lib\libctru.a(console.o)
 .text.consoleInit
                0x0010214c      0x180 C:/DevKitPro/libctru/lib\libctru.a(console.o)
                0x0010214c                consoleInit
 .text.gfxPresentFramebuffer
                0x001022cc       0xcc C:/DevKitPro/libctru/lib\libctru.a(gfx.o)
 .text.gfxIsWide
                0x00102398       0x1c C:/DevKitPro/libctru/lib\libctru.a(gfx.o)
                0x00102398                gfxIsWide
 .text.gfxSetScreenFormat
                0x001023b4       0xf8 C:/DevKitPro/libctru/lib\libctru.a(gfx.o)
                0x001023b4                gfxSetScreenFormat
 .text.gfxSetDoubleBuffering
                0x001024ac       0x10 C:/DevKitPro/libctru/lib\libctru.a(gfx.o)
                0x001024ac                gfxSetDoubleBuffering
 .text.gfxInit  0x001024bc       0xd8 C:/DevKitPro/libctru/lib\libctru.a(gfx.o)
                0x001024bc                gfxInit
 .text.gfxInitDefault
                0x00102594       0x10 C:/DevKitPro/libctru/lib\libctru.a(gfx.o)
                0x00102594                gfxInitDefault
 .text.gfxExit  0x001025a4       0xb8 C:/DevKitPro/libctru/lib\libctru.a(gfx.o)
                0x001025a4                gfxExit
 .text.gfxGetFramebuffer
                0x0010265c       0xa0 C:/DevKitPro/libctru/lib\libctru.a(gfx.o)
                0x0010265c                gfxGetFramebuffer
 .text.gfxFlushBuffers
                0x001026fc      0x100 C:/DevKitPro/libctru/lib\libctru.a(gfx.o)
                0x001026fc                gfxFlushBuffers
 .text.gfxSwapBuffers
                0x001027fc       0x50 C:/DevKitPro/libctru/lib\libctru.a(gfx.o)
                0x001027fc                gfxSwapBuffers
 .text.gfxSwapBuffersGpu
                0x0010284c       0x50 C:/DevKitPro/libctru/lib\libctru.a(gfx.o)
                0x0010284c                gfxSwapBuffersGpu
 .text.aptConvertScreenForCapture
                0x0010289c      0x180 C:/DevKitPro/libctru/lib\libctru.a(apt.o)
 .text.aptDspSleep
                0x00102a1c        0x8 C:/DevKitPro/libctru/lib\libctru.a(apt.o)
                0x00102a1c                aptDspSleep
 .text.aptDspWakeup
                0x00102a24        0x4 C:/DevKitPro/libctru/lib\libctru.a(apt.o)
                0x00102a24                aptDspWakeup
 .text.aptDspCancel
                0x00102a28        0x4 C:/DevKitPro/libctru/lib\libctru.a(apt.o)
                0x00102a28                aptDspCancel
 .text.aptSendCommand
                0x00102a2c      0x138 C:/DevKitPro/libctru/lib\libctru.a(apt.o)
                0x00102a2c                aptSendCommand
 *fill*         0x00102b64        0x4 
 .text.aptExitProcess
                0x00102b68       0x44 C:/DevKitPro/libctru/lib\libctru.a(apt.o)
 .text.aptExit  0x00102bac      0x394 C:/DevKitPro/libctru/lib\libctru.a(apt.o)
                0x00102bac                aptExit
 .text.aptHandleSleep
                0x00102f40       0xd8 C:/DevKitPro/libctru/lib\libctru.a(apt.o)
                0x00102f40                aptHandleSleep
 .text.APT_SleepIfShellClosed
                0x00103018       0x84 C:/DevKitPro/libctru/lib\libctru.a(apt.o)
                0x00103018                APT_SleepIfShellClosed
 .text.aptSetSleepAllowed
                0x0010309c       0x78 C:/DevKitPro/libctru/lib\libctru.a(apt.o)
                0x0010309c                aptSetSleepAllowed
 .text.APT_UnlockTransition
                0x00103114       0x84 C:/DevKitPro/libctru/lib\libctru.a(apt.o)
                0x00103114                APT_UnlockTransition
 .text.aptEventHandler
                0x00103198      0x470 C:/DevKitPro/libctru/lib\libctru.a(apt.o)
 .text.APT_ReceiveParameter
                0x00103608       0xbc C:/DevKitPro/libctru/lib\libctru.a(apt.o)
                0x00103608                APT_ReceiveParameter
 .text.aptReceiveParameter.constprop.0
                0x001036c4       0xb0 C:/DevKitPro/libctru/lib\libctru.a(apt.o)
 *fill*         0x00103774        0x4 
 .text.aptScreenTransfer
                0x00103778      0x294 C:/DevKitPro/libctru/lib\libctru.a(apt.o)
 .text.aptWaitForWakeUp.isra.0
                0x00103a0c      0x2d0 C:/DevKitPro/libctru/lib\libctru.a(apt.o)
 .text.aptJumpToHomeMenu
                0x00103cdc       0xf4 C:/DevKitPro/libctru/lib\libctru.a(apt.o)
                0x00103cdc                aptJumpToHomeMenu
 .text.aptMainLoop
                0x00103dd0       0x58 C:/DevKitPro/libctru/lib\libctru.a(apt.o)
                0x00103dd0                aptMainLoop
 .text.aptInit  0x00103e28      0x240 C:/DevKitPro/libctru/lib\libctru.a(apt.o)
                0x00103e28                aptInit
 .text.APT_CheckNew3DS
                0x00104068       0x90 C:/DevKitPro/libctru/lib\libctru.a(apt.o)
                0x00104068                APT_CheckNew3DS
 .text.gspHardwareInit
                0x001040f8      0xc70 C:/DevKitPro/libctru/lib\libctru.a(gspgpu.o)
 .text.gspInit  0x00104d68      0x280 C:/DevKitPro/libctru/lib\libctru.a(gspgpu.o)
                0x00104d68                gspInit
 .text.gspExit  0x00104fe8      0x110 C:/DevKitPro/libctru/lib\libctru.a(gspgpu.o)
                0x00104fe8                gspExit
 .text.gspHasGpuRight
                0x001050f8       0x10 C:/DevKitPro/libctru/lib\libctru.a(gspgpu.o)
                0x001050f8                gspHasGpuRight
 .text.gspPresentBuffer
                0x00105108       0xa4 C:/DevKitPro/libctru/lib\libctru.a(gspgpu.o)
                0x00105108                gspPresentBuffer
 .text.gspWaitForEvent
                0x001051ac       0x50 C:/DevKitPro/libctru/lib\libctru.a(gspgpu.o)
                0x001051ac                gspWaitForEvent
 .text.gxCmdQueueInterrupt
                0x001051fc        0x4 C:/DevKitPro/libctru/lib\libctru.a(gspgpu.o)
                0x001051fc                gxCmdQueueInterrupt
 .text.gspEventThreadMain
                0x00105200      0x154 C:/DevKitPro/libctru/lib\libctru.a(gspgpu.o)
 .text.GSPGPU_FlushDataCache
                0x00105354       0x50 C:/DevKitPro/libctru/lib\libctru.a(gspgpu.o)
                0x00105354                GSPGPU_FlushDataCache
 .text.GSPGPU_SetLcdForceBlack
                0x001053a4       0x34 C:/DevKitPro/libctru/lib\libctru.a(gspgpu.o)
                0x001053a4                GSPGPU_SetLcdForceBlack
 .text.GSPGPU_AcquireRight
                0x001053d8       0x80 C:/DevKitPro/libctru/lib\libctru.a(gspgpu.o)
                0x001053d8                GSPGPU_AcquireRight
 .text.GSPGPU_ReleaseRight
                0x00105458       0x5c C:/DevKitPro/libctru/lib\libctru.a(gspgpu.o)
                0x00105458                GSPGPU_ReleaseRight
 .text.GSPGPU_ImportDisplayCaptureInfo
                0x001054b4       0x7c C:/DevKitPro/libctru/lib\libctru.a(gspgpu.o)
                0x001054b4                GSPGPU_ImportDisplayCaptureInfo
 .text.GSPGPU_SaveVramSysArea
                0x00105530       0x2c C:/DevKitPro/libctru/lib\libctru.a(gspgpu.o)
                0x00105530                GSPGPU_SaveVramSysArea
 .text.GSPGPU_RestoreVramSysArea
                0x0010555c       0x2c C:/DevKitPro/libctru/lib\libctru.a(gspgpu.o)
                0x0010555c                GSPGPU_RestoreVramSysArea
 .text.hidShouldUseIrrst
                0x00105588       0x24 C:/DevKitPro/libctru/lib\libctru.a(hid.o)
                0x00105588                hidShouldUseIrrst
 .text.hidInit  0x001055ac      0x1cc C:/DevKitPro/libctru/lib\libctru.a(hid.o)
                0x001055ac                hidInit
 .text.hidExit  0x00105778       0xe8 C:/DevKitPro/libctru/lib\libctru.a(hid.o)
                0x00105778                hidExit
 .text.hidScanInput
                0x00105860      0x2a0 C:/DevKitPro/libctru/lib\libctru.a(hid.o)
                0x00105860                hidScanInput
 .text.hidKeysHeld
                0x00105b00       0x10 C:/DevKitPro/libctru/lib\libctru.a(hid.o)
                0x00105b00                hidKeysHeld
 .text.hidKeysDown
                0x00105b10       0x10 C:/DevKitPro/libctru/lib\libctru.a(hid.o)
                0x00105b10                hidKeysDown
 .text.hidKeysUp
                0x00105b20       0x10 C:/DevKitPro/libctru/lib\libctru.a(hid.o)
                0x00105b20                hidKeysUp
 .text.hidTouchRead
                0x00105b30       0x18 C:/DevKitPro/libctru/lib\libctru.a(hid.o)
                0x00105b30                hidTouchRead
 .text.irrstInit
                0x00105b48      0x1a4 C:/DevKitPro/libctru/lib\libctru.a(irrst.o)
                0x00105b48                irrstInit
 .text.irrstExit
                0x00105cec       0xdc C:/DevKitPro/libctru/lib\libctru.a(irrst.o)
                0x00105cec                irrstExit
 .text.irrstScanInput
                0x00105dc8       0xb4 C:/DevKitPro/libctru/lib\libctru.a(irrst.o)
                0x00105dc8                irrstScanInput
 .text.irrstKeysHeld
                0x00105e7c       0x24 C:/DevKitPro/libctru/lib\libctru.a(irrst.o)
                0x00105e7c                irrstKeysHeld
 .text.accept   0x00105ea0      0x1e8 C:/DevKitPro/libctru/lib\libctru.a(soc_accept.o)
                0x00105ea0                accept
 .text.bind     0x00106088      0x174 C:/DevKitPro/libctru/lib\libctru.a(soc_bind.o)
                0x00106088                bind
 .text._net_convert_error
                0x001061fc       0x3c C:/DevKitPro/libctru/lib\libctru.a(soc_common.o)
                0x001061fc                _net_convert_error
 .text.connect  0x00106238      0x174 C:/DevKitPro/libctru/lib\libctru.a(soc_connect.o)
                0x00106238                connect
 .text.fcntl    0x001063ac      0x15c C:/DevKitPro/libctru/lib\libctru.a(soc_fcntl.o)
                0x001063ac                fcntl
 .text.gethostid
                0x00106508       0x50 C:/DevKitPro/libctru/lib\libctru.a(soc_gethostid.o)
                0x00106508                gethostid
 .text.inet_ntoa
                0x00106558       0xe8 C:/DevKitPro/libctru/lib\libctru.a(soc_inet_ntoa.o)
                0x00106558                inet_ntoa
 .text.soc_open
                0x00106640       0x14 C:/DevKitPro/libctru/lib\libctru.a(soc_init.o)
 .text.soc_read
                0x00106654       0x34 C:/DevKitPro/libctru/lib\libctru.a(soc_init.o)
 .text.soc_write
                0x00106688       0x34 C:/DevKitPro/libctru/lib\libctru.a(soc_init.o)
 .text.soc_close
                0x001066bc       0xb0 C:/DevKitPro/libctru/lib\libctru.a(soc_init.o)
 .text.socInit  0x0010676c      0x190 C:/DevKitPro/libctru/lib\libctru.a(soc_init.o)
                0x0010676c                socInit
 .text.socExit  0x001068fc       0x88 C:/DevKitPro/libctru/lib\libctru.a(soc_init.o)
                0x001068fc                socExit
 .text.listen   0x00106984      0x108 C:/DevKitPro/libctru/lib\libctru.a(soc_listen.o)
                0x00106984                listen
 .text.socuipc_cmd7
                0x00106a8c      0x148 C:/DevKitPro/libctru/lib\libctru.a(soc_recvfrom.o)
                0x00106a8c                socuipc_cmd7
 .text.socuipc_cmd8
                0x00106bd4      0x168 C:/DevKitPro/libctru/lib\libctru.a(soc_recvfrom.o)
                0x00106bd4                socuipc_cmd8
 .text.soc_recvfrom
                0x00106d3c       0x10 C:/DevKitPro/libctru/lib\libctru.a(soc_recvfrom.o)
                0x00106d3c                soc_recvfrom
 .text.send     0x00106d4c       0x20 C:/DevKitPro/libctru/lib\libctru.a(soc_send.o)
                0x00106d4c                send
 .text.socuipc_cmd9
                0x00106d6c      0x15c C:/DevKitPro/libctru/lib\libctru.a(soc_sendto.o)
                0x00106d6c                socuipc_cmd9
 .text.socuipc_cmda
                0x00106ec8      0x160 C:/DevKitPro/libctru/lib\libctru.a(soc_sendto.o)
                0x00106ec8                socuipc_cmda
 .text.soc_sendto
                0x00107028       0x10 C:/DevKitPro/libctru/lib\libctru.a(soc_sendto.o)
                0x00107028                soc_sendto
 .text.sendto   0x00107038       0xa4 C:/DevKitPro/libctru/lib\libctru.a(soc_sendto.o)
                0x00107038                sendto
 .text.shutdown
                0x001070dc      0x108 C:/DevKitPro/libctru/lib\libctru.a(soc_shutdown.o)
                0x001070dc                shutdown
 .text.socket   0x001071e4      0x16c C:/DevKitPro/libctru/lib\libctru.a(soc_socket.o)
                0x001071e4                socket
 .text.__libctru_init
                0x00107350       0x38 C:/DevKitPro/libctru/lib\libctru.a(ctru_init.o)
                0x00107350                __libctru_init
 .text.__system_initArgv
                0x00107388      0x16c C:/DevKitPro/libctru/lib\libctru.a(initArgv.o)
                0x00107388                __system_initArgv
 .text.__syscall_getreent
                0x001074f4       0x30 C:/DevKitPro/libctru/lib\libctru.a(syscalls.o)
                0x001074f4                __syscall_getreent
 .text.__syscall_lock_acquire
                0x00107524        0x4 C:/DevKitPro/libctru/lib\libctru.a(syscalls.o)
                0x00107524                __syscall_lock_acquire
 .text.__syscall_lock_release
                0x00107528        0x4 C:/DevKitPro/libctru/lib\libctru.a(syscalls.o)
                0x00107528                __syscall_lock_release
 .text.__syscall_lock_acquire_recursive
                0x0010752c        0x4 C:/DevKitPro/libctru/lib\libctru.a(syscalls.o)
                0x0010752c                __syscall_lock_acquire_recursive
 .text.__syscall_lock_release_recursive
                0x00107530        0x4 C:/DevKitPro/libctru/lib\libctru.a(syscalls.o)
                0x00107530                __syscall_lock_release_recursive
 .text.__syscall_exit
                0x00107534        0x4 C:/DevKitPro/libctru/lib\libctru.a(syscalls.o)
                0x00107534                __syscall_exit
 .text.initThreadVars
                0x00107538       0x54 C:/DevKitPro/libctru/lib\libctru.a(syscalls.o)
                0x00107538                initThreadVars
 .text.__system_initSyscalls
                0x0010758c       0x80 C:/DevKitPro/libctru/lib\libctru.a(syscalls.o)
                0x0010758c                __system_initSyscalls
 .text.svcControlMemory
                0x0010760c       0x20 C:/DevKitPro/libctru/lib\libctru.a(svc.o)
                0x0010760c                svcControlMemory
 .text.svcQueryMemory
                0x0010762c       0x30 C:/DevKitPro/libctru/lib\libctru.a(svc.o)
                0x0010762c                svcQueryMemory
 .text.svcExitProcess
                0x0010765c        0x8 C:/DevKitPro/libctru/lib\libctru.a(svc.o)
                0x0010765c                svcExitProcess
 .text.svcCreateThread
                0x00107664       0x20 C:/DevKitPro/libctru/lib\libctru.a(svc.o)
                0x00107664                svcCreateThread
 .text.svcExitThread
                0x00107684        0x8 C:/DevKitPro/libctru/lib\libctru.a(svc.o)
                0x00107684                svcExitThread
 .text.svcSleepThread
                0x0010768c        0x8 C:/DevKitPro/libctru/lib\libctru.a(svc.o)
                0x0010768c                svcSleepThread
 .text.svcReleaseMutex
                0x00107694        0x8 C:/DevKitPro/libctru/lib\libctru.a(svc.o)
                0x00107694                svcReleaseMutex
 .text.svcCreateEvent
                0x0010769c       0x14 C:/DevKitPro/libctru/lib\libctru.a(svc.o)
                0x0010769c                svcCreateEvent
 .text.svcSignalEvent
                0x001076b0        0x8 C:/DevKitPro/libctru/lib\libctru.a(svc.o)
                0x001076b0                svcSignalEvent
 .text.svcClearEvent
                0x001076b8        0x8 C:/DevKitPro/libctru/lib\libctru.a(svc.o)
                0x001076b8                svcClearEvent
 .text.svcCreateMemoryBlock
                0x001076c0       0x18 C:/DevKitPro/libctru/lib\libctru.a(svc.o)
                0x001076c0                svcCreateMemoryBlock
 .text.svcMapMemoryBlock
                0x001076d8        0x8 C:/DevKitPro/libctru/lib\libctru.a(svc.o)
                0x001076d8                svcMapMemoryBlock
 .text.svcUnmapMemoryBlock
                0x001076e0        0x8 C:/DevKitPro/libctru/lib\libctru.a(svc.o)
                0x001076e0                svcUnmapMemoryBlock
 .text.svcCreateAddressArbiter
                0x001076e8       0x14 C:/DevKitPro/libctru/lib\libctru.a(svc.o)
                0x001076e8                svcCreateAddressArbiter
 .text.svcArbitrateAddressNoTimeout
                0x001076fc        0x8 C:/DevKitPro/libctru/lib\libctru.a(svc.o)
                0x001076fc                svcArbitrateAddressNoTimeout
 .text.svcCloseHandle
                0x00107704        0x8 C:/DevKitPro/libctru/lib\libctru.a(svc.o)
                0x00107704                svcCloseHandle
 .text.svcWaitSynchronization
                0x0010770c        0x8 C:/DevKitPro/libctru/lib\libctru.a(svc.o)
                0x0010770c                svcWaitSynchronization
 .text.svcWaitSynchronizationN
                0x00107714       0x28 C:/DevKitPro/libctru/lib\libctru.a(svc.o)
                0x00107714                svcWaitSynchronizationN
 .text.svcDuplicateHandle
                0x0010773c       0x14 C:/DevKitPro/libctru/lib\libctru.a(svc.o)
                0x0010773c                svcDuplicateHandle
 .text.svcConnectToPort
                0x00107750       0x14 C:/DevKitPro/libctru/lib\libctru.a(svc.o)
                0x00107750                svcConnectToPort
 .text.svcSendSyncRequest
                0x00107764        0x8 C:/DevKitPro/libctru/lib\libctru.a(svc.o)
                0x00107764                svcSendSyncRequest
 .text.svcGetResourceLimit
                0x0010776c       0x14 C:/DevKitPro/libctru/lib\libctru.a(svc.o)
                0x0010776c                svcGetResourceLimit
 .text.svcGetResourceLimitLimitValues
                0x00107780        0x8 C:/DevKitPro/libctru/lib\libctru.a(svc.o)
                0x00107780                svcGetResourceLimitLimitValues
 .text.svcGetResourceLimitCurrentValues
                0x00107788        0x8 C:/DevKitPro/libctru/lib\libctru.a(svc.o)
                0x00107788                svcGetResourceLimitCurrentValues
 .text.svcBreak
                0x00107790        0x8 C:/DevKitPro/libctru/lib\libctru.a(svc.o)
                0x00107790                svcBreak
 .text.initSystem
                0x00107798       0x50 C:/DevKitPro/libctru/lib\libctru.a(stack_adjust.o)
                0x00107798                initSystem
 .text.__ctru_exit
                0x001077e8       0x14 C:/DevKitPro/libctru/lib\libctru.a(stack_adjust.o)
                0x001077e8                __ctru_exit
 .text._ZL21addrMapNodeComparatorPK11rbtree_nodeS1_
                0x001077fc       0x24 C:/DevKitPro/libctru/lib\libctru.a(linear.o)
 .text._ZL21addrMapNodeDestructorP11rbtree_node
                0x00107820        0x4 C:/DevKitPro/libctru/lib\libctru.a(linear.o)
 .text.linearMemAlign
                0x00107824      0x12c C:/DevKitPro/libctru/lib\libctru.a(linear.o)
                0x00107824                linearMemAlign
 .text.linearAlloc
                0x00107950        0x8 C:/DevKitPro/libctru/lib\libctru.a(linear.o)
                0x00107950                linearAlloc
 .text.linearFree
                0x00107958       0x5c C:/DevKitPro/libctru/lib\libctru.a(linear.o)
                0x00107958                linearFree
 .text._ZN7MemPool13CoalesceRightEP8MemBlock
                0x001079b4       0x88 C:/DevKitPro/libctru/lib\libctru.a(mem_pool.o)
                0x001079b4                MemPool::CoalesceRight(MemBlock*)
 .text._ZN7MemPool8AllocateER8MemChunkmi
                0x00107a3c      0x178 C:/DevKitPro/libctru/lib\libctru.a(mem_pool.o)
                0x00107a3c                MemPool::Allocate(MemChunk&, unsigned long, int)
 .text._ZN7MemPool10DeallocateERK8MemChunk
                0x00107bb4      0x118 C:/DevKitPro/libctru/lib\libctru.a(mem_pool.o)
                0x00107bb4                MemPool::Deallocate(MemChunk const&)
 .text._ZN7MemPool12GetFreeSpaceEv
                0x00107ccc       0x30 C:/DevKitPro/libctru/lib\libctru.a(mem_pool.o)
                0x00107ccc                MemPool::GetFreeSpace()
 .text._ZL21addrMapNodeComparatorPK11rbtree_nodeS1_
                0x00107cfc       0x24 C:/DevKitPro/libctru/lib\libctru.a(vram.o)
 .text._ZL21addrMapNodeDestructorP11rbtree_node
                0x00107d20        0x4 C:/DevKitPro/libctru/lib\libctru.a(vram.o)
 .text.vramMemAlignAt
                0x00107d24      0x248 C:/DevKitPro/libctru/lib\libctru.a(vram.o)
                0x00107d24                vramMemAlignAt
 .text.vramAlloc
                0x00107f6c        0xc C:/DevKitPro/libctru/lib\libctru.a(vram.o)
                0x00107f6c                vramAlloc
 .text.vramFree
                0x00107f78       0x94 C:/DevKitPro/libctru/lib\libctru.a(vram.o)
                0x00107f78                vramFree
 .text.envGetHandle
                0x0010800c       0x8c C:/DevKitPro/libctru/lib\libctru.a(env.o)
                0x0010800c                envGetHandle
 .text.envDestroyHandles
                0x00108098       0x50 C:/DevKitPro/libctru/lib\libctru.a(env.o)
                0x00108098                envDestroyHandles
 .text.__ctru_speedup_config
                0x001080e8       0x34 C:/DevKitPro/libctru/lib\libctru.a(os.o)
                0x001080e8                __ctru_speedup_config
 .text.srvInit  0x0010811c      0x164 C:/DevKitPro/libctru/lib\libctru.a(srv.o)
                0x0010811c                srvInit
 .text.srvExit  0x00108280       0x64 C:/DevKitPro/libctru/lib\libctru.a(srv.o)
                0x00108280                srvExit
 .text.srvEnableNotification
                0x001082e4       0x60 C:/DevKitPro/libctru/lib\libctru.a(srv.o)
                0x001082e4                srvEnableNotification
 .text.srvGetServiceHandleDirect
                0x00108344       0xa0 C:/DevKitPro/libctru/lib\libctru.a(srv.o)
                0x00108344                srvGetServiceHandleDirect
 .text.srvGetServiceHandle
                0x001083e4       0x48 C:/DevKitPro/libctru/lib\libctru.a(srv.o)
                0x001083e4                srvGetServiceHandle
 .text.srvSubscribe
                0x0010842c       0x34 C:/DevKitPro/libctru/lib\libctru.a(srv.o)
                0x0010842c                srvSubscribe
 .text.srvReceiveNotification
                0x00108460       0x60 C:/DevKitPro/libctru/lib\libctru.a(srv.o)
                0x00108460                srvReceiveNotification
 .text.srvPublishToSubscriber
                0x001084c0       0x38 C:/DevKitPro/libctru/lib\libctru.a(srv.o)
                0x001084c0                srvPublishToSubscriber
 .text.__sync_init
                0x001084f8        0xc C:/DevKitPro/libctru/lib\libctru.a(synchronization.o)
                0x001084f8                __sync_init
 .text.__sync_fini
                0x00108504       0x18 C:/DevKitPro/libctru/lib\libctru.a(synchronization.o)
                0x00108504                __sync_fini
 .text.syncArbitrateAddress
                0x0010851c       0x28 C:/DevKitPro/libctru/lib\libctru.a(synchronization.o)
                0x0010851c                syncArbitrateAddress
 .text.LightLock_Lock
                0x00108544       0xac C:/DevKitPro/libctru/lib\libctru.a(synchronization.o)
                0x00108544                LightLock_Lock
 .text.LightLock_Unlock
                0x001085f0       0x40 C:/DevKitPro/libctru/lib\libctru.a(synchronization.o)
                0x001085f0                LightLock_Unlock
 .text.RecursiveLock_Lock
                0x00108630       0x54 C:/DevKitPro/libctru/lib\libctru.a(synchronization.o)
                0x00108630                RecursiveLock_Lock
 .text.RecursiveLock_Unlock
                0x00108684       0x54 C:/DevKitPro/libctru/lib\libctru.a(synchronization.o)
                0x00108684                RecursiveLock_Unlock
 .text.LightEvent_Init
                0x001086d8       0x44 C:/DevKitPro/libctru/lib\libctru.a(synchronization.o)
                0x001086d8                LightEvent_Init
 .text.LightEvent_Clear
                0x0010871c       0xb8 C:/DevKitPro/libctru/lib\libctru.a(synchronization.o)
                0x0010871c                LightEvent_Clear
 .text.LightEvent_Signal
                0x001087d4       0xdc C:/DevKitPro/libctru/lib\libctru.a(synchronization.o)
                0x001087d4                LightEvent_Signal
 .text.LightEvent_TryWait
                0x001088b0       0x50 C:/DevKitPro/libctru/lib\libctru.a(synchronization.o)
                0x001088b0                LightEvent_TryWait
 .text.LightEvent_Wait
                0x00108900       0xac C:/DevKitPro/libctru/lib\libctru.a(synchronization.o)
                0x00108900                LightEvent_Wait
 .text.threadCreate
                0x001089ac      0x1fc C:/DevKitPro/libctru/lib\libctru.a(thread.o)
                0x001089ac                threadCreate
 .text.threadFree
                0x00108ba8       0x38 C:/DevKitPro/libctru/lib\libctru.a(thread.o)
                0x00108ba8                threadFree
 .text.threadJoin
                0x00108be0       0x24 C:/DevKitPro/libctru/lib\libctru.a(thread.o)
                0x00108be0                threadJoin
 .text.threadGetCurrent
                0x00108c04       0x30 C:/DevKitPro/libctru/lib\libctru.a(thread.o)
                0x00108c04                threadGetCurrent
 .text.threadExit
                0x00108c34       0x40 C:/DevKitPro/libctru/lib\libctru.a(thread.o)
                0x00108c34                threadExit
 .text._thread_begin
                0x00108c74       0x20 C:/DevKitPro/libctru/lib\libctru.a(thread.o)
 .text.mappableFindAddressWithin
                0x00108c94       0x90 C:/DevKitPro/libctru/lib\libctru.a(mappable.o)
 .text.mappableInit
                0x00108d24       0x28 C:/DevKitPro/libctru/lib\libctru.a(mappable.o)
                0x00108d24                mappableInit
 .text.mappableAlloc
                0x00108d4c       0x7c C:/DevKitPro/libctru/lib\libctru.a(mappable.o)
                0x00108d4c                mappableAlloc
 .text.mappableFree
                0x00108dc8        0x4 C:/DevKitPro/libctru/lib\libctru.a(mappable.o)
                0x00108dc8                mappableFree
 .text.ptmSysmInit
                0x00108dcc       0x78 C:/DevKitPro/libctru/lib\libctru.a(ptmsysm.o)
                0x00108dcc                ptmSysmInit
 .text.ptmSysmExit
                0x00108e44       0x3c C:/DevKitPro/libctru/lib\libctru.a(ptmsysm.o)
                0x00108e44                ptmSysmExit
 .text.PTMSYSM_ConfigureNew3DSCPU
                0x00108e80       0x34 C:/DevKitPro/libctru/lib\libctru.a(ptmsysm.o)
                0x00108e80                PTMSYSM_ConfigureNew3DSCPU
 .text.srvPmGetSessionHandle
                0x00108eb4        0xc C:/DevKitPro/libctru/lib\libctru.a(srvpm.o)
                0x00108eb4                srvPmGetSessionHandle
 .text.rbtree_find
                0x00108ec0       0x74 C:/DevKitPro/libctru/lib\libctru.a(rbtree_find.o)
                0x00108ec0                rbtree_find
 .text.rbtree_init
                0x00108f34       0x10 C:/DevKitPro/libctru/lib\libctru.a(rbtree_init.o)
                0x00108f34                rbtree_init
 .text.do_insert
                0x00108f44      0x198 C:/DevKitPro/libctru/lib\libctru.a(rbtree_insert.o)
 .text.rbtree_insert
                0x001090dc        0x8 C:/DevKitPro/libctru/lib\libctru.a(rbtree_insert.o)
                0x001090dc                rbtree_insert
 .text.rbtree_remove
                0x001090e4      0x310 C:/DevKitPro/libctru/lib\libctru.a(rbtree_remove.o)
                0x001090e4                rbtree_remove
 .text.rbtree_rotate
                0x001093f4       0x90 C:/DevKitPro/libctru/lib\libctru.a(rbtree_rotate.o)
                0x001093f4                rbtree_rotate
 *fill*         0x00109484        0x4 
 .text.__system_allocateHeaps
                0x00109488      0x1e8 C:/DevKitPro/libctru/lib\libctru.a(allocateHeaps.o)
                0x00109488                __system_allocateHeaps
 .text.__appExit
                0x00109670       0x30 C:/DevKitPro/libctru/lib\libctru.a(appExit.o)
                0x00109670                __appExit
 .text.__appInit
                0x001096a0       0x30 C:/DevKitPro/libctru/lib\libctru.a(appInit.o)
                0x001096a0                __appInit
 .text.__libctru_exit
                0x001096d0       0x90 C:/DevKitPro/libctru/lib\libctru.a(ctru_exit.o)
                0x001096d0                __libctru_exit
 .text.archive_link
                0x00109760       0x14 C:/DevKitPro/libctru/lib\libctru.a(archive_dev.o)
 .text.archive_dirreset
                0x00109774       0x14 C:/DevKitPro/libctru/lib\libctru.a(archive_dev.o)
 .text.archive_chmod
                0x00109788       0x14 C:/DevKitPro/libctru/lib\libctru.a(archive_dev.o)
 .text.error_cmp
                0x0010979c       0x24 C:/DevKitPro/libctru/lib\libctru.a(archive_dev.o)
 .text.archive_translate_error
                0x001097c0       0x50 C:/DevKitPro/libctru/lib\libctru.a(archive_dev.o)
 .text.archive_seek
                0x00109810       0xc0 C:/DevKitPro/libctru/lib\libctru.a(archive_dev.o)
 .text._archiveInit.part.0
                0x001098d0       0x78 C:/DevKitPro/libctru/lib\libctru.a(archive_dev.o)
 .text.archiveFindDevice.part.0
                0x00109948       0xd4 C:/DevKitPro/libctru/lib\libctru.a(archive_dev.o)
 .text.archive_utf16path
                0x00109a1c      0x298 C:/DevKitPro/libctru/lib\libctru.a(archive_dev.o)
 .text._archiveUnmountDeviceStruct.part.0
                0x00109cb4       0x98 C:/DevKitPro/libctru/lib\libctru.a(archive_dev.o)
 .text.archive_statvfs
                0x00109d4c       0x14 C:/DevKitPro/libctru/lib\libctru.a(archive_dev.o)
 .text.archive_fchmod
                0x00109d60       0x14 C:/DevKitPro/libctru/lib\libctru.a(archive_dev.o)
 .text._archiveMountDevice
                0x00109d74      0x178 C:/DevKitPro/libctru/lib\libctru.a(archive_dev.o)
 .text.archive_diropen
                0x00109eec       0xf8 C:/DevKitPro/libctru/lib\libctru.a(archive_dev.o)
 .text.archive_fstat
                0x00109fe4       0xac C:/DevKitPro/libctru/lib\libctru.a(archive_dev.o)
 .text.archive_fsync
                0x0010a090       0x74 C:/DevKitPro/libctru/lib\libctru.a(archive_dev.o)
 .text.archive_close
                0x0010a104       0x74 C:/DevKitPro/libctru/lib\libctru.a(archive_dev.o)
 .text.archive_dirclose
                0x0010a178       0x78 C:/DevKitPro/libctru/lib\libctru.a(archive_dev.o)
 .text.sdmc_statvfs
                0x0010a1f0       0xec C:/DevKitPro/libctru/lib\libctru.a(archive_dev.o)
 .text.archive_chdir
                0x0010a2dc       0xf8 C:/DevKitPro/libctru/lib\libctru.a(archive_dev.o)
 .text.archive_ftruncate
                0x0010a3d4       0x8c C:/DevKitPro/libctru/lib\libctru.a(archive_dev.o)
 .text.archive_read
                0x0010a460       0xbc C:/DevKitPro/libctru/lib\libctru.a(archive_dev.o)
 .text.archive_unlink
                0x0010a51c       0xa8 C:/DevKitPro/libctru/lib\libctru.a(archive_dev.o)
 .text.archive_rmdir
                0x0010a5c4       0xc0 C:/DevKitPro/libctru/lib\libctru.a(archive_dev.o)
 .text.archive_mkdir
                0x0010a684       0xd8 C:/DevKitPro/libctru/lib\libctru.a(archive_dev.o)
 .text.archive_stat
                0x0010a75c      0x1a0 C:/DevKitPro/libctru/lib\libctru.a(archive_dev.o)
 .text.archive_dirnext
                0x0010a8fc      0x164 C:/DevKitPro/libctru/lib\libctru.a(archive_dev.o)
 .text.archive_write
                0x0010aa60      0x13c C:/DevKitPro/libctru/lib\libctru.a(archive_dev.o)
 *fill*         0x0010ab9c        0x4 
 .text.archive_open
                0x0010aba0      0x254 C:/DevKitPro/libctru/lib\libctru.a(archive_dev.o)
 .text.archive_rename
                0x0010adf4      0x270 C:/DevKitPro/libctru/lib\libctru.a(archive_dev.o)
 .text.archiveMountSdmc
                0x0010b064      0x1c8 C:/DevKitPro/libctru/lib\libctru.a(archive_dev.o)
                0x0010b064                archiveMountSdmc
 .text.archiveUnmountAll
                0x0010b22c       0x54 C:/DevKitPro/libctru/lib\libctru.a(archive_dev.o)
                0x0010b22c                archiveUnmountAll
 .text.fsInit   0x0010b280      0x104 C:/DevKitPro/libctru/lib\libctru.a(fs.o)
                0x0010b280                fsInit
 .text.fsExit   0x0010b384       0x3c C:/DevKitPro/libctru/lib\libctru.a(fs.o)
                0x0010b384                fsExit
 .text.fsExemptFromSession
                0x0010b3c0       0x68 C:/DevKitPro/libctru/lib\libctru.a(fs.o)
                0x0010b3c0                fsExemptFromSession
 .text.fsUnexemptFromSession
                0x0010b428       0x50 C:/DevKitPro/libctru/lib\libctru.a(fs.o)
                0x0010b428                fsUnexemptFromSession
 .text.FSUSER_OpenFile
                0x0010b478       0xcc C:/DevKitPro/libctru/lib\libctru.a(fs.o)
                0x0010b478                FSUSER_OpenFile
 .text.FSUSER_DeleteFile
                0x0010b544       0xb8 C:/DevKitPro/libctru/lib\libctru.a(fs.o)
                0x0010b544                FSUSER_DeleteFile
 .text.FSUSER_RenameFile
                0x0010b5fc       0xf4 C:/DevKitPro/libctru/lib\libctru.a(fs.o)
                0x0010b5fc                FSUSER_RenameFile
 .text.FSUSER_DeleteDirectory
                0x0010b6f0       0xb8 C:/DevKitPro/libctru/lib\libctru.a(fs.o)
                0x0010b6f0                FSUSER_DeleteDirectory
 .text.FSUSER_CreateFile
                0x0010b7a8       0xd0 C:/DevKitPro/libctru/lib\libctru.a(fs.o)
                0x0010b7a8                FSUSER_CreateFile
 .text.FSUSER_CreateDirectory
                0x0010b878       0xc0 C:/DevKitPro/libctru/lib\libctru.a(fs.o)
                0x0010b878                FSUSER_CreateDirectory
 .text.FSUSER_RenameDirectory
                0x0010b938       0xf4 C:/DevKitPro/libctru/lib\libctru.a(fs.o)
                0x0010b938                FSUSER_RenameDirectory
 .text.FSUSER_OpenDirectory
                0x0010ba2c       0xb4 C:/DevKitPro/libctru/lib\libctru.a(fs.o)
                0x0010ba2c                FSUSER_OpenDirectory
 .text.FSUSER_OpenArchive
                0x0010bae0       0x90 C:/DevKitPro/libctru/lib\libctru.a(fs.o)
                0x0010bae0                FSUSER_OpenArchive
 .text.FSUSER_CloseArchive
                0x0010bb70       0x8c C:/DevKitPro/libctru/lib\libctru.a(fs.o)
                0x0010bb70                FSUSER_CloseArchive
 .text.FSUSER_GetSdmcArchiveResource
                0x0010bbfc       0x74 C:/DevKitPro/libctru/lib\libctru.a(fs.o)
                0x0010bbfc                FSUSER_GetSdmcArchiveResource
 .text.FSUSER_IsSdmcWritable
                0x0010bc70       0x64 C:/DevKitPro/libctru/lib\libctru.a(fs.o)
                0x0010bc70                FSUSER_IsSdmcWritable
 .text.FSFILE_Read
                0x0010bcd4       0x64 C:/DevKitPro/libctru/lib\libctru.a(fs.o)
                0x0010bcd4                FSFILE_Read
 .text.FSFILE_Write
                0x0010bd38       0x6c C:/DevKitPro/libctru/lib\libctru.a(fs.o)
                0x0010bd38                FSFILE_Write
 .text.FSFILE_GetSize
                0x0010bda4       0x44 C:/DevKitPro/libctru/lib\libctru.a(fs.o)
                0x0010bda4                FSFILE_GetSize
 .text.FSFILE_SetSize
                0x0010bde8       0x28 C:/DevKitPro/libctru/lib\libctru.a(fs.o)
                0x0010bde8                FSFILE_SetSize
 .text.FSFILE_Close
                0x0010be10       0x3c C:/DevKitPro/libctru/lib\libctru.a(fs.o)
                0x0010be10                FSFILE_Close
 .text.FSFILE_Flush
                0x0010be4c       0x24 C:/DevKitPro/libctru/lib\libctru.a(fs.o)
                0x0010be4c                FSFILE_Flush
 .text.FSDIR_Read
                0x0010be70       0x60 C:/DevKitPro/libctru/lib\libctru.a(fs.o)
                0x0010be70                FSDIR_Read
 .text.FSDIR_Close
                0x0010bed0       0x3c C:/DevKitPro/libctru/lib\libctru.a(fs.o)
                0x0010bed0                FSDIR_Close
 .text.rbtree_node_next
                0x0010bf0c       0x60 C:/DevKitPro/libctru/lib\libctru.a(rbtree_iterator.o)
                0x0010bf0c                rbtree_node_next
 .text.decode_utf8
                0x0010bf6c      0x140 C:/DevKitPro/libctru/lib\libctru.a(decode_utf8.o)
                0x0010bf6c                decode_utf8
 .text.utf16_to_utf8
                0x0010c0ac       0xe8 C:/DevKitPro/libctru/lib\libctru.a(utf16_to_utf8.o)
                0x0010c0ac                utf16_to_utf8
 .text.utf8_to_utf16
                0x0010c194       0xc0 C:/DevKitPro/libctru/lib\libctru.a(utf8_to_utf16.o)
                0x0010c194                utf8_to_utf16
 .text.__aeabi_read_tp
                0x0010c254        0xc C:/DevKitPro/libctru/lib\libctru.a(readtp.o)
                0x0010c254                __aeabi_read_tp
 .text.decode_utf16
                0x0010c260       0x54 C:/DevKitPro/libctru/lib\libctru.a(decode_utf16.o)
                0x0010c260                decode_utf16
 .text.encode_utf16
                0x0010c2b4       0x54 C:/DevKitPro/libctru/lib\libctru.a(encode_utf16.o)
                0x0010c2b4                encode_utf16
 .text.encode_utf8
                0x0010c308       0xe0 C:/DevKitPro/libctru/lib\libctru.a(encode_utf8.o)
                0x0010c308                encode_utf8
 .text.__udivmoddi4
                0x0010c3e8      0x130 C:/DevKitPro/devkitARM/bin/../lib/gcc/arm-none-eabi/15.1.0/armv6k/fpu\libgcc.a(_udivmoddi4.o)
                0x0010c3e8                __udivmoddi4
 .text.strncmp  0x0010c518       0xd8 C:/DevKitPro/devkitARM/bin/../lib/gcc/arm-none-eabi/15.1.0/../../../../arm-none-eabi/lib/armv6k/fpu\libg.a(libc_a-strncmp.o)
                0x0010c518                strncmp
 .text._strerror_r
                0x0010c5f0      0x410 C:/DevKitPro/devkitARM/bin/../lib/gcc/arm-none-eabi/15.1.0/../../../../arm-none-eabi/lib/armv6k/fpu\libg.a(libc_a-strerror.o)
                0x0010c5f0                _strerror_r
 .text.strerror
                0x0010ca00       0x28 C:/DevKitPro/devkitARM/bin/../lib/gcc/arm-none-eabi/15.1.0/../../../../arm-none-eabi/lib/armv6k/fpu\libg.a(libc_a-strerror.o)
                0x0010ca00                strerror
 .text._user_strerror
                0x0010ca28        0x8 C:/DevKitPro/devkitARM/bin/../lib/gcc/arm-none-eabi/15.1.0/../../../../arm-none-eabi/lib/armv6k/fpu\libg.a(libc_a-u_strerr.o)
                0x0010ca28                _user_strerror
 .text.strlen   0x0010ca30       0x8c C:/DevKitPro/devkitARM/bin/../lib/gcc/arm-none-eabi/15.1.0/../../../../arm-none-eabi/lib/armv6k/fpu\libg.a(libc_a-strlen.o)
                0x0010ca30                strlen
 .text.stdio_exit_handler
                0x0010cabc       0x1c C:/DevKitPro/devkitARM/bin/../lib/gcc/arm-none-eabi/15.1.0/../../../../arm-none-eabi/lib/armv6k/fpu\libg.a(libc_a-findfp.o)
 .text.cleanup_stdio
                0x0010cad8       0x5c C:/DevKitPro/devkitARM/bin/../lib/gcc/arm-none-eabi/15.1.0/../../../../arm-none-eabi/lib/armv6k/fpu\libg.a(libc_a-findfp.o)
 .text.global_stdio_init.part.0
                0x0010cb34      0x154 C:/DevKitPro/devkitARM/bin/../lib/gcc/arm-none-eabi/15.1.0/../../../../arm-none-eabi/lib/armv6k/fpu\libg.a(libc_a-findfp.o)
 .text.__sinit  0x0010cc88       0x5c C:/DevKitPro/devkitARM/bin/../lib/gcc/arm-none-eabi/15.1.0/../../../../arm-none-eabi/lib/armv6k/fpu\libg.a(libc_a-findfp.o)
                0x0010cc88                __sinit
 .text.__sfp_lock_acquire
                0x0010cce4        0xc C:/DevKitPro/devkitARM/bin/../lib/gcc/arm-none-eabi/15.1.0/../../../../arm-none-eabi/lib/armv6k/fpu\libg.a(libc_a-findfp.o)
                0x0010cce4                __sfp_lock_acquire
 .text.__sfp_lock_release
                0x0010ccf0        0xc C:/DevKitPro/devkitARM/bin/../lib/gcc/arm-none-eabi/15.1.0/../../../../arm-none-eabi/lib/armv6k/fpu\libg.a(libc_a-findfp.o)
                0x0010ccf0                __sfp_lock_release
 .text._strtoul_l.isra.0
                0x0010ccfc      0x1ec C:/DevKitPro/devkitARM/bin/../lib/gcc/arm-none-eabi/15.1.0/../../../../arm-none-eabi/lib/armv6k/fpu\libg.a(libc_a-strtoul.o)
 .text.strtoul  0x0010cee8       0x3c C:/DevKitPro/devkitARM/bin/../lib/gcc/arm-none-eabi/15.1.0/../../../../arm-none-eabi/lib/armv6k/fpu\libg.a(libc_a-strtoul.o)
                0x0010cee8                strtoul
 .text.__libc_init_array
                0x0010cf24       0x84 C:/DevKitPro/devkitARM/bin/../lib/gcc/arm-none-eabi/15.1.0/../../../../arm-none-eabi/lib/armv6k/fpu\libg.a(libc_a-init.o)
                0x0010cf24                __libc_init_array
 .text.strncat  0x0010cfa8       0x9c C:/DevKitPro/devkitARM/bin/../lib/gcc/arm-none-eabi/15.1.0/../../../../arm-none-eabi/lib/armv6k/fpu\libg.a(libc_a-strncat.o)
                0x0010cfa8                strncat
 .text._fwalk_sglue
                0x0010d044       0x70 C:/DevKitPro/devkitARM/bin/../lib/gcc/arm-none-eabi/15.1.0/../../../../arm-none-eabi/lib/armv6k/fpu\libg.a(libc_a-fwalk.o)
                0x0010d044                _fwalk_sglue
 .text.bsearch  0x0010d0b4       0x78 C:/DevKitPro/devkitARM/bin/../lib/gcc/arm-none-eabi/15.1.0/../../../../arm-none-eabi/lib/armv6k/fpu\libg.a(libc_a-bsearch.o)
                0x0010d0b4                bsearch
 .text.__errno  0x0010d12c        0xc C:/DevKitPro/devkitARM/bin/../lib/gcc/arm-none-eabi/15.1.0/../../../../arm-none-eabi/lib/armv6k/fpu\libg.a(libc_a-errno.o)
                0x0010d12c                __errno
 .text._puts_r  0x0010d138       0xe0 C:/DevKitPro/devkitARM/bin/../lib/gcc/arm-none-eabi/15.1.0/../../../../arm-none-eabi/lib/armv6k/fpu\libg.a(libc_a-puts.o)
                0x0010d138                _puts_r
 .text.puts     0x0010d218       0x20 C:/DevKitPro/devkitARM/bin/../lib/gcc/arm-none-eabi/15.1.0/../../../../arm-none-eabi/lib/armv6k/fpu\libg.a(libc_a-puts.o)
                0x0010d218                puts
 .text.memalign
                0x0010d238       0x28 C:/DevKitPro/devkitARM/bin/../lib/gcc/arm-none-eabi/15.1.0/../../../../arm-none-eabi/lib/armv6k/fpu\libg.a(libc_a-malign.o)
                0x0010d238                memalign
 .text.putchar  0x0010d260       0x24 C:/DevKitPro/devkitARM/bin/../lib/gcc/arm-none-eabi/15.1.0/../../../../arm-none-eabi/lib/armv6k/fpu\libg.a(libc_a-putchar.o)
                0x0010d260                putchar
 .text._malloc_r
                0x0010d284      0x82c C:/DevKitPro/devkitARM/bin/../lib/gcc/arm-none-eabi/15.1.0/../../../../arm-none-eabi/lib/armv6k/fpu\libg.a(libc_a-mallocr.o)
                0x0010d284                _malloc_r
 .text._malloc_trim_r
                0x0010dab0      0x114 C:/DevKitPro/devkitARM/bin/../lib/gcc/arm-none-eabi/15.1.0/../../../../arm-none-eabi/lib/armv6k/fpu\libg.a(libc_a-freer.o)
                0x0010dab0                _malloc_trim_r
 .text._free_r  0x0010dbc4      0x314 C:/DevKitPro/devkitARM/bin/../lib/gcc/arm-none-eabi/15.1.0/../../../../arm-none-eabi/lib/armv6k/fpu\libg.a(libc_a-freer.o)
                0x0010dbc4                _free_r
 .text.snprintf
                0x0010ded8       0xa0 C:/DevKitPro/devkitARM/bin/../lib/gcc/arm-none-eabi/15.1.0/../../../../arm-none-eabi/lib/armv6k/fpu\libg.a(libc_a-snprintf.o)
                0x0010ded8                snprintf
 .text.get_arg  0x0010df78      0x5e0 C:/DevKitPro/devkitARM/bin/../lib/gcc/arm-none-eabi/15.1.0/../../../../arm-none-eabi/lib/armv6k/fpu\libg.a(libc_a-svfprintf.o)
 .text._svfprintf_r
                0x0010e558     0x345c C:/DevKitPro/devkitARM/bin/../lib/gcc/arm-none-eabi/15.1.0/../../../../arm-none-eabi/lib/armv6k/fpu\libg.a(libc_a-svfprintf.o)
                0x0010e558                _svfprintf_r
 .text.printf   0x001119b4       0x34 C:/DevKitPro/devkitARM/bin/../lib/gcc/arm-none-eabi/15.1.0/../../../../arm-none-eabi/lib/armv6k/fpu\libg.a(libc_a-printf.o)
                0x001119b4                printf
 .text.vprintf  0x001119e8       0x2c C:/DevKitPro/devkitARM/bin/../lib/gcc/arm-none-eabi/15.1.0/../../../../arm-none-eabi/lib/armv6k/fpu\libg.a(libc_a-vprintf.o)
                0x001119e8                vprintf
 .text.strnlen  0x00111a14       0x3c C:/DevKitPro/devkitARM/bin/../lib/gcc/arm-none-eabi/15.1.0/../../../../arm-none-eabi/lib/armv6k/fpu\libg.a(libc_a-strnlen.o)
                0x00111a14                strnlen
 .text.malloc   0x00111a50       0x40 C:/DevKitPro/devkitARM/bin/../lib/gcc/arm-none-eabi/15.1.0/../../../../arm-none-eabi/lib/armv6k/fpu\libg.a(libc_a-malloc.o)
                0x00111a50                malloc
 .text.free     0x00111a90       0x20 C:/DevKitPro/devkitARM/bin/../lib/gcc/arm-none-eabi/15.1.0/../../../../arm-none-eabi/lib/armv6k/fpu\libg.a(libc_a-malloc.o)
                0x00111a90                free
 .text.__sflush_r
                0x00111ab0      0x22c C:/DevKitPro/devkitARM/bin/../lib/gcc/arm-none-eabi/15.1.0/../../../../arm-none-eabi/lib/armv6k/fpu\libg.a(libc_a-fflush.o)
                0x00111ab0                __sflush_r
 .text._fflush_r
                0x00111cdc       0xc4 C:/DevKitPro/devkitARM/bin/../lib/gcc/arm-none-eabi/15.1.0/../../../../arm-none-eabi/lib/armv6k/fpu\libg.a(libc_a-fflush.o)
                0x00111cdc                _fflush_r
 .text.memset   0x00111da0       0xe4 C:/DevKitPro/devkitARM/bin/../lib/gcc/arm-none-eabi/15.1.0/../../../../arm-none-eabi/lib/armv6k/fpu\libg.a(libc_a-memset.o)
                0x00111da0                memset
 .text.__malloc_lock
                0x00111e84        0xc C:/DevKitPro/devkitARM/bin/../lib/gcc/arm-none-eabi/15.1.0/../../../../arm-none-eabi/lib/armv6k/fpu\libg.a(libc_a-mlock.o)
                0x00111e84                __malloc_lock
 .text.__malloc_unlock
                0x00111e90        0xc C:/DevKitPro/devkitARM/bin/../lib/gcc/arm-none-eabi/15.1.0/../../../../arm-none-eabi/lib/armv6k/fpu\libg.a(libc_a-mlock.o)
                0x00111e90                __malloc_unlock
 .text.exit     0x00111e9c       0x30 C:/DevKitPro/devkitARM/bin/../lib/gcc/arm-none-eabi/15.1.0/../../../../arm-none-eabi/lib/armv6k/fpu\libg.a(libc_a-exit.o)
                0x00111e9c                exit
 .text.setvbuf  0x00111ecc      0x294 C:/DevKitPro/devkitARM/bin/../lib/gcc/arm-none-eabi/15.1.0/../../../../arm-none-eabi/lib/armv6k/fpu\libg.a(libc_a-setvbuf.o)
                0x00111ecc                setvbuf
 .text.atexit   0x00112160       0x14 C:/DevKitPro/devkitARM/bin/../lib/gcc/arm-none-eabi/15.1.0/../../../../arm-none-eabi/lib/armv6k/fpu\libg.a(libc_a-atexit.o)
                0x00112160                atexit
 .text.close    0x00112174       0x20 C:/DevKitPro/devkitARM/bin/../lib/gcc/arm-none-eabi/15.1.0/../../../../arm-none-eabi/lib/armv6k/fpu\libg.a(libc_a-sysclose.o)
                0x00112174                close
 .text.strncpy  0x00112194       0xd4 C:/DevKitPro/devkitARM/bin/../lib/gcc/arm-none-eabi/15.1.0/../../../../arm-none-eabi/lib/armv6k/fpu\libg.a(libc_a-strncpy.o)
                0x00112194                strncpy
 .text.memcpy   0x00112268      0x12c C:/DevKitPro/devkitARM/bin/../lib/gcc/arm-none-eabi/15.1.0/../../../../arm-none-eabi/lib/armv6k/fpu\libg.a(libc_a-memcpy-stub.o)
                0x00112268                memcpy
 .text._wcsrtombs_r
                0x00112394       0x28 C:/DevKitPro/devkitARM/bin/../lib/gcc/arm-none-eabi/15.1.0/../../../../arm-none-eabi/lib/armv6k/fpu\libg.a(libc_a-wcsrtombs.o)
                0x00112394                _wcsrtombs_r
 *fill*         0x001123bc        0x4 
 .text.frexp    0x001123c0       0x88 C:/DevKitPro/devkitARM/bin/../lib/gcc/arm-none-eabi/15.1.0/../../../../arm-none-eabi/lib/armv6k/fpu\libg.a(libm_a-s_frexp.o)
                0x001123c0                frexp
 .text.__sfvwrite_r
                0x00112448      0x4a4 C:/DevKitPro/devkitARM/bin/../lib/gcc/arm-none-eabi/15.1.0/../../../../arm-none-eabi/lib/armv6k/fpu\libg.a(libc_a-fvwrite.o)
                0x00112448                __sfvwrite_r
 .text.__sread  0x001128ec       0x44 C:/DevKitPro/devkitARM/bin/../lib/gcc/arm-none-eabi/15.1.0/../../../../arm-none-eabi/lib/armv6k/fpu\libg.a(libc_a-stdio.o)
                0x001128ec                __sread
 .text.__swrite
                0x00112930       0x68 C:/DevKitPro/devkitARM/bin/../lib/gcc/arm-none-eabi/15.1.0/../../../../arm-none-eabi/lib/armv6k/fpu\libg.a(libc_a-stdio.o)
                0x00112930                __swrite
 .text.__sseek  0x00112998       0x40 C:/DevKitPro/devkitARM/bin/../lib/gcc/arm-none-eabi/15.1.0/../../../../arm-none-eabi/lib/armv6k/fpu\libg.a(libc_a-stdio.o)
                0x00112998                __sseek
 .text.__sclose
                0x001129d8        0x8 C:/DevKitPro/devkitARM/bin/../lib/gcc/arm-none-eabi/15.1.0/../../../../arm-none-eabi/lib/armv6k/fpu\libg.a(libc_a-stdio.o)
                0x001129d8                __sclose
 .text.memmove  0x001129e0      0x16c C:/DevKitPro/devkitARM/bin/../lib/gcc/arm-none-eabi/15.1.0/../../../../arm-none-eabi/lib/armv6k/fpu\libg.a(libc_a-memmove.o)
                0x001129e0                memmove
 .text._fclose_r
                0x00112b4c      0x144 C:/DevKitPro/devkitARM/bin/../lib/gcc/arm-none-eabi/15.1.0/../../../../arm-none-eabi/lib/armv6k/fpu\libg.a(libc_a-fclose.o)
                0x00112b4c                _fclose_r
 .text.__locale_mb_cur_max
                0x00112c90       0x24 C:/DevKitPro/devkitARM/bin/../lib/gcc/arm-none-eabi/15.1.0/../../../../arm-none-eabi/lib/armv6k/fpu\libg.a(libc_a-locale.o)
                0x00112c90                __locale_mb_cur_max
 .text.__ssprint_r
                0x00112cb4       0xa4 C:/DevKitPro/devkitARM/bin/../lib/gcc/arm-none-eabi/15.1.0/../../../../arm-none-eabi/lib/armv6k/fpu\libg.a(libc_a-ssprint_r.o)
                0x00112cb4                __ssprint_r
 .text._memalign_r
                0x00112d58      0x16c C:/DevKitPro/devkitARM/bin/../lib/gcc/arm-none-eabi/15.1.0/../../../../arm-none-eabi/lib/armv6k/fpu\libg.a(libc_a-malignr.o)
                0x00112d58                _memalign_r
 .text._wcsnrtombs_l
                0x00112ec4      0x15c C:/DevKitPro/devkitARM/bin/../lib/gcc/arm-none-eabi/15.1.0/../../../../arm-none-eabi/lib/armv6k/fpu\libg.a(libc_a-wcsnrtombs.o)
                0x00112ec4                _wcsnrtombs_l
 .text._wcsnrtombs_r
                0x00113020       0x64 C:/DevKitPro/devkitARM/bin/../lib/gcc/arm-none-eabi/15.1.0/../../../../arm-none-eabi/lib/armv6k/fpu\libg.a(libc_a-wcsnrtombs.o)
                0x00113020                _wcsnrtombs_r
 .text._putc_r  0x00113084       0xfc C:/DevKitPro/devkitARM/bin/../lib/gcc/arm-none-eabi/15.1.0/../../../../arm-none-eabi/lib/armv6k/fpu\libg.a(libc_a-putc.o)
                0x00113084                _putc_r
 .text.__utf8_mbtowc
                0x00113180      0x340 C:/DevKitPro/devkitARM/bin/../lib/gcc/arm-none-eabi/15.1.0/../../../../arm-none-eabi/lib/armv6k/fpu\libg.a(libc_a-mbtowc_r.o)
                0x00113180                __utf8_mbtowc
 .text._localeconv_r
                0x001134c0       0x24 C:/DevKitPro/devkitARM/bin/../lib/gcc/arm-none-eabi/15.1.0/../../../../arm-none-eabi/lib/armv6k/fpu\libg.a(libc_a-localeconv.o)
                0x001134c0                _localeconv_r
 .text.get_arg  0x001134e4      0x5e0 C:/DevKitPro/devkitARM/bin/../lib/gcc/arm-none-eabi/15.1.0/../../../../arm-none-eabi/lib/armv6k/fpu\libg.a(libc_a-vfprintf.o)
 *fill*         0x00113ac4        0x4 
 .text._vfprintf_r
                0x00113ac8     0x3554 C:/DevKitPro/devkitARM/bin/../lib/gcc/arm-none-eabi/15.1.0/../../../../arm-none-eabi/lib/armv6k/fpu\libg.a(libc_a-vfprintf.o)
                0x00113ac8                _vfprintf_r
 .text.__sbprintf
                0x0011701c       0xb4 C:/DevKitPro/devkitARM/bin/../lib/gcc/arm-none-eabi/15.1.0/../../../../arm-none-eabi/lib/armv6k/fpu\libg.a(libc_a-vfprintf.o)
 .text.memchr   0x001170d0       0xe8 C:/DevKitPro/devkitARM/bin/../lib/gcc/arm-none-eabi/15.1.0/../../../../arm-none-eabi/lib/armv6k/fpu\libg.a(libc_a-memchr-stub.o)
                0x001170d0                memchr
 .text.quorem   0x001171b8      0x1c0 C:/DevKitPro/devkitARM/bin/../lib/gcc/arm-none-eabi/15.1.0/../../../../arm-none-eabi/lib/armv6k/fpu\libg.a(libc_a-dtoa.o)
 .text._dtoa_r  0x00117378     0x13f0 C:/DevKitPro/devkitARM/bin/../lib/gcc/arm-none-eabi/15.1.0/../../../../arm-none-eabi/lib/armv6k/fpu\libg.a(libc_a-dtoa.o)
                0x00117378                _dtoa_r
 .text._wcrtomb_r
                0x00118768       0xa0 C:/DevKitPro/devkitARM/bin/../lib/gcc/arm-none-eabi/15.1.0/../../../../arm-none-eabi/lib/armv6k/fpu\libg.a(libc_a-wcrtomb.o)
                0x00118768                _wcrtomb_r
 .text.__register_exitproc
                0x00118808       0xbc C:/DevKitPro/devkitARM/bin/../lib/gcc/arm-none-eabi/15.1.0/../../../../arm-none-eabi/lib/armv6k/fpu\libg.a(libc_a-__atexit.o)
                0x00118808                __register_exitproc
 .text.__smakebuf_r
                0x001188c4      0x164 C:/DevKitPro/devkitARM/bin/../lib/gcc/arm-none-eabi/15.1.0/../../../../arm-none-eabi/lib/armv6k/fpu\libg.a(libc_a-makebuf.o)
                0x001188c4                __smakebuf_r
 .text.__swhatbuf_r
                0x00118a28       0x90 C:/DevKitPro/devkitARM/bin/../lib/gcc/arm-none-eabi/15.1.0/../../../../arm-none-eabi/lib/armv6k/fpu\libg.a(libc_a-makebuf.o)
                0x00118a28                __swhatbuf_r
 .text._realloc_r
                0x00118ab8      0x4f0 C:/DevKitPro/devkitARM/bin/../lib/gcc/arm-none-eabi/15.1.0/../../../../arm-none-eabi/lib/armv6k/fpu\libg.a(libc_a-reallocr.o)
                0x00118ab8                _realloc_r
 .text.__ssputs_r
                0x00118fa8      0x12c C:/DevKitPro/devkitARM/bin/../lib/gcc/arm-none-eabi/15.1.0/../../../../arm-none-eabi/lib/armv6k/fpu\libg.a(libc_a-ssputs_r.o)
                0x00118fa8                __ssputs_r
 .text.__utf8_wctomb
                0x001190d4       0xf8 C:/DevKitPro/devkitARM/bin/../lib/gcc/arm-none-eabi/15.1.0/../../../../arm-none-eabi/lib/armv6k/fpu\libg.a(libc_a-wctomb_r.o)
                0x001190d4                __utf8_wctomb
 .text.__swsetup_r
                0x001191cc      0x140 C:/DevKitPro/devkitARM/bin/../lib/gcc/arm-none-eabi/15.1.0/../../../../arm-none-eabi/lib/armv6k/fpu\libg.a(libc_a-wsetup.o)
                0x001191cc                __swsetup_r
 .text.strchr   0x0011930c      0x140 C:/DevKitPro/devkitARM/bin/../lib/gcc/arm-none-eabi/15.1.0/../../../../arm-none-eabi/lib/armv6k/fpu\libg.a(libc_a-strchr.o)
                0x0011930c                strchr
 .text.__assert_func
                0x0011944c       0x5c C:/DevKitPro/devkitARM/bin/../lib/gcc/arm-none-eabi/15.1.0/../../../../arm-none-eabi/lib/armv6k/fpu\libg.a(libc_a-assert.o)
                0x0011944c                __assert_func
 .text._Balloc  0x001194a8       0x88 C:/DevKitPro/devkitARM/bin/../lib/gcc/arm-none-eabi/15.1.0/../../../../arm-none-eabi/lib/armv6k/fpu\libg.a(libc_a-mprec.o)
                0x001194a8                _Balloc
 .text._Bfree   0x00119530       0x1c C:/DevKitPro/devkitARM/bin/../lib/gcc/arm-none-eabi/15.1.0/../../../../arm-none-eabi/lib/armv6k/fpu\libg.a(libc_a-mprec.o)
                0x00119530                _Bfree
 .text.__multadd
                0x0011954c       0xf4 C:/DevKitPro/devkitARM/bin/../lib/gcc/arm-none-eabi/15.1.0/../../../../arm-none-eabi/lib/armv6k/fpu\libg.a(libc_a-mprec.o)
                0x0011954c                __multadd
 .text.__hi0bits
                0x00119640       0x80 C:/DevKitPro/devkitARM/bin/../lib/gcc/arm-none-eabi/15.1.0/../../../../arm-none-eabi/lib/armv6k/fpu\libg.a(libc_a-mprec.o)
                0x00119640                __hi0bits
 .text.__lo0bits
                0x001196c0       0xf0 C:/DevKitPro/devkitARM/bin/../lib/gcc/arm-none-eabi/15.1.0/../../../../arm-none-eabi/lib/armv6k/fpu\libg.a(libc_a-mprec.o)
                0x001196c0                __lo0bits
 .text.__i2b    0x001197b0       0xa4 C:/DevKitPro/devkitARM/bin/../lib/gcc/arm-none-eabi/15.1.0/../../../../arm-none-eabi/lib/armv6k/fpu\libg.a(libc_a-mprec.o)
                0x001197b0                __i2b
 .text.__multiply
                0x00119854      0x230 C:/DevKitPro/devkitARM/bin/../lib/gcc/arm-none-eabi/15.1.0/../../../../arm-none-eabi/lib/armv6k/fpu\libg.a(libc_a-mprec.o)
                0x00119854                __multiply
 .text.__pow5mult
                0x00119a84      0x130 C:/DevKitPro/devkitARM/bin/../lib/gcc/arm-none-eabi/15.1.0/../../../../arm-none-eabi/lib/armv6k/fpu\libg.a(libc_a-mprec.o)
                0x00119a84                __pow5mult
 .text.__lshift
                0x00119bb4      0x138 C:/DevKitPro/devkitARM/bin/../lib/gcc/arm-none-eabi/15.1.0/../../../../arm-none-eabi/lib/armv6k/fpu\libg.a(libc_a-mprec.o)
                0x00119bb4                __lshift
 .text.__mcmp   0x00119cec       0x58 C:/DevKitPro/devkitARM/bin/../lib/gcc/arm-none-eabi/15.1.0/../../../../arm-none-eabi/lib/armv6k/fpu\libg.a(libc_a-mprec.o)
                0x00119cec                __mcmp
 .text.__mdiff  0x00119d44      0x218 C:/DevKitPro/devkitARM/bin/../lib/gcc/arm-none-eabi/15.1.0/../../../../arm-none-eabi/lib/armv6k/fpu\libg.a(libc_a-mprec.o)
                0x00119d44                __mdiff
 .text.__d2b    0x00119f5c      0x120 C:/DevKitPro/devkitARM/bin/../lib/gcc/arm-none-eabi/15.1.0/../../../../arm-none-eabi/lib/armv6k/fpu\libg.a(libc_a-mprec.o)
                0x00119f5c                __d2b
 .text.fiprintf
                0x0011a07c       0x3c C:/DevKitPro/devkitARM/bin/../lib/gcc/arm-none-eabi/15.1.0/../../../../arm-none-eabi/lib/armv6k/fpu\libg.a(libc_a-fiprintf.o)
                0x0011a07c                fiprintf
 .text.__swbuf_r
                0x0011a0b8      0x124 C:/DevKitPro/devkitARM/bin/../lib/gcc/arm-none-eabi/15.1.0/../../../../arm-none-eabi/lib/armv6k/fpu\libg.a(libc_a-wbuf.o)
                0x0011a0b8                __swbuf_r
 .text.__sprint_r
                0x0011a1dc       0x30 C:/DevKitPro/devkitARM/bin/../lib/gcc/arm-none-eabi/15.1.0/../../../../arm-none-eabi/lib/armv6k/fpu\libg.a(libc_a-sprint_r.o)
                0x0011a1dc                __sprint_r
 .text.abort    0x0011a20c       0x14 C:/DevKitPro/devkitARM/bin/../lib/gcc/arm-none-eabi/15.1.0/../../../../arm-none-eabi/lib/armv6k/fpu\libg.a(libc_a-abort.o)
                0x0011a20c                abort
 .text._calloc_r
                0x0011a220       0xd8 C:/DevKitPro/devkitARM/bin/../lib/gcc/arm-none-eabi/15.1.0/../../../../arm-none-eabi/lib/armv6k/fpu\libg.a(libc_a-callocr.o)
                0x0011a220                _calloc_r
 .text.__call_exitprocs
                0x0011a2f8      0x134 C:/DevKitPro/devkitARM/bin/../lib/gcc/arm-none-eabi/15.1.0/../../../../arm-none-eabi/lib/armv6k/fpu\libg.a(libc_a-__call_atexit.o)
                0x0011a2f8                __call_exitprocs
 .text._raise_r
                0x0011a42c       0x9c C:/DevKitPro/devkitARM/bin/../lib/gcc/arm-none-eabi/15.1.0/../../../../arm-none-eabi/lib/armv6k/fpu\libg.a(libc_a-signal.o)
                0x0011a42c                _raise_r
 .text.raise    0x0011a4c8       0x20 C:/DevKitPro/devkitARM/bin/../lib/gcc/arm-none-eabi/15.1.0/../../../../arm-none-eabi/lib/armv6k/fpu\libg.a(libc_a-signal.o)
                0x0011a4c8                raise
 .text.get_arg  0x0011a4e8      0x5e0 C:/DevKitPro/devkitARM/bin/../lib/gcc/arm-none-eabi/15.1.0/../../../../arm-none-eabi/lib/armv6k/fpu\libg.a(libc_a-vfiprintf.o)
 .text._vfiprintf_r
                0x0011aac8     0x22f8 C:/DevKitPro/devkitARM/bin/../lib/gcc/arm-none-eabi/15.1.0/../../../../arm-none-eabi/lib/armv6k/fpu\libg.a(libc_a-vfiprintf.o)
                0x0011aac8                _vfiprintf_r
 .text.__sbprintf
                0x0011cdc0       0xb4 C:/DevKitPro/devkitARM/bin/../lib/gcc/arm-none-eabi/15.1.0/../../../../arm-none-eabi/lib/armv6k/fpu\libg.a(libc_a-vfiprintf.o)
 .text._exit    0x0011ce74       0x20 C:/DevKitPro/devkitARM/bin/../lib/gcc/arm-none-eabi/15.1.0/../../../../arm-none-eabi/lib/armv6k/fpu\libsysbase.a(libsysbase_libsysbase_a-_exit.o)
                0x0011ce74                _exit
 .text.chdir    0x0011ce94      0x140 C:/DevKitPro/devkitARM/bin/../lib/gcc/arm-none-eabi/15.1.0/../../../../arm-none-eabi/lib/armv6k/fpu\libsysbase.a(libsysbase_libsysbase_a-chdir.o)
                0x0011ce94                chdir
 .text._concatenate_path
                0x0011cfd4      0x1c8 C:/DevKitPro/devkitARM/bin/../lib/gcc/arm-none-eabi/15.1.0/../../../../arm-none-eabi/lib/armv6k/fpu\libsysbase.a(libsysbase_libsysbase_a-concatenate.o)
                0x0011cfd4                _concatenate_path
 .text._fstat_r
                0x0011d19c       0x9c C:/DevKitPro/devkitARM/bin/../lib/gcc/arm-none-eabi/15.1.0/../../../../arm-none-eabi/lib/armv6k/fpu\libsysbase.a(libsysbase_libsysbase_a-fstat.o)
                0x0011d19c                _fstat_r
 .text._getpid_r
                0x0011d238       0x14 C:/DevKitPro/devkitARM/bin/../lib/gcc/arm-none-eabi/15.1.0/../../../../arm-none-eabi/lib/armv6k/fpu\libsysbase.a(libsysbase_libsysbase_a-getpid.o)
                0x0011d238                _getpid_r
 .text.__getreent
                0x0011d24c       0x2c C:/DevKitPro/devkitARM/bin/../lib/gcc/arm-none-eabi/15.1.0/../../../../arm-none-eabi/lib/armv6k/fpu\libsysbase.a(libsysbase_libsysbase_a-getreent.o)
                0x0011d24c                __getreent
 .text.__release_handle
                0x0011d278       0xa0 C:/DevKitPro/devkitARM/bin/../lib/gcc/arm-none-eabi/15.1.0/../../../../arm-none-eabi/lib/armv6k/fpu\libsysbase.a(libsysbase_libsysbase_a-handle_manager.o)
                0x0011d278                __release_handle
 .text.__alloc_handle
                0x0011d318       0xb0 C:/DevKitPro/devkitARM/bin/../lib/gcc/arm-none-eabi/15.1.0/../../../../arm-none-eabi/lib/armv6k/fpu\libsysbase.a(libsysbase_libsysbase_a-handle_manager.o)
                0x0011d318                __alloc_handle
 .text.__get_handle
                0x0011d3c8       0x58 C:/DevKitPro/devkitARM/bin/../lib/gcc/arm-none-eabi/15.1.0/../../../../arm-none-eabi/lib/armv6k/fpu\libsysbase.a(libsysbase_libsysbase_a-handle_manager.o)
                0x0011d3c8                __get_handle
 .text._close_r
                0x0011d420      0x110 C:/DevKitPro/devkitARM/bin/../lib/gcc/arm-none-eabi/15.1.0/../../../../arm-none-eabi/lib/armv6k/fpu\libsysbase.a(libsysbase_libsysbase_a-handle_manager.o)
                0x0011d420                _close_r
 .text.null_write
                0x0011d530        0x8 C:/DevKitPro/devkitARM/bin/../lib/gcc/arm-none-eabi/15.1.0/../../../../arm-none-eabi/lib/armv6k/fpu\libsysbase.a(libsysbase_libsysbase_a-iosupport.o)
 .text.setDefaultDevice
                0x0011d538       0x18 C:/DevKitPro/devkitARM/bin/../lib/gcc/arm-none-eabi/15.1.0/../../../../arm-none-eabi/lib/armv6k/fpu\libsysbase.a(libsysbase_libsysbase_a-iosupport.o)
                0x0011d538                setDefaultDevice
 .text.FindDevice
                0x0011d550       0xc4 C:/DevKitPro/devkitARM/bin/../lib/gcc/arm-none-eabi/15.1.0/../../../../arm-none-eabi/lib/armv6k/fpu\libsysbase.a(libsysbase_libsysbase_a-iosupport.o)
                0x0011d550                FindDevice
 .text.RemoveDevice
                0x0011d614       0x28 C:/DevKitPro/devkitARM/bin/../lib/gcc/arm-none-eabi/15.1.0/../../../../arm-none-eabi/lib/armv6k/fpu\libsysbase.a(libsysbase_libsysbase_a-iosupport.o)
                0x0011d614                RemoveDevice
 .text.AddDevice
                0x0011d63c       0x98 C:/DevKitPro/devkitARM/bin/../lib/gcc/arm-none-eabi/15.1.0/../../../../arm-none-eabi/lib/armv6k/fpu\libsysbase.a(libsysbase_libsysbase_a-iosupport.o)
                0x0011d63c                AddDevice
 .text.GetDeviceOpTab
                0x0011d6d4       0x20 C:/DevKitPro/devkitARM/bin/../lib/gcc/arm-none-eabi/15.1.0/../../../../arm-none-eabi/lib/armv6k/fpu\libsysbase.a(libsysbase_libsysbase_a-iosupport.o)
                0x0011d6d4                GetDeviceOpTab
 .text._isatty_r
                0x0011d6f4        0x8 C:/DevKitPro/devkitARM/bin/../lib/gcc/arm-none-eabi/15.1.0/../../../../arm-none-eabi/lib/armv6k/fpu\libsysbase.a(libsysbase_libsysbase_a-isatty.o)
                0x0011d6f4                _isatty_r
 .text._kill_r  0x0011d6fc       0x14 C:/DevKitPro/devkitARM/bin/../lib/gcc/arm-none-eabi/15.1.0/../../../../arm-none-eabi/lib/armv6k/fpu\libsysbase.a(libsysbase_libsysbase_a-kill.o)
                0x0011d6fc                _kill_r
 .text._lseek_r
                0x0011d710       0x94 C:/DevKitPro/devkitARM/bin/../lib/gcc/arm-none-eabi/15.1.0/../../../../arm-none-eabi/lib/armv6k/fpu\libsysbase.a(libsysbase_libsysbase_a-lseek.o)
                0x0011d710                _lseek_r
 .text._read_r  0x0011d7a4       0x94 C:/DevKitPro/devkitARM/bin/../lib/gcc/arm-none-eabi/15.1.0/../../../../arm-none-eabi/lib/armv6k/fpu\libsysbase.a(libsysbase_libsysbase_a-read.o)
                0x0011d7a4                _read_r
 .text._sbrk_r  0x0011d838       0x78 C:/DevKitPro/devkitARM/bin/../lib/gcc/arm-none-eabi/15.1.0/../../../../arm-none-eabi/lib/armv6k/fpu\libsysbase.a(libsysbase_libsysbase_a-sbrk.o)
                0x0011d838                _sbrk_r
 .text.__libc_lock_acquire
                0x0011d8b0       0x1c C:/DevKitPro/devkitARM/bin/../lib/gcc/arm-none-eabi/15.1.0/../../../../arm-none-eabi/lib/armv6k/fpu\libsysbase.a(libsysbase_libsysbase_a-syscall_support.o)
                0x0011d8b0                __libc_lock_acquire
 .text.__libc_lock_release
                0x0011d8cc       0x1c C:/DevKitPro/devkitARM/bin/../lib/gcc/arm-none-eabi/15.1.0/../../../../arm-none-eabi/lib/armv6k/fpu\libsysbase.a(libsysbase_libsysbase_a-syscall_support.o)
                0x0011d8cc                __libc_lock_release
 .text.__libc_lock_acquire_recursive
                0x0011d8e8       0x1c C:/DevKitPro/devkitARM/bin/../lib/gcc/arm-none-eabi/15.1.0/../../../../arm-none-eabi/lib/armv6k/fpu\libsysbase.a(libsysbase_libsysbase_a-syscall_support.o)
                0x0011d8e8                __libc_lock_acquire_recursive
 .text.__libc_lock_release_recursive
                0x0011d904       0x1c C:/DevKitPro/devkitARM/bin/../lib/gcc/arm-none-eabi/15.1.0/../../../../arm-none-eabi/lib/armv6k/fpu\libsysbase.a(libsysbase_libsysbase_a-syscall_support.o)
                0x0011d904                __libc_lock_release_recursive
 .text._write_r
                0x0011d920       0x94 C:/DevKitPro/devkitARM/bin/../lib/gcc/arm-none-eabi/15.1.0/../../../../arm-none-eabi/lib/armv6k/fpu\libsysbase.a(libsysbase_libsysbase_a-write.o)
                0x0011d920                _write_r
 .text.strrchr  0x0011d9b4       0x48 C:/DevKitPro/devkitARM/bin/../lib/gcc/arm-none-eabi/15.1.0/../../../../arm-none-eabi/lib/armv6k/fpu\libg.a(libc_a-strrchr.o)
                0x0011d9b4                strrchr
 *(.glue_7)
 .glue_7        0x0011d9fc        0x0 linker stubs
 *(.glue_7t)
 .glue_7t       0x0011d9fc        0x0 linker stubs
 *(.stub)
 *(.gnu.warning)
 *(.gnu.linkonce.t*)
                0x0011d9fc                        . = ALIGN (0x4)
 *(.fini)
 .fini          0x0011d9fc        0xc C:/DevKitPro/devkitARM/bin/../lib/gcc/arm-none-eabi/15.1.0/armv6k/fpu/crti.o
                0x0011d9fc                _fini
 .fini          0x0011da08        0xc C:/DevKitPro/devkitARM/bin/../lib/gcc/arm-none-eabi/15.1.0/armv6k/fpu/crtn.o
                0x0011da14                        . = ALIGN (0x4)

.vfp11_veneer   0x0011da14        0x0
 .vfp11_veneer  0x0011da14        0x0 linker stubs

.v4_bx          0x0011da14        0x0
 .v4_bx         0x0011da14        0x0 linker stubs

.iplt           0x0011da14        0x0
 .iplt          0x0011da14        0x0 C:/DevKitPro/devkitARM/bin/../lib/gcc/arm-none-eabi/15.1.0/../../../../arm-none-eabi/lib/armv6k/fpu/3dsx_crt0.o
                0x0011e000                        . = ALIGN (0x1000)

.rodata         0x0011e000     0x1eb8
 *(.rodata)
 .rodata        0x0011e000        0xc C:/DevKitPro/libctru/lib\libctru.a(archive_dev.o)
 *(.roda)
 *(.rodata.*)
 .rodata.str1.4
                0x0011e00c      0xadb main.o
                                0x1f4 (size before relaxing)
 .rodata.consolePrintChar
                0x0011eae7        0x6 C:/DevKitPro/libctru/lib\libctru.a(console.o)
 *fill*         0x0011eaed        0x1 
 .rodata.con_write
                0x0011eaee      0x164 C:/DevKitPro/libctru/lib\libctru.a(console.o)
 .rodata.str1.4
                0x0011ec52       0x10 C:/DevKitPro/libctru/lib\libctru.a(console.o)
 *fill*         0x0011ec52        0x2 
 .rodata.dotab_stdout
                0x0011ec54       0x80 C:/DevKitPro/libctru/lib\libctru.a(console.o)
 .rodata.grayScale
                0x0011ecd4       0x18 C:/DevKitPro/libctru/lib\libctru.a(console.o)
 .rodata.colorCube
                0x0011ecec        0x6 C:/DevKitPro/libctru/lib\libctru.a(console.o)
 *fill*         0x0011ecf2        0x2 
 .rodata.colorTable
                0x0011ecf4       0x30 C:/DevKitPro/libctru/lib\libctru.a(console.o)
 .rodata.aptEventHandler
                0x0011ed24        0xb C:/DevKitPro/libctru/lib\libctru.a(apt.o)
 .rodata.aptWaitForWakeUp.isra.0
                0x0011ed2f       0x11 C:/DevKitPro/libctru/lib\libctru.a(apt.o)
 .rodata.morton_y.2
                0x0011ed40        0x8 C:/DevKitPro/libctru/lib\libctru.a(apt.o)
 .rodata.morton_x.3
                0x0011ed48        0x8 C:/DevKitPro/libctru/lib\libctru.a(apt.o)
 .rodata.s_sleepWakeEvents.4
                0x0011ed50        0x8 C:/DevKitPro/libctru/lib\libctru.a(apt.o)
 .rodata.str1.4
                0x0011ed58       0x16 C:/DevKitPro/libctru/lib\libctru.a(apt.o)
 .rodata.serviceNameTable.5
                0x0011ed58        0xc C:/DevKitPro/libctru/lib\libctru.a(apt.o)
 .rodata.gspInit.str1.4
                0x0011ed64        0x9 C:/DevKitPro/libctru/lib\libctru.a(gspgpu.o)
 .rodata.hidInit.str1.4
                0x0011ed64       0x15 C:/DevKitPro/libctru/lib\libctru.a(hid.o)
 .rodata.irrstInit.str1.4
                0x0011ed64        0x7 C:/DevKitPro/libctru/lib\libctru.a(irrst.o)
 .rodata.accept.str1.4
                0x0011ed64        0x9 C:/DevKitPro/libctru/lib\libctru.a(soc_accept.o)
 .rodata.bind.str1.4
                0x0011ed64        0x4 C:/DevKitPro/libctru/lib\libctru.a(soc_bind.o)
 .rodata._net_error_code_map
                0x0011ed64       0x4d C:/DevKitPro/libctru/lib\libctru.a(soc_common.o)
 .rodata.connect.str1.4
                0x0011edb1        0x4 C:/DevKitPro/libctru/lib\libctru.a(soc_connect.o)
 .rodata.fcntl.str1.4
                0x0011edb1        0x4 C:/DevKitPro/libctru/lib\libctru.a(soc_fcntl.o)
 .rodata.socInit.str1.4
                0x0011edb1        0xe C:/DevKitPro/libctru/lib\libctru.a(soc_init.o)
 .rodata.str1.4
                0x0011edb1        0x4 C:/DevKitPro/libctru/lib\libctru.a(soc_init.o)
 .rodata.listen.str1.4
                0x0011edb1        0x4 C:/DevKitPro/libctru/lib\libctru.a(soc_listen.o)
 .rodata.sendto.str1.4
                0x0011edb1        0x4 C:/DevKitPro/libctru/lib\libctru.a(soc_sendto.o)
 .rodata.shutdown.str1.4
                0x0011edb1        0x4 C:/DevKitPro/libctru/lib\libctru.a(soc_shutdown.o)
 .rodata.socket.str1.4
                0x0011edb1        0x5 C:/DevKitPro/libctru/lib\libctru.a(soc_socket.o)
 .rodata.__system_initArgv.str1.4
                0x0011edb1        0xa C:/DevKitPro/libctru/lib\libctru.a(initArgv.o)
 *fill*         0x0011edb1        0x3 
 .rodata.default_font_bin
                0x0011edb4      0x800 C:/DevKitPro/libctru/lib\libctru.a(default_font.bin.o)
                0x0011edb4                default_font_bin
                0x0011f5b4                default_font_bin_end
 .rodata.srvInit.str1.4
                0x0011f5b4        0x5 C:/DevKitPro/libctru/lib\libctru.a(srv.o)
 .rodata.ptmSysmInit.str1.4
                0x0011f5b4        0x9 C:/DevKitPro/libctru/lib\libctru.a(ptmsysm.o)
 .rodata.archive_utf16path.str1.4
                0x0011f5b4        0x2 C:/DevKitPro/libctru/lib\libctru.a(archive_dev.o)
 .rodata._archiveUnmountDeviceStruct.part.0.str1.4
                0x0011f5b4        0x2 C:/DevKitPro/libctru/lib\libctru.a(archive_dev.o)
 .rodata._archiveMountDevice.str1.4
                0x0011f5b4        0xc C:/DevKitPro/libctru/lib\libctru.a(archive_dev.o)
 .rodata.archiveMountSdmc.str1.4
                0x0011f5b4        0x5 C:/DevKitPro/libctru/lib\libctru.a(archive_dev.o)
 .rodata.error_table
                0x0011f5b4       0x30 C:/DevKitPro/libctru/lib\libctru.a(archive_dev.o)
 .rodata.str1.4
                0x0011f5e4        0x8 C:/DevKitPro/libctru/lib\libctru.a(archive_dev.o)
 .rodata.archive_devoptab
                0x0011f5e4       0x80 C:/DevKitPro/libctru/lib\libctru.a(archive_dev.o)
 .rodata.fsInit.str1.4
                0x0011f664        0x8 C:/DevKitPro/libctru/lib\libctru.a(fs.o)
 .rodata._strerror_r.str1.4
                0x0011f664      0x701 C:/DevKitPro/devkitARM/bin/../lib/gcc/arm-none-eabi/15.1.0/../../../../arm-none-eabi/lib/armv6k/fpu\libg.a(libc_a-strerror.o)
 .rodata._strerror_r
                0x0011f664       0x8f C:/DevKitPro/devkitARM/bin/../lib/gcc/arm-none-eabi/15.1.0/../../../../arm-none-eabi/lib/armv6k/fpu\libg.a(libc_a-strerror.o)
 .rodata._puts_r.str1.4
                0x0011f6f3        0x2 C:/DevKitPro/devkitARM/bin/../lib/gcc/arm-none-eabi/15.1.0/../../../../arm-none-eabi/lib/armv6k/fpu\libg.a(libc_a-puts.o)
 *fill*         0x0011f6f3        0x1 
 .rodata.get_arg
                0x0011f6f4       0x34 C:/DevKitPro/devkitARM/bin/../lib/gcc/arm-none-eabi/15.1.0/../../../../arm-none-eabi/lib/armv6k/fpu\libg.a(libc_a-svfprintf.o)
 .rodata._svfprintf_r.str1.1
                0x0011f728       0x3b C:/DevKitPro/devkitARM/bin/../lib/gcc/arm-none-eabi/15.1.0/../../../../arm-none-eabi/lib/armv6k/fpu\libg.a(libc_a-svfprintf.o)
 *fill*         0x0011f763        0x1 
 .rodata._svfprintf_r
                0x0011f764       0xb6 C:/DevKitPro/devkitARM/bin/../lib/gcc/arm-none-eabi/15.1.0/../../../../arm-none-eabi/lib/armv6k/fpu\libg.a(libc_a-svfprintf.o)
 *fill*         0x0011f81a        0x2 
 .rodata.zeroes.0
                0x0011f81c       0x10 C:/DevKitPro/devkitARM/bin/../lib/gcc/arm-none-eabi/15.1.0/../../../../arm-none-eabi/lib/armv6k/fpu\libg.a(libc_a-svfprintf.o)
 .rodata.blanks.1
                0x0011f82c       0x10 C:/DevKitPro/devkitARM/bin/../lib/gcc/arm-none-eabi/15.1.0/../../../../arm-none-eabi/lib/armv6k/fpu\libg.a(libc_a-svfprintf.o)
 .rodata._ctype_
                0x0011f83c      0x101 C:/DevKitPro/devkitARM/bin/../lib/gcc/arm-none-eabi/15.1.0/../../../../arm-none-eabi/lib/armv6k/fpu\libg.a(libc_a-ctype_.o)
                0x0011f83c                _ctype_
 *fill*         0x0011f93d        0x3 
 .rodata.__action_table
                0x0011f940       0x6c C:/DevKitPro/devkitARM/bin/../lib/gcc/arm-none-eabi/15.1.0/../../../../arm-none-eabi/lib/armv6k/fpu\libg.a(libc_a-svfiprintf.o)
                0x0011f940                __action_table
 .rodata.__state_table
                0x0011f9ac       0x6c C:/DevKitPro/devkitARM/bin/../lib/gcc/arm-none-eabi/15.1.0/../../../../arm-none-eabi/lib/armv6k/fpu\libg.a(libc_a-svfiprintf.o)
                0x0011f9ac                __state_table
 .rodata.__chclass
                0x0011fa18      0x100 C:/DevKitPro/devkitARM/bin/../lib/gcc/arm-none-eabi/15.1.0/../../../../arm-none-eabi/lib/armv6k/fpu\libg.a(libc_a-svfiprintf.o)
                0x0011fa18                __chclass
 .rodata.str1.4
                0x0011fb18       0x4c C:/DevKitPro/devkitARM/bin/../lib/gcc/arm-none-eabi/15.1.0/../../../../arm-none-eabi/lib/armv6k/fpu\libg.a(libc_a-locale.o)
 .rodata.get_arg
                0x0011fb18       0x34 C:/DevKitPro/devkitARM/bin/../lib/gcc/arm-none-eabi/15.1.0/../../../../arm-none-eabi/lib/armv6k/fpu\libg.a(libc_a-vfprintf.o)
 .rodata._vfprintf_r.str1.1
                0x0011fb4c       0x3b C:/DevKitPro/devkitARM/bin/../lib/gcc/arm-none-eabi/15.1.0/../../../../arm-none-eabi/lib/armv6k/fpu\libg.a(libc_a-vfprintf.o)
 .rodata._vfprintf_r
                0x0011fb4c       0xb6 C:/DevKitPro/devkitARM/bin/../lib/gcc/arm-none-eabi/15.1.0/../../../../arm-none-eabi/lib/armv6k/fpu\libg.a(libc_a-vfprintf.o)
 *fill*         0x0011fc02        0x2 
 .rodata.zeroes.0
                0x0011fc04       0x10 C:/DevKitPro/devkitARM/bin/../lib/gcc/arm-none-eabi/15.1.0/../../../../arm-none-eabi/lib/armv6k/fpu\libg.a(libc_a-vfprintf.o)
 .rodata.blanks.1
                0x0011fc14       0x10 C:/DevKitPro/devkitARM/bin/../lib/gcc/arm-none-eabi/15.1.0/../../../../arm-none-eabi/lib/armv6k/fpu\libg.a(libc_a-vfprintf.o)
 .rodata._dtoa_r.str1.4
                0x0011fc24       0x6a C:/DevKitPro/devkitARM/bin/../lib/gcc/arm-none-eabi/15.1.0/../../../../arm-none-eabi/lib/armv6k/fpu\libg.a(libc_a-dtoa.o)
 .rodata._dtoa_r
                0x0011fc24        0x8 C:/DevKitPro/devkitARM/bin/../lib/gcc/arm-none-eabi/15.1.0/../../../../arm-none-eabi/lib/armv6k/fpu\libg.a(libc_a-dtoa.o)
 .rodata.__assert_func.str1.4
                0x0011fc2c       0x43 C:/DevKitPro/devkitARM/bin/../lib/gcc/arm-none-eabi/15.1.0/../../../../arm-none-eabi/lib/armv6k/fpu\libg.a(libc_a-assert.o)
 .rodata.__multadd.str1.4
                0x0011fc2c       0x57 C:/DevKitPro/devkitARM/bin/../lib/gcc/arm-none-eabi/15.1.0/../../../../arm-none-eabi/lib/armv6k/fpu\libg.a(libc_a-mprec.o)
 .rodata.p05.0  0x0011fc2c        0xc C:/DevKitPro/devkitARM/bin/../lib/gcc/arm-none-eabi/15.1.0/../../../../arm-none-eabi/lib/armv6k/fpu\libg.a(libc_a-mprec.o)
 .rodata.__mprec_bigtens
                0x0011fc38       0x28 C:/DevKitPro/devkitARM/bin/../lib/gcc/arm-none-eabi/15.1.0/../../../../arm-none-eabi/lib/armv6k/fpu\libg.a(libc_a-mprec.o)
                0x0011fc38                __mprec_bigtens
 .rodata.__mprec_tens
                0x0011fc60       0xc8 C:/DevKitPro/devkitARM/bin/../lib/gcc/arm-none-eabi/15.1.0/../../../../arm-none-eabi/lib/armv6k/fpu\libg.a(libc_a-mprec.o)
                0x0011fc60                __mprec_tens
 .rodata.get_arg
                0x0011fd28       0x34 C:/DevKitPro/devkitARM/bin/../lib/gcc/arm-none-eabi/15.1.0/../../../../arm-none-eabi/lib/armv6k/fpu\libg.a(libc_a-vfiprintf.o)
 .rodata._vfiprintf_r.str1.1
                0x0011fd5c       0x29 C:/DevKitPro/devkitARM/bin/../lib/gcc/arm-none-eabi/15.1.0/../../../../arm-none-eabi/lib/armv6k/fpu\libg.a(libc_a-vfiprintf.o)
 .rodata._vfiprintf_r
                0x0011fd5c       0xb6 C:/DevKitPro/devkitARM/bin/../lib/gcc/arm-none-eabi/15.1.0/../../../../arm-none-eabi/lib/armv6k/fpu\libg.a(libc_a-vfiprintf.o)
 *fill*         0x0011fe12        0x2 
 .rodata.zeroes.0
                0x0011fe14       0x10 C:/DevKitPro/devkitARM/bin/../lib/gcc/arm-none-eabi/15.1.0/../../../../arm-none-eabi/lib/armv6k/fpu\libg.a(libc_a-vfiprintf.o)
 .rodata.blanks.1
                0x0011fe24       0x10 C:/DevKitPro/devkitARM/bin/../lib/gcc/arm-none-eabi/15.1.0/../../../../arm-none-eabi/lib/armv6k/fpu\libg.a(libc_a-vfiprintf.o)
 .rodata.AddDevice.str1.4
                0x0011fe34        0x8 C:/DevKitPro/devkitARM/bin/../lib/gcc/arm-none-eabi/15.1.0/../../../../arm-none-eabi/lib/armv6k/fpu\libsysbase.a(libsysbase_libsysbase_a-iosupport.o)
 .rodata.dotab_stdnull
                0x0011fe34       0x80 C:/DevKitPro/devkitARM/bin/../lib/gcc/arm-none-eabi/15.1.0/../../../../arm-none-eabi/lib/armv6k/fpu\libsysbase.a(libsysbase_libsysbase_a-iosupport.o)
                0x0011fe34                dotab_stdnull
 *all.rodata*(*)
 *(.gnu.linkonce.r*)
                0x0011feb4                        . = ALIGN (0x4)
                0x0011feb4                        __tdata_align = .
                0x0011feb4        0x4 LONG 0x4 ALIGNOF (.tdata)
                0x0011feb8                        . = ALIGN (0x4)

.eh_frame       0x0011feb8        0x0
 .eh_frame      0x0011feb8        0x0 C:/DevKitPro/devkitARM/bin/../lib/gcc/arm-none-eabi/15.1.0/armv6k/fpu/crtbegin.o

.rel.dyn        0x0011feb8        0x0
 .rel.iplt      0x0011feb8        0x0 C:/DevKitPro/devkitARM/bin/../lib/gcc/arm-none-eabi/15.1.0/../../../../arm-none-eabi/lib/armv6k/fpu/3dsx_crt0.o
 .rel.got       0x0011feb8        0x0 C:/DevKitPro/devkitARM/bin/../lib/gcc/arm-none-eabi/15.1.0/../../../../arm-none-eabi/lib/armv6k/fpu/3dsx_crt0.o

.ARM.extab
 *(.ARM.extab* .gnu.linkonce.armextab.*)
                0x0011feb8                        __exidx_start = .

.ARM.exidx
 *(.ARM.exidx* .gnu.linkonce.armexidx.*)
                0x0011feb8                        __exidx_end = .
                0x00120000                        . = ALIGN (0x1000)

.data           0x00120000     0x1c7c
 *(.data)
 .data          0x00120000        0xc main.o
                0x00120000                DSServerSocket
                0x00120004                PCClientSocket
                0x00120008                PCServerSocket
 *(.data.*)
 .data.firstConsoleInit.0
                0x0012000c        0x1 C:/DevKitPro/libctru/lib\libctru.a(console.o)
 *fill*         0x0012000d        0x3 
 .data.currentConsole
                0x00120010        0x4 C:/DevKitPro/libctru/lib\libctru.a(console.o)
                0x00120010                currentConsole
 .data.defaultConsole
                0x00120014       0x48 C:/DevKitPro/libctru/lib\libctru.a(console.o)
                0x00120014                defaultConsole
 .data.aptChainloadDeliverArgSize
                0x0012005c        0x4 C:/DevKitPro/libctru/lib\libctru.a(apt.o)
 .data.kCount   0x00120060        0x4 C:/DevKitPro/libctru/lib\libctru.a(hid.o)
 .data.kInterval
                0x00120064        0x4 C:/DevKitPro/libctru/lib\libctru.a(hid.o)
 .data.kDelay   0x00120068        0x4 C:/DevKitPro/libctru/lib\libctru.a(hid.o)
 .data.soc_devoptab
                0x0012006c       0x80 C:/DevKitPro/libctru/lib\libctru.a(soc_init.o)
 .data.__stacksize__
                0x001200ec        0x4 C:/DevKitPro/libctru/lib\libctru.a(stack_adjust.o)
                0x001200ec                __stacksize__
 .data.__sglue  0x001200f0        0xc C:/DevKitPro/devkitARM/bin/../lib/gcc/arm-none-eabi/15.1.0/../../../../arm-none-eabi/lib/armv6k/fpu\libg.a(libc_a-findfp.o)
                0x001200f0                __sglue
 .data.__malloc_sbrk_base
                0x001200fc        0x4 C:/DevKitPro/devkitARM/bin/../lib/gcc/arm-none-eabi/15.1.0/../../../../arm-none-eabi/lib/armv6k/fpu\libg.a(libc_a-mallocr.o)
                0x001200fc                __malloc_sbrk_base
 .data.__malloc_trim_threshold
                0x00120100        0x4 C:/DevKitPro/devkitARM/bin/../lib/gcc/arm-none-eabi/15.1.0/../../../../arm-none-eabi/lib/armv6k/fpu\libg.a(libc_a-mallocr.o)
                0x00120100                __malloc_trim_threshold
 *fill*         0x00120104        0x4 
 .data.__malloc_av_
                0x00120108      0x408 C:/DevKitPro/devkitARM/bin/../lib/gcc/arm-none-eabi/15.1.0/../../../../arm-none-eabi/lib/armv6k/fpu\libg.a(libc_a-mallocr.o)
                0x00120108                __malloc_av_
 .data._impure_ptr
                0x00120510        0x4 C:/DevKitPro/devkitARM/bin/../lib/gcc/arm-none-eabi/15.1.0/../../../../arm-none-eabi/lib/armv6k/fpu\libg.a(libc_a-impure.o)
                0x00120510                _impure_ptr
 *fill*         0x00120514        0x4 
 .data._impure_data
                0x00120518      0x140 C:/DevKitPro/devkitARM/bin/../lib/gcc/arm-none-eabi/15.1.0/../../../../arm-none-eabi/lib/armv6k/fpu\libg.a(libc_a-impure.o)
                0x00120518                _impure_data
 .data.__global_locale
                0x00120658      0x16c C:/DevKitPro/devkitARM/bin/../lib/gcc/arm-none-eabi/15.1.0/../../../../arm-none-eabi/lib/armv6k/fpu\libg.a(libc_a-locale.o)
                0x00120658                __global_locale
 .data._current_working_directory
                0x001207c4      0x400 C:/DevKitPro/devkitARM/bin/../lib/gcc/arm-none-eabi/15.1.0/../../../../arm-none-eabi/lib/armv6k/fpu\libsysbase.a(libsysbase_libsysbase_a-chdir.o)
 *fill*         0x00120bc4        0x4 
 .data.handles  0x00120bc8     0x1000 C:/DevKitPro/devkitARM/bin/../lib/gcc/arm-none-eabi/15.1.0/../../../../arm-none-eabi/lib/armv6k/fpu\libsysbase.a(libsysbase_libsysbase_a-handle_manager.o)
 .data.__stderr_handle
                0x00121bc8        0xc C:/DevKitPro/devkitARM/bin/../lib/gcc/arm-none-eabi/15.1.0/../../../../arm-none-eabi/lib/armv6k/fpu\libsysbase.a(libsysbase_libsysbase_a-handle_manager.o)
 .data.__stdout_handle
                0x00121bd4        0xc C:/DevKitPro/devkitARM/bin/../lib/gcc/arm-none-eabi/15.1.0/../../../../arm-none-eabi/lib/armv6k/fpu\libsysbase.a(libsysbase_libsysbase_a-handle_manager.o)
 .data.__stdin_handle
                0x00121be0        0xc C:/DevKitPro/devkitARM/bin/../lib/gcc/arm-none-eabi/15.1.0/../../../../arm-none-eabi/lib/armv6k/fpu\libsysbase.a(libsysbase_libsysbase_a-handle_manager.o)
 .data.devoptab_list
                0x00121bec       0x8c C:/DevKitPro/devkitARM/bin/../lib/gcc/arm-none-eabi/15.1.0/../../../../arm-none-eabi/lib/armv6k/fpu\libsysbase.a(libsysbase_libsysbase_a-iosupport.o)
                0x00121bec                devoptab_list
 .data.defaultDevice
                0x00121c78        0x4 C:/DevKitPro/devkitARM/bin/../lib/gcc/arm-none-eabi/15.1.0/../../../../arm-none-eabi/lib/armv6k/fpu\libsysbase.a(libsysbase_libsysbase_a-iosupport.o)
 *(.gnu.linkonce.d*)
                0x00121c7c                        . = ALIGN (0x4)

.igot.plt       0x00121c7c        0x0
 .igot.plt      0x00121c7c        0x0 C:/DevKitPro/devkitARM/bin/../lib/gcc/arm-none-eabi/15.1.0/../../../../arm-none-eabi/lib/armv6k/fpu/3dsx_crt0.o

.got            0x00121c7c        0x8
 .got           0x00121c7c        0x8 C:/DevKitPro/devkitARM/bin/../lib/gcc/arm-none-eabi/15.1.0/../../../../arm-none-eabi/lib/armv6k/fpu/3dsx_crt0.o

.got.plt        0x00121c84        0xc
 .got.plt       0x00121c84        0xc C:/DevKitPro/devkitARM/bin/../lib/gcc/arm-none-eabi/15.1.0/../../../../arm-none-eabi/lib/armv6k/fpu/3dsx_crt0.o
                0x00121c84                _GLOBAL_OFFSET_TABLE_

.tdata          0x00121c90        0x0
                0x00121c90                        __tdata_lma = .
 *(.tdata)
 *(.tdata.*)
 *(.gnu.linkonce.td.*)
                0x00121c90                        . = ALIGN (0x4)
                0x00121c90                        __tdata_lma_end = .

.tbss           0x00121c90      0xc08
 *(.tbss)
 *(.tbss.*)
 .tbss.__ctru_dev_utf16_buf
                0x00121c90      0x802 C:/DevKitPro/libctru/lib\libctru.a(path_buf.o)
                0x00121c90                __ctru_dev_utf16_buf
 *fill*         0x00122492        0x2 
 .tbss.__ctru_dev_path_buf
                0x00122494      0x401 C:/DevKitPro/libctru/lib\libctru.a(path_buf.o)
                0x00122494                __ctru_dev_path_buf
 *(.gnu.linkonce.tb.*)
 *(.tcommon)
                0x00122898                        . = ALIGN (0x4)
 *fill*         0x00122895        0x3 

.preinit_array  0x00121c90        0x0
                0x00121c90                        PROVIDE (__preinit_array_start = .)
 *(.preinit_array)
                0x00121c90                        PROVIDE (__preinit_array_end = .)

.init_array     0x00121c90        0x4
                0x00121c90                        PROVIDE (__init_array_start = .)
 *(SORT_BY_NAME(.init_array.*))
 *(.init_array)
 .init_array    0x00121c90        0x4 C:/DevKitPro/devkitARM/bin/../lib/gcc/arm-none-eabi/15.1.0/armv6k/fpu/crtbegin.o
                0x00121c94                        PROVIDE (__init_array_end = .)

.fini_array     0x00121c94        0x4
                0x00121c94                        PROVIDE (__fini_array_start = .)
 *(.fini_array)
 .fini_array    0x00121c94        0x4 C:/DevKitPro/devkitARM/bin/../lib/gcc/arm-none-eabi/15.1.0/armv6k/fpu/crtbegin.o
 *(SORT_BY_NAME(.fini_array.*))
                0x00121c98                        PROVIDE (__fini_array_end = .)

.ctors
 *crtbegin.o(.ctors)
 *(EXCLUDE_FILE(*crtend.o) .ctors)
 *(SORT_BY_NAME(.ctors.*))
 *(.ctors)

.dtors
 *crtbegin.o(.dtors)
 *(EXCLUDE_FILE(*crtend.o) .dtors)
 *(SORT_BY_NAME(.dtors.*))
 *(.dtors)
                0x00121c98                        __bss_start__ = .

.bss            0x00121c98     0x2fe4
 *(.dynbss)
 *(.bss)
 .bss           0x00121c98        0x4 main.o
 *(.bss.*)
 .bss.completed.1
                0x00121c9c        0x1 C:/DevKitPro/devkitARM/bin/../lib/gcc/arm-none-eabi/15.1.0/armv6k/fpu/crtbegin.o
 *fill*         0x00121c9d        0x3 
 .bss.object.0  0x00121ca0       0x18 C:/DevKitPro/devkitARM/bin/../lib/gcc/arm-none-eabi/15.1.0/armv6k/fpu/crtbegin.o
 .bss.escapeSeq
                0x00121cb8       0x64 C:/DevKitPro/libctru/lib\libctru.a(console.o)
 .bss.currentCopy
                0x00121d1c       0x48 C:/DevKitPro/libctru/lib\libctru.a(console.o)
                0x00121d1c                currentCopy
 .bss.screenAlloc
                0x00121d64        0x4 C:/DevKitPro/libctru/lib\libctru.a(gfx.o)
 .bss.screenFree
                0x00121d68        0x4 C:/DevKitPro/libctru/lib\libctru.a(gfx.o)
 .bss.gfxIsDoubleBuf
                0x00121d6c        0x2 C:/DevKitPro/libctru/lib\libctru.a(gfx.o)
 *fill*         0x00121d6e        0x2 
 .bss.gfxCurBuf
                0x00121d70        0x2 C:/DevKitPro/libctru/lib\libctru.a(gfx.o)
 .bss.gfxIsVram
                0x00121d72        0x1 C:/DevKitPro/libctru/lib\libctru.a(gfx.o)
 .bss.gfxTopMode
                0x00121d73        0x1 C:/DevKitPro/libctru/lib\libctru.a(gfx.o)
 .bss.gfxFramebufferFormats
                0x00121d74        0x2 C:/DevKitPro/libctru/lib\libctru.a(gfx.o)
 *fill*         0x00121d76        0x2 
 .bss.gfxBottomFramebufferMaxSize
                0x00121d78        0x4 C:/DevKitPro/libctru/lib\libctru.a(gfx.o)
 .bss.gfxTopFramebufferMaxSize
                0x00121d7c        0x4 C:/DevKitPro/libctru/lib\libctru.a(gfx.o)
 .bss.gfxBottomFramebuffers
                0x00121d80        0x8 C:/DevKitPro/libctru/lib\libctru.a(gfx.o)
 .bss.gfxTopFramebuffers
                0x00121d88        0x8 C:/DevKitPro/libctru/lib\libctru.a(gfx.o)
 .bss.flagValue.0
                0x00121d90        0x1 C:/DevKitPro/libctru/lib\libctru.a(apt.o)
 .bss.flagInit.1
                0x00121d91        0x1 C:/DevKitPro/libctru/lib\libctru.a(apt.o)
 *fill*         0x00121d92        0x2 
 .bss.serviceName.6
                0x00121d94        0x4 C:/DevKitPro/libctru/lib\libctru.a(apt.o)
 .bss.aptChainloadFlags
                0x00121d98        0x1 C:/DevKitPro/libctru/lib\libctru.a(apt.o)
 .bss.aptChainloadMediatype
                0x00121d99        0x1 C:/DevKitPro/libctru/lib\libctru.a(apt.o)
 *fill*         0x00121d9a        0x2 
 .bss.aptChainloadHmac
                0x00121d9c       0x20 C:/DevKitPro/libctru/lib\libctru.a(apt.o)
 .bss.aptChainloadDeliverArg
                0x00121dbc      0x300 C:/DevKitPro/libctru/lib\libctru.a(apt.o)
 *fill*         0x001220bc        0x4 
 .bss.aptChainloadTid
                0x001220c0        0x8 C:/DevKitPro/libctru/lib\libctru.a(apt.o)
 .bss.aptParameters